========================================================================
generador_carga.py — arranque 2026-09-18T02:11:45.884765+00:00
========================================================================
  generador                    = scripts/generador_carga.py
  seed                         = 20260917
  rate_eventos_por_segundo     = 0.2778
  count                        = 500
  mix                          = {'creacion': 0.2, 'modificacion': 0.7, 'borrado': 0.1}
  revert_frac                  = 0.2
  burst_frac                   = 0.2
  burst_size                   = 5
  ephemeral_frac               = 0.2
  critical_subdir              = critico
  critical_frac                = 0.2
  file_size_bytes              = 64
  prefix                       = gen
  dir_host                     = /srv/fim-watch
  agent_prefix                 = /srv/fim-watch
  intervalo_s                  = 3.599712023038157
  duracion_estimada_s          = 1796.2562994960404
  manifiesto                   = /srv/evidencia/bateria3_manifiesto.json
  log                          = /srv/evidencia/bateria3_generador.log
  dry_run                      = False
  python                       = 3.13.15
  host                         = fim-host
  plan.creaciones              = 100
  plan.modificaciones          = 350
  plan.borrados                = 50
  plan.grupos_efimeros         = 10
  plan.pares_revertidos        = 35
  plan.rafagas                 = 14
  plan.tamano_rafaga           = 5
  plan.operaciones_planificadas = 500
  plan.archivos_distintos      = 100
========================================================================
inicio_utc = 2026-09-18T02:11:45.886095+00:00
 [00001/500] create simple     /srv/fim-watch/critico/gen_00001.txt ts=2026-09-18T02:11:45.886235+00:00
 [00002/500] delete simple     /srv/fim-watch/critico/gen_00001.txt ts=2026-09-18T02:11:49.486465+00:00
 [00003/500] create simple     /srv/fim-watch/gen_00002.txt ts=2026-09-18T02:11:53.086217+00:00
 [00004/500] modify simple     /srv/fim-watch/gen_00002.txt ts=2026-09-18T02:11:56.686212+00:00
 [00005/500] modify revertido  /srv/fim-watch/gen_00002.txt ts=2026-09-18T02:12:00.286151+00:00
 [00006/500] modify revertido  /srv/fim-watch/gen_00002.txt ts=2026-09-18T02:12:03.885589+00:00
 [00007/500] modify simple     /srv/fim-watch/gen_00002.txt ts=2026-09-18T02:12:07.485368+00:00
 [00008/500] create simple     /srv/fim-watch/gen_00003.txt ts=2026-09-18T02:12:11.085050+00:00
 [00009/500] modify simple     /srv/fim-watch/gen_00002.txt ts=2026-09-18T02:12:14.684454+00:00
 [00010/500] modify simple     /srv/fim-watch/gen_00003.txt ts=2026-09-18T02:12:18.284607+00:00
 [00011/500] modify simple     /srv/fim-watch/gen_00002.txt ts=2026-09-18T02:12:21.884009+00:00
 [00012/500] modify simple     /srv/fim-watch/gen_00003.txt ts=2026-09-18T02:12:25.483993+00:00
 [00013/500] modify simple     /srv/fim-watch/gen_00003.txt ts=2026-09-18T02:12:29.083395+00:00
 [00014/500] modify colapsado  /srv/fim-watch/gen_00002.txt ts=2026-09-18T02:12:32.683478+00:00
 [00015/500] modify colapsado  /srv/fim-watch/gen_00002.txt ts=2026-09-18T02:12:36.283266+00:00
 [00016/500] modify colapsado  /srv/fim-watch/gen_00002.txt ts=2026-09-18T02:12:39.882647+00:00
 [00017/500] modify colapsado  /srv/fim-watch/gen_00002.txt ts=2026-09-18T02:12:43.481907+00:00
 [00018/500] modify colapsado  /srv/fim-watch/gen_00002.txt ts=2026-09-18T02:12:47.082172+00:00
 [00019/500] modify simple     /srv/fim-watch/gen_00003.txt ts=2026-09-18T02:12:50.681966+00:00
 [00020/500] modify revertido  /srv/fim-watch/gen_00003.txt ts=2026-09-18T02:12:54.281070+00:00
 [00021/500] modify revertido  /srv/fim-watch/gen_00003.txt ts=2026-09-18T02:12:57.881522+00:00
 [00022/500] modify simple     /srv/fim-watch/gen_00002.txt ts=2026-09-18T02:13:01.481265+00:00
 [00023/500] create simple     /srv/fim-watch/gen_00004.txt ts=2026-09-18T02:13:05.080345+00:00
 [00024/500] create simple     /srv/fim-watch/gen_00005.txt ts=2026-09-18T02:13:08.680151+00:00
 [00025/500] modify simple     /srv/fim-watch/gen_00003.txt ts=2026-09-18T02:13:12.280474+00:00
 [00026/500] delete simple     /srv/fim-watch/gen_00002.txt ts=2026-09-18T02:13:15.879774+00:00
 [00027/500] create simple     /srv/fim-watch/gen_00006.txt ts=2026-09-18T02:13:19.479562+00:00
 [00028/500] modify simple     /srv/fim-watch/gen_00003.txt ts=2026-09-18T02:13:23.078819+00:00
 [00029/500] create simple     /srv/fim-watch/gen_00007.txt ts=2026-09-18T02:13:26.679041+00:00
 [00030/500] modify simple     /srv/fim-watch/gen_00003.txt ts=2026-09-18T02:13:30.279130+00:00
 [00031/500] modify simple     /srv/fim-watch/gen_00003.txt ts=2026-09-18T02:13:33.878057+00:00
 [00032/500] delete simple     /srv/fim-watch/gen_00006.txt ts=2026-09-18T02:13:37.478310+00:00
 [00033/500] create simple     /srv/fim-watch/gen_00008.txt ts=2026-09-18T02:13:41.077741+00:00
 [00034/500] create simple     /srv/fim-watch/critico/gen_00009.txt ts=2026-09-18T02:13:44.677392+00:00
 [00035/500] modify simple     /srv/fim-watch/gen_00007.txt ts=2026-09-18T02:13:48.277062+00:00
 [00036/500] modify simple     /srv/fim-watch/critico/gen_00009.txt ts=2026-09-18T02:13:51.877375+00:00
 [00037/500] modify simple     /srv/fim-watch/gen_00003.txt ts=2026-09-18T02:13:55.476515+00:00
 [00038/500] modify simple     /srv/fim-watch/gen_00007.txt ts=2026-09-18T02:13:59.076170+00:00
 [00039/500] modify revertido  /srv/fim-watch/gen_00007.txt ts=2026-09-18T02:14:02.675978+00:00
 [00040/500] modify revertido  /srv/fim-watch/gen_00007.txt ts=2026-09-18T02:14:06.275608+00:00
 [00041/500] create simple     /srv/fim-watch/critico/gen_00010.txt ts=2026-09-18T02:14:09.875628+00:00
 [00042/500] modify simple     /srv/fim-watch/gen_00004.txt ts=2026-09-18T02:14:13.475670+00:00
 [00043/500] modify simple     /srv/fim-watch/gen_00008.txt ts=2026-09-18T02:14:17.075164+00:00
 [00044/500] modify simple     /srv/fim-watch/critico/gen_00009.txt ts=2026-09-18T02:14:20.675006+00:00
 [00045/500] modify simple     /srv/fim-watch/critico/gen_00009.txt ts=2026-09-18T02:14:24.274507+00:00
 [00046/500] modify simple     /srv/fim-watch/gen_00007.txt ts=2026-09-18T02:14:27.874301+00:00
 [00047/500] modify simple     /srv/fim-watch/critico/gen_00010.txt ts=2026-09-18T02:14:31.473943+00:00
 [00048/500] modify simple     /srv/fim-watch/critico/gen_00009.txt ts=2026-09-18T02:14:35.073419+00:00
 [00049/500] create simple     /srv/fim-watch/critico/gen_00011.txt ts=2026-09-18T02:14:38.673293+00:00
 [00050/500] create simple     /srv/fim-watch/gen_00012.txt ts=2026-09-18T02:14:42.273167+00:00
 [00051/500] modify simple     /srv/fim-watch/gen_00008.txt ts=2026-09-18T02:14:45.872485+00:00
 [00052/500] delete simple     /srv/fim-watch/gen_00004.txt ts=2026-09-18T02:14:49.472368+00:00
 [00053/500] create simple     /srv/fim-watch/gen_00013.txt ts=2026-09-18T02:14:53.072160+00:00
 [00054/500] modify simple     /srv/fim-watch/gen_00005.txt ts=2026-09-18T02:14:56.671437+00:00
 [00055/500] modify simple     /srv/fim-watch/gen_00003.txt ts=2026-09-18T02:15:00.271270+00:00
 [00056/500] modify simple     /srv/fim-watch/gen_00012.txt ts=2026-09-18T02:15:03.871398+00:00
 [00057/500] modify colapsado  /srv/fim-watch/gen_00012.txt ts=2026-09-18T02:15:07.470661+00:00
 [00058/500] modify colapsado  /srv/fim-watch/gen_00012.txt ts=2026-09-18T02:15:11.070710+00:00
 [00059/500] modify colapsado  /srv/fim-watch/gen_00012.txt ts=2026-09-18T02:15:14.670734+00:00
 [00060/500] modify colapsado  /srv/fim-watch/gen_00012.txt ts=2026-09-18T02:15:18.269900+00:00
 [00061/500] modify colapsado  /srv/fim-watch/gen_00012.txt ts=2026-09-18T02:15:21.870001+00:00
 [00062/500] create simple     /srv/fim-watch/gen_00014.txt ts=2026-09-18T02:15:25.469573+00:00
 [00063/500] modify revertido  /srv/fim-watch/critico/gen_00011.txt ts=2026-09-18T02:15:29.069151+00:00
 [00064/500] modify revertido  /srv/fim-watch/critico/gen_00011.txt ts=2026-09-18T02:15:32.669089+00:00
 [00065/500] modify simple     /srv/fim-watch/gen_00014.txt ts=2026-09-18T02:15:36.268602+00:00
 [00066/500] create simple     /srv/fim-watch/gen_00015.txt ts=2026-09-18T02:15:39.868222+00:00
 [00067/500] modify simple     /srv/fim-watch/gen_00015.txt ts=2026-09-18T02:15:43.468280+00:00
 [00068/500] modify simple     /srv/fim-watch/critico/gen_00009.txt ts=2026-09-18T02:15:47.068080+00:00
 [00069/500] modify simple     /srv/fim-watch/gen_00005.txt ts=2026-09-18T02:15:50.667758+00:00
 [00070/500] modify revertido  /srv/fim-watch/gen_00014.txt ts=2026-09-18T02:15:54.267298+00:00
 [00071/500] modify revertido  /srv/fim-watch/gen_00014.txt ts=2026-09-18T02:15:57.866966+00:00
 [00072/500] modify revertido  /srv/fim-watch/gen_00005.txt ts=2026-09-18T02:16:01.466353+00:00
 [00073/500] modify revertido  /srv/fim-watch/gen_00005.txt ts=2026-09-18T02:16:05.065833+00:00
 [00074/500] create simple     /srv/fim-watch/gen_00016.txt ts=2026-09-18T02:16:08.665694+00:00
 [00075/500] modify colapsado  /srv/fim-watch/critico/gen_00011.txt ts=2026-09-18T02:16:12.265506+00:00
 [00076/500] modify colapsado  /srv/fim-watch/critico/gen_00011.txt ts=2026-09-18T02:16:15.865520+00:00
 [00077/500] modify colapsado  /srv/fim-watch/critico/gen_00011.txt ts=2026-09-18T02:16:19.465183+00:00
 [00078/500] modify colapsado  /srv/fim-watch/critico/gen_00011.txt ts=2026-09-18T02:16:23.065172+00:00
 [00079/500] modify colapsado  /srv/fim-watch/critico/gen_00011.txt ts=2026-09-18T02:16:26.664757+00:00
 [00080/500] create simple     /srv/fim-watch/gen_00017.txt ts=2026-09-18T02:16:30.264161+00:00
 [00081/500] modify simple     /srv/fim-watch/gen_00003.txt ts=2026-09-18T02:16:33.864014+00:00
 [00082/500] modify simple     /srv/fim-watch/gen_00003.txt ts=2026-09-18T02:16:37.463669+00:00
 [00083/500] modify simple     /srv/fim-watch/critico/gen_00010.txt ts=2026-09-18T02:16:41.063234+00:00
 [00084/500] delete simple     /srv/fim-watch/gen_00008.txt ts=2026-09-18T02:16:44.662754+00:00
 [00085/500] modify simple     /srv/fim-watch/critico/gen_00010.txt ts=2026-09-18T02:16:48.263043+00:00
 [00086/500] modify simple     /srv/fim-watch/gen_00013.txt ts=2026-09-18T02:16:51.862750+00:00
 [00087/500] delete simple     /srv/fim-watch/gen_00012.txt ts=2026-09-18T02:16:55.461948+00:00
 [00088/500] delete simple     /srv/fim-watch/gen_00016.txt ts=2026-09-18T02:16:59.061660+00:00
 [00089/500] modify simple     /srv/fim-watch/gen_00015.txt ts=2026-09-18T02:17:02.661659+00:00
 [00090/500] create efimero    /srv/fim-watch/critico/gen_00018.txt ts=2026-09-18T02:17:06.261132+00:00
 [00091/500] delete efimero    /srv/fim-watch/critico/gen_00018.txt ts=2026-09-18T02:17:09.860753+00:00
 [00092/500] modify simple     /srv/fim-watch/critico/gen_00010.txt ts=2026-09-18T02:17:13.460613+00:00
 [00093/500] delete simple     /srv/fim-watch/gen_00003.txt ts=2026-09-18T02:17:17.060284+00:00
 [00094/500] create simple     /srv/fim-watch/gen_00019.txt ts=2026-09-18T02:17:20.660335+00:00
 [00095/500] modify simple     /srv/fim-watch/critico/gen_00011.txt ts=2026-09-18T02:17:24.259737+00:00
 [00096/500] create simple     /srv/fim-watch/gen_00020.txt ts=2026-09-18T02:17:27.859779+00:00
 [00097/500] modify simple     /srv/fim-watch/gen_00017.txt ts=2026-09-18T02:17:31.459421+00:00
 [00098/500] modify simple     /srv/fim-watch/gen_00015.txt ts=2026-09-18T02:17:35.059334+00:00
 [00099/500] create simple     /srv/fim-watch/critico/gen_00021.txt ts=2026-09-18T02:17:38.658849+00:00
 [00100/500] create simple     /srv/fim-watch/critico/gen_00022.txt ts=2026-09-18T02:17:42.258442+00:00
 [00101/500] modify simple     /srv/fim-watch/critico/gen_00011.txt ts=2026-09-18T02:17:45.858628+00:00
 [00102/500] modify simple     /srv/fim-watch/gen_00005.txt ts=2026-09-18T02:17:49.458084+00:00
 [00103/500] create simple     /srv/fim-watch/gen_00023.txt ts=2026-09-18T02:17:53.057351+00:00
 [00104/500] modify simple     /srv/fim-watch/gen_00014.txt ts=2026-09-18T02:17:56.657458+00:00
 [00105/500] delete simple     /srv/fim-watch/gen_00015.txt ts=2026-09-18T02:18:00.257011+00:00
 [00106/500] modify simple     /srv/fim-watch/gen_00019.txt ts=2026-09-18T02:18:03.857069+00:00
 [00107/500] modify simple     /srv/fim-watch/gen_00007.txt ts=2026-09-18T02:18:07.456759+00:00
 [00108/500] modify colapsado  /srv/fim-watch/gen_00023.txt ts=2026-09-18T02:18:11.056272+00:00
 [00109/500] modify colapsado  /srv/fim-watch/gen_00023.txt ts=2026-09-18T02:18:14.655763+00:00
 [00110/500] modify colapsado  /srv/fim-watch/gen_00023.txt ts=2026-09-18T02:18:18.255780+00:00
 [00111/500] modify colapsado  /srv/fim-watch/gen_00023.txt ts=2026-09-18T02:18:21.855138+00:00
 [00112/500] modify colapsado  /srv/fim-watch/gen_00023.txt ts=2026-09-18T02:18:25.455221+00:00
 [00113/500] modify simple     /srv/fim-watch/gen_00013.txt ts=2026-09-18T02:18:29.054566+00:00
 [00114/500] modify simple     /srv/fim-watch/gen_00005.txt ts=2026-09-18T02:18:32.654346+00:00
 [00115/500] modify simple     /srv/fim-watch/critico/gen_00022.txt ts=2026-09-18T02:18:36.254238+00:00
 [00116/500] modify simple     /srv/fim-watch/gen_00023.txt ts=2026-09-18T02:18:39.853902+00:00
 [00117/500] create simple     /srv/fim-watch/critico/gen_00024.txt ts=2026-09-18T02:18:43.453525+00:00
 [00118/500] modify simple     /srv/fim-watch/critico/gen_00024.txt ts=2026-09-18T02:18:47.053355+00:00
 [00119/500] delete simple     /srv/fim-watch/critico/gen_00010.txt ts=2026-09-18T02:18:50.652906+00:00
 [00120/500] create simple     /srv/fim-watch/gen_00025.txt ts=2026-09-18T02:18:54.252646+00:00
 [00121/500] modify simple     /srv/fim-watch/critico/gen_00021.txt ts=2026-09-18T02:18:57.852429+00:00
 [00122/500] delete simple     /srv/fim-watch/critico/gen_00021.txt ts=2026-09-18T02:19:01.452200+00:00
 [00123/500] modify simple     /srv/fim-watch/gen_00017.txt ts=2026-09-18T02:19:05.052424+00:00
 [00124/500] modify revertido  /srv/fim-watch/gen_00017.txt ts=2026-09-18T02:19:08.651419+00:00
 [00125/500] modify revertido  /srv/fim-watch/gen_00017.txt ts=2026-09-18T02:19:12.251132+00:00
 [00126/500] modify simple     /srv/fim-watch/critico/gen_00024.txt ts=2026-09-18T02:19:15.850807+00:00
 [00127/500] delete simple     /srv/fim-watch/gen_00007.txt ts=2026-09-18T02:19:19.450809+00:00
 [00128/500] modify simple     /srv/fim-watch/gen_00017.txt ts=2026-09-18T02:19:23.050363+00:00
 [00129/500] modify simple     /srv/fim-watch/gen_00014.txt ts=2026-09-18T02:19:26.650001+00:00
 [00130/500] create simple     /srv/fim-watch/gen_00026.txt ts=2026-09-18T02:19:30.249537+00:00
 [00131/500] delete simple     /srv/fim-watch/gen_00005.txt ts=2026-09-18T02:19:33.849532+00:00
 [00132/500] modify simple     /srv/fim-watch/gen_00023.txt ts=2026-09-18T02:19:37.449117+00:00
 [00133/500] delete simple     /srv/fim-watch/critico/gen_00022.txt ts=2026-09-18T02:19:41.048820+00:00
 [00134/500] modify simple     /srv/fim-watch/gen_00026.txt ts=2026-09-18T02:19:44.648770+00:00
 [00135/500] modify simple     /srv/fim-watch/critico/gen_00009.txt ts=2026-09-18T02:19:48.248298+00:00
 [00136/500] modify simple     /srv/fim-watch/gen_00020.txt ts=2026-09-18T02:19:51.848459+00:00
 [00137/500] modify simple     /srv/fim-watch/gen_00025.txt ts=2026-09-18T02:19:55.447665+00:00
 [00138/500] modify revertido  /srv/fim-watch/gen_00019.txt ts=2026-09-18T02:19:59.047797+00:00
 [00139/500] modify revertido  /srv/fim-watch/gen_00019.txt ts=2026-09-18T02:20:02.647418+00:00
 [00140/500] modify simple     /srv/fim-watch/gen_00014.txt ts=2026-09-18T02:20:06.246987+00:00
 [00141/500] modify revertido  /srv/fim-watch/gen_00014.txt ts=2026-09-18T02:20:09.846967+00:00
 [00142/500] modify revertido  /srv/fim-watch/gen_00014.txt ts=2026-09-18T02:20:13.446617+00:00
 [00143/500] create simple     /srv/fim-watch/critico/gen_00027.txt ts=2026-09-18T02:20:17.046290+00:00
 [00144/500] modify simple     /srv/fim-watch/gen_00025.txt ts=2026-09-18T02:20:20.646047+00:00
 [00145/500] modify simple     /srv/fim-watch/critico/gen_00024.txt ts=2026-09-18T02:20:24.245725+00:00
 [00146/500] modify simple     /srv/fim-watch/critico/gen_00024.txt ts=2026-09-18T02:20:27.845538+00:00
 [00147/500] delete simple     /srv/fim-watch/gen_00019.txt ts=2026-09-18T02:20:31.444792+00:00
 [00148/500] modify simple     /srv/fim-watch/gen_00014.txt ts=2026-09-18T02:20:35.044724+00:00
 [00149/500] create simple     /srv/fim-watch/gen_00028.txt ts=2026-09-18T02:20:38.644322+00:00
 [00150/500] create simple     /srv/fim-watch/critico/gen_00029.txt ts=2026-09-18T02:20:42.244395+00:00
 [00151/500] modify simple     /srv/fim-watch/critico/gen_00011.txt ts=2026-09-18T02:20:45.843819+00:00
 [00152/500] modify simple     /srv/fim-watch/gen_00013.txt ts=2026-09-18T02:20:49.443378+00:00
 [00153/500] modify simple     /srv/fim-watch/critico/gen_00024.txt ts=2026-09-18T02:20:53.043124+00:00
 [00154/500] create simple     /srv/fim-watch/gen_00030.txt ts=2026-09-18T02:20:56.642654+00:00
 [00155/500] modify simple     /srv/fim-watch/gen_00020.txt ts=2026-09-18T02:21:00.242723+00:00
 [00156/500] modify simple     /srv/fim-watch/critico/gen_00029.txt ts=2026-09-18T02:21:03.842145+00:00
 [00157/500] modify simple     /srv/fim-watch/critico/gen_00011.txt ts=2026-09-18T02:21:07.442014+00:00
 [00158/500] create simple     /srv/fim-watch/gen_00031.txt ts=2026-09-18T02:21:11.041505+00:00
 [00159/500] create simple     /srv/fim-watch/gen_00032.txt ts=2026-09-18T02:21:14.641597+00:00
 [00160/500] modify simple     /srv/fim-watch/gen_00026.txt ts=2026-09-18T02:21:18.240806+00:00
 [00161/500] create efimero    /srv/fim-watch/critico/gen_00033.txt ts=2026-09-18T02:21:21.840705+00:00
 [00162/500] delete efimero    /srv/fim-watch/critico/gen_00033.txt ts=2026-09-18T02:21:25.440491+00:00
 [00163/500] create simple     /srv/fim-watch/gen_00034.txt ts=2026-09-18T02:21:29.040436+00:00
 [00164/500] delete simple     /srv/fim-watch/gen_00028.txt ts=2026-09-18T02:21:32.639770+00:00
 [00165/500] create simple     /srv/fim-watch/critico/gen_00035.txt ts=2026-09-18T02:21:36.239620+00:00
 [00166/500] create simple     /srv/fim-watch/gen_00036.txt ts=2026-09-18T02:21:39.839426+00:00
 [00167/500] create simple     /srv/fim-watch/gen_00037.txt ts=2026-09-18T02:21:43.439113+00:00
 [00168/500] modify simple     /srv/fim-watch/gen_00025.txt ts=2026-09-18T02:21:47.038640+00:00
 [00169/500] modify revertido  /srv/fim-watch/critico/gen_00009.txt ts=2026-09-18T02:21:50.638914+00:00
 [00170/500] modify revertido  /srv/fim-watch/critico/gen_00009.txt ts=2026-09-18T02:21:54.238524+00:00
 [00171/500] delete simple     /srv/fim-watch/critico/gen_00035.txt ts=2026-09-18T02:21:57.837911+00:00
 [00172/500] modify simple     /srv/fim-watch/gen_00026.txt ts=2026-09-18T02:22:01.437926+00:00
 [00173/500] modify simple     /srv/fim-watch/gen_00036.txt ts=2026-09-18T02:22:05.037577+00:00
 [00174/500] modify simple     /srv/fim-watch/gen_00017.txt ts=2026-09-18T02:22:08.637013+00:00
 [00175/500] delete simple     /srv/fim-watch/gen_00023.txt ts=2026-09-18T02:22:12.236357+00:00
 [00176/500] modify simple     /srv/fim-watch/gen_00014.txt ts=2026-09-18T02:22:15.836842+00:00
 [00177/500] modify simple     /srv/fim-watch/critico/gen_00029.txt ts=2026-09-18T02:22:19.436341+00:00
 [00178/500] modify simple     /srv/fim-watch/gen_00032.txt ts=2026-09-18T02:22:23.036097+00:00
 [00179/500] modify simple     /srv/fim-watch/gen_00025.txt ts=2026-09-18T02:22:26.635551+00:00
 [00180/500] delete simple     /srv/fim-watch/gen_00017.txt ts=2026-09-18T02:22:30.235490+00:00
 [00181/500] delete simple     /srv/fim-watch/gen_00030.txt ts=2026-09-18T02:22:33.835289+00:00
 [00182/500] modify simple     /srv/fim-watch/gen_00034.txt ts=2026-09-18T02:22:37.435171+00:00
 [00183/500] delete simple     /srv/fim-watch/gen_00037.txt ts=2026-09-18T02:22:41.034620+00:00
 [00184/500] create simple     /srv/fim-watch/gen_00038.txt ts=2026-09-18T02:22:44.634451+00:00
 [00185/500] modify simple     /srv/fim-watch/gen_00025.txt ts=2026-09-18T02:22:48.233794+00:00
 [00186/500] modify simple     /srv/fim-watch/critico/gen_00011.txt ts=2026-09-18T02:22:51.833574+00:00
 [00187/500] modify simple     /srv/fim-watch/gen_00036.txt ts=2026-09-18T02:22:55.433309+00:00
 [00188/500] modify simple     /srv/fim-watch/critico/gen_00027.txt ts=2026-09-18T02:22:59.033323+00:00
 [00189/500] modify simple     /srv/fim-watch/gen_00031.txt ts=2026-09-18T02:23:02.633167+00:00
 [00190/500] modify revertido  /srv/fim-watch/gen_00034.txt ts=2026-09-18T02:23:06.232264+00:00
 [00191/500] modify revertido  /srv/fim-watch/gen_00034.txt ts=2026-09-18T02:23:09.832531+00:00
 [00192/500] create simple     /srv/fim-watch/critico/gen_00039.txt ts=2026-09-18T02:23:13.431922+00:00
 [00193/500] create simple     /srv/fim-watch/gen_00040.txt ts=2026-09-18T02:23:17.031619+00:00
 [00194/500] create simple     /srv/fim-watch/gen_00041.txt ts=2026-09-18T02:23:20.631368+00:00
 [00195/500] delete simple     /srv/fim-watch/critico/gen_00011.txt ts=2026-09-18T02:23:24.231251+00:00
 [00196/500] modify simple     /srv/fim-watch/gen_00034.txt ts=2026-09-18T02:23:27.831067+00:00
 [00197/500] modify simple     /srv/fim-watch/critico/gen_00029.txt ts=2026-09-18T02:23:31.430758+00:00
 [00198/500] create simple     /srv/fim-watch/critico/gen_00042.txt ts=2026-09-18T02:23:35.030058+00:00
 [00199/500] modify revertido  /srv/fim-watch/critico/gen_00027.txt ts=2026-09-18T02:23:38.630028+00:00
 [00200/500] modify revertido  /srv/fim-watch/critico/gen_00027.txt ts=2026-09-18T02:23:42.229435+00:00
 [00201/500] modify simple     /srv/fim-watch/gen_00034.txt ts=2026-09-18T02:23:45.829425+00:00
 [00202/500] delete simple     /srv/fim-watch/gen_00031.txt ts=2026-09-18T02:23:49.428768+00:00
 [00203/500] modify colapsado  /srv/fim-watch/gen_00034.txt ts=2026-09-18T02:23:53.029036+00:00
 [00204/500] modify colapsado  /srv/fim-watch/gen_00034.txt ts=2026-09-18T02:23:56.628711+00:00
 [00205/500] modify colapsado  /srv/fim-watch/gen_00034.txt ts=2026-09-18T02:24:00.228574+00:00
 [00206/500] modify colapsado  /srv/fim-watch/gen_00034.txt ts=2026-09-18T02:24:03.827713+00:00
 [00207/500] modify colapsado  /srv/fim-watch/gen_00034.txt ts=2026-09-18T02:24:07.427499+00:00
 [00208/500] modify simple     /srv/fim-watch/gen_00032.txt ts=2026-09-18T02:24:11.027397+00:00
 [00209/500] delete simple     /srv/fim-watch/gen_00038.txt ts=2026-09-18T02:24:14.626966+00:00
 [00210/500] modify revertido  /srv/fim-watch/gen_00034.txt ts=2026-09-18T02:24:18.226516+00:00
 [00211/500] modify revertido  /srv/fim-watch/gen_00034.txt ts=2026-09-18T02:24:21.826573+00:00
 [00212/500] modify simple     /srv/fim-watch/critico/gen_00027.txt ts=2026-09-18T02:24:25.426593+00:00
 [00213/500] modify colapsado  /srv/fim-watch/critico/gen_00027.txt ts=2026-09-18T02:24:29.025752+00:00
 [00214/500] modify colapsado  /srv/fim-watch/critico/gen_00027.txt ts=2026-09-18T02:24:32.625675+00:00
 [00215/500] modify colapsado  /srv/fim-watch/critico/gen_00027.txt ts=2026-09-18T02:24:36.225586+00:00
 [00216/500] modify colapsado  /srv/fim-watch/critico/gen_00027.txt ts=2026-09-18T02:24:39.825546+00:00
 [00217/500] modify colapsado  /srv/fim-watch/critico/gen_00027.txt ts=2026-09-18T02:24:43.425070+00:00
 [00218/500] modify simple     /srv/fim-watch/gen_00014.txt ts=2026-09-18T02:24:47.024405+00:00
 [00219/500] modify simple     /srv/fim-watch/critico/gen_00029.txt ts=2026-09-18T02:24:50.624532+00:00
 [00220/500] modify simple     /srv/fim-watch/gen_00025.txt ts=2026-09-18T02:24:54.223650+00:00
 [00221/500] modify simple     /srv/fim-watch/critico/gen_00027.txt ts=2026-09-18T02:24:57.823639+00:00
 [00222/500] modify revertido  /srv/fim-watch/critico/gen_00024.txt ts=2026-09-18T02:25:01.423459+00:00
 [00223/500] modify revertido  /srv/fim-watch/critico/gen_00024.txt ts=2026-09-18T02:25:05.022748+00:00
 [00224/500] modify simple     /srv/fim-watch/gen_00034.txt ts=2026-09-18T02:25:08.622635+00:00
 [00225/500] modify simple     /srv/fim-watch/gen_00026.txt ts=2026-09-18T02:25:12.222704+00:00
 [00226/500] modify simple     /srv/fim-watch/gen_00013.txt ts=2026-09-18T02:25:15.822354+00:00
 [00227/500] create simple     /srv/fim-watch/gen_00043.txt ts=2026-09-18T02:25:19.421783+00:00
 [00228/500] modify revertido  /srv/fim-watch/critico/gen_00029.txt ts=2026-09-18T02:25:23.021632+00:00
 [00229/500] modify revertido  /srv/fim-watch/critico/gen_00029.txt ts=2026-09-18T02:25:26.621169+00:00
 [00230/500] modify simple     /srv/fim-watch/gen_00013.txt ts=2026-09-18T02:25:30.220833+00:00
 [00231/500] modify simple     /srv/fim-watch/gen_00041.txt ts=2026-09-18T02:25:33.820457+00:00
 [00232/500] modify simple     /srv/fim-watch/critico/gen_00009.txt ts=2026-09-18T02:25:37.420368+00:00
 [00233/500] modify simple     /srv/fim-watch/gen_00013.txt ts=2026-09-18T02:25:41.020471+00:00
 [00234/500] modify simple     /srv/fim-watch/critico/gen_00024.txt ts=2026-09-18T02:25:44.619966+00:00
 [00235/500] modify simple     /srv/fim-watch/gen_00020.txt ts=2026-09-18T02:25:48.219331+00:00
 [00236/500] modify simple     /srv/fim-watch/gen_00043.txt ts=2026-09-18T02:25:51.819409+00:00
 [00237/500] modify simple     /srv/fim-watch/gen_00020.txt ts=2026-09-18T02:25:55.418813+00:00
 [00238/500] delete simple     /srv/fim-watch/gen_00043.txt ts=2026-09-18T02:25:59.018474+00:00
 [00239/500] delete simple     /srv/fim-watch/gen_00026.txt ts=2026-09-18T02:26:02.617877+00:00
 [00240/500] modify simple     /srv/fim-watch/critico/gen_00029.txt ts=2026-09-18T02:26:06.218132+00:00
 [00241/500] modify simple     /srv/fim-watch/gen_00032.txt ts=2026-09-18T02:26:09.818130+00:00
 [00242/500] create simple     /srv/fim-watch/gen_00044.txt ts=2026-09-18T02:26:13.417506+00:00
 [00243/500] modify simple     /srv/fim-watch/gen_00040.txt ts=2026-09-18T02:26:17.017626+00:00
 [00244/500] modify simple     /srv/fim-watch/gen_00041.txt ts=2026-09-18T02:26:20.616912+00:00
 [00245/500] modify colapsado  /srv/fim-watch/gen_00013.txt ts=2026-09-18T02:26:24.216542+00:00
 [00246/500] modify colapsado  /srv/fim-watch/gen_00013.txt ts=2026-09-18T02:26:27.816315+00:00
 [00247/500] modify colapsado  /srv/fim-watch/gen_00013.txt ts=2026-09-18T02:26:31.416213+00:00
 [00248/500] modify colapsado  /srv/fim-watch/gen_00013.txt ts=2026-09-18T02:26:35.016154+00:00
 [00249/500] modify colapsado  /srv/fim-watch/gen_00013.txt ts=2026-09-18T02:26:38.615891+00:00
 [00250/500] modify simple     /srv/fim-watch/gen_00013.txt ts=2026-09-18T02:26:42.215328+00:00
 [00251/500] modify colapsado  /srv/fim-watch/gen_00025.txt ts=2026-09-18T02:26:45.815104+00:00
 [00252/500] modify colapsado  /srv/fim-watch/gen_00025.txt ts=2026-09-18T02:26:49.414269+00:00
 [00253/500] modify colapsado  /srv/fim-watch/gen_00025.txt ts=2026-09-18T02:26:53.014477+00:00
 [00254/500] modify colapsado  /srv/fim-watch/gen_00025.txt ts=2026-09-18T02:26:56.614463+00:00
 [00255/500] modify colapsado  /srv/fim-watch/gen_00025.txt ts=2026-09-18T02:27:00.213820+00:00
 [00256/500] modify simple     /srv/fim-watch/gen_00040.txt ts=2026-09-18T02:27:03.813755+00:00
 [00257/500] modify simple     /srv/fim-watch/critico/gen_00027.txt ts=2026-09-18T02:27:07.413623+00:00
 [00258/500] modify simple     /srv/fim-watch/gen_00034.txt ts=2026-09-18T02:27:11.012509+00:00
 [00259/500] modify simple     /srv/fim-watch/gen_00025.txt ts=2026-09-18T02:27:14.612204+00:00
 [00260/500] modify revertido  /srv/fim-watch/gen_00040.txt ts=2026-09-18T02:27:18.212702+00:00
 [00261/500] modify revertido  /srv/fim-watch/gen_00040.txt ts=2026-09-18T02:27:21.812528+00:00
 [00262/500] modify simple     /srv/fim-watch/gen_00044.txt ts=2026-09-18T02:27:25.411825+00:00
 [00263/500] create simple     /srv/fim-watch/gen_00045.txt ts=2026-09-18T02:27:29.011319+00:00
 [00264/500] create simple     /srv/fim-watch/gen_00046.txt ts=2026-09-18T02:27:32.611392+00:00
 [00265/500] create efimero    /srv/fim-watch/critico/gen_00047.txt ts=2026-09-18T02:27:36.210977+00:00
 [00266/500] delete efimero    /srv/fim-watch/critico/gen_00047.txt ts=2026-09-18T02:27:39.810252+00:00
 [00267/500] modify simple     /srv/fim-watch/critico/gen_00024.txt ts=2026-09-18T02:27:43.410775+00:00
 [00268/500] create efimero    /srv/fim-watch/critico/gen_00048.txt ts=2026-09-18T02:27:47.010063+00:00
 [00269/500] delete efimero    /srv/fim-watch/critico/gen_00048.txt ts=2026-09-18T02:27:50.609792+00:00
 [00270/500] modify simple     /srv/fim-watch/critico/gen_00039.txt ts=2026-09-18T02:27:54.209574+00:00
 [00271/500] delete simple     /srv/fim-watch/gen_00032.txt ts=2026-09-18T02:27:57.809035+00:00
 [00272/500] delete simple     /srv/fim-watch/gen_00046.txt ts=2026-09-18T02:28:01.408806+00:00
 [00273/500] modify revertido  /srv/fim-watch/gen_00025.txt ts=2026-09-18T02:28:05.008526+00:00
 [00274/500] modify revertido  /srv/fim-watch/gen_00025.txt ts=2026-09-18T02:28:08.608456+00:00
 [00275/500] create simple     /srv/fim-watch/gen_00049.txt ts=2026-09-18T02:28:12.207746+00:00
 [00276/500] modify simple     /srv/fim-watch/gen_00034.txt ts=2026-09-18T02:28:15.807562+00:00
 [00277/500] modify revertido  /srv/fim-watch/critico/gen_00039.txt ts=2026-09-18T02:28:19.407346+00:00
 [00278/500] modify revertido  /srv/fim-watch/critico/gen_00039.txt ts=2026-09-18T02:28:23.007254+00:00
 [00279/500] delete simple     /srv/fim-watch/gen_00036.txt ts=2026-09-18T02:28:26.607083+00:00
 [00280/500] create efimero    /srv/fim-watch/gen_00050.txt ts=2026-09-18T02:28:30.206496+00:00
 [00281/500] delete efimero    /srv/fim-watch/gen_00050.txt ts=2026-09-18T02:28:33.806282+00:00
 [00282/500] delete simple     /srv/fim-watch/critico/gen_00009.txt ts=2026-09-18T02:28:37.406193+00:00
 [00283/500] create simple     /srv/fim-watch/gen_00051.txt ts=2026-09-18T02:28:41.005770+00:00
 [00284/500] create simple     /srv/fim-watch/gen_00052.txt ts=2026-09-18T02:28:44.605154+00:00
 [00285/500] modify simple     /srv/fim-watch/critico/gen_00027.txt ts=2026-09-18T02:28:48.205494+00:00
 [00286/500] create simple     /srv/fim-watch/gen_00053.txt ts=2026-09-18T02:28:51.805188+00:00
 [00287/500] modify revertido  /srv/fim-watch/gen_00040.txt ts=2026-09-18T02:28:55.404848+00:00
 [00288/500] modify revertido  /srv/fim-watch/gen_00040.txt ts=2026-09-18T02:28:59.004342+00:00
 [00289/500] modify simple     /srv/fim-watch/gen_00014.txt ts=2026-09-18T02:29:02.603895+00:00
 [00290/500] modify simple     /srv/fim-watch/critico/gen_00039.txt ts=2026-09-18T02:29:06.203760+00:00
 [00291/500] create efimero    /srv/fim-watch/gen_00054.txt ts=2026-09-18T02:29:09.803422+00:00
 [00292/500] delete efimero    /srv/fim-watch/gen_00054.txt ts=2026-09-18T02:29:13.403286+00:00
 [00293/500] create simple     /srv/fim-watch/gen_00055.txt ts=2026-09-18T02:29:17.002994+00:00
 [00294/500] create simple     /srv/fim-watch/gen_00056.txt ts=2026-09-18T02:29:20.602736+00:00
 [00295/500] modify simple     /srv/fim-watch/gen_00045.txt ts=2026-09-18T02:29:24.202340+00:00
 [00296/500] modify simple     /srv/fim-watch/gen_00041.txt ts=2026-09-18T02:29:27.802080+00:00
 [00297/500] modify simple     /srv/fim-watch/gen_00053.txt ts=2026-09-18T02:29:31.402036+00:00
 [00298/500] modify simple     /srv/fim-watch/gen_00049.txt ts=2026-09-18T02:29:35.001095+00:00
 [00299/500] modify simple     /srv/fim-watch/gen_00051.txt ts=2026-09-18T02:29:38.600886+00:00
 [00300/500] create efimero    /srv/fim-watch/critico/gen_00057.txt ts=2026-09-18T02:29:42.201098+00:00
 [00301/500] delete efimero    /srv/fim-watch/critico/gen_00057.txt ts=2026-09-18T02:29:45.800243+00:00
 [00302/500] modify revertido  /srv/fim-watch/gen_00053.txt ts=2026-09-18T02:29:49.400157+00:00
 [00303/500] modify revertido  /srv/fim-watch/gen_00053.txt ts=2026-09-18T02:29:52.999692+00:00
 [00304/500] modify simple     /srv/fim-watch/gen_00044.txt ts=2026-09-18T02:29:56.599904+00:00
 [00305/500] create simple     /srv/fim-watch/critico/gen_00058.txt ts=2026-09-18T02:30:00.199797+00:00
 [00306/500] modify simple     /srv/fim-watch/gen_00056.txt ts=2026-09-18T02:30:03.799428+00:00
 [00307/500] modify simple     /srv/fim-watch/critico/gen_00039.txt ts=2026-09-18T02:30:07.399013+00:00
 [00308/500] modify simple     /srv/fim-watch/gen_00041.txt ts=2026-09-18T02:30:10.998565+00:00
 [00309/500] modify colapsado  /srv/fim-watch/gen_00013.txt ts=2026-09-18T02:30:14.598486+00:00
 [00310/500] modify colapsado  /srv/fim-watch/gen_00013.txt ts=2026-09-18T02:30:18.198296+00:00
 [00311/500] modify colapsado  /srv/fim-watch/gen_00013.txt ts=2026-09-18T02:30:21.798173+00:00
 [00312/500] modify colapsado  /srv/fim-watch/gen_00013.txt ts=2026-09-18T02:30:25.397505+00:00
 [00313/500] modify colapsado  /srv/fim-watch/gen_00013.txt ts=2026-09-18T02:30:28.997008+00:00
 [00314/500] modify simple     /srv/fim-watch/gen_00013.txt ts=2026-09-18T02:30:32.596637+00:00
 [00315/500] modify simple     /srv/fim-watch/gen_00020.txt ts=2026-09-18T02:30:36.196544+00:00
 [00316/500] modify simple     /srv/fim-watch/critico/gen_00058.txt ts=2026-09-18T02:30:39.796337+00:00
 [00317/500] create simple     /srv/fim-watch/gen_00059.txt ts=2026-09-18T02:30:43.395998+00:00
 [00318/500] create simple     /srv/fim-watch/gen_00060.txt ts=2026-09-18T02:30:46.995524+00:00
 [00319/500] modify simple     /srv/fim-watch/critico/gen_00029.txt ts=2026-09-18T02:30:50.595403+00:00
 [00320/500] create simple     /srv/fim-watch/gen_00061.txt ts=2026-09-18T02:30:54.195083+00:00
 [00321/500] modify simple     /srv/fim-watch/critico/gen_00029.txt ts=2026-09-18T02:30:57.795026+00:00
 [00322/500] create simple     /srv/fim-watch/gen_00062.txt ts=2026-09-18T02:31:01.394152+00:00
 [00323/500] create simple     /srv/fim-watch/gen_00063.txt ts=2026-09-18T02:31:04.994161+00:00
 [00324/500] modify simple     /srv/fim-watch/gen_00062.txt ts=2026-09-18T02:31:08.594043+00:00
 [00325/500] create simple     /srv/fim-watch/gen_00064.txt ts=2026-09-18T02:31:12.193540+00:00
 [00326/500] modify simple     /srv/fim-watch/gen_00014.txt ts=2026-09-18T02:31:15.793565+00:00
 [00327/500] modify simple     /srv/fim-watch/gen_00052.txt ts=2026-09-18T02:31:19.393270+00:00
 [00328/500] modify simple     /srv/fim-watch/critico/gen_00027.txt ts=2026-09-18T02:31:22.992660+00:00
 [00329/500] modify revertido  /srv/fim-watch/gen_00064.txt ts=2026-09-18T02:31:26.592457+00:00
 [00330/500] modify revertido  /srv/fim-watch/gen_00064.txt ts=2026-09-18T02:31:30.192513+00:00
 [00331/500] modify revertido  /srv/fim-watch/gen_00025.txt ts=2026-09-18T02:31:33.792209+00:00
 [00332/500] modify revertido  /srv/fim-watch/gen_00025.txt ts=2026-09-18T02:31:37.391678+00:00
 [00333/500] modify simple     /srv/fim-watch/gen_00051.txt ts=2026-09-18T02:31:40.991441+00:00
 [00334/500] create simple     /srv/fim-watch/gen_00065.txt ts=2026-09-18T02:31:44.591311+00:00
 [00335/500] modify simple     /srv/fim-watch/critico/gen_00027.txt ts=2026-09-18T02:31:48.190839+00:00
 [00336/500] modify simple     /srv/fim-watch/gen_00045.txt ts=2026-09-18T02:31:51.790956+00:00
 [00337/500] modify simple     /srv/fim-watch/gen_00020.txt ts=2026-09-18T02:31:55.390603+00:00
 [00338/500] create simple     /srv/fim-watch/gen_00066.txt ts=2026-09-18T02:31:58.989971+00:00
 [00339/500] modify simple     /srv/fim-watch/gen_00049.txt ts=2026-09-18T02:32:02.589695+00:00
 [00340/500] modify simple     /srv/fim-watch/gen_00060.txt ts=2026-09-18T02:32:06.189444+00:00
 [00341/500] create simple     /srv/fim-watch/gen_00067.txt ts=2026-09-18T02:32:09.788658+00:00
 [00342/500] create simple     /srv/fim-watch/gen_00068.txt ts=2026-09-18T02:32:13.392185+00:00
 [00343/500] modify simple     /srv/fim-watch/gen_00053.txt ts=2026-09-18T02:32:16.988627+00:00
 [00344/500] create simple     /srv/fim-watch/gen_00069.txt ts=2026-09-18T02:32:20.588164+00:00
 [00345/500] modify revertido  /srv/fim-watch/gen_00056.txt ts=2026-09-18T02:32:24.187972+00:00
 [00346/500] modify revertido  /srv/fim-watch/gen_00056.txt ts=2026-09-18T02:32:27.787393+00:00
 [00347/500] modify simple     /srv/fim-watch/critico/gen_00058.txt ts=2026-09-18T02:32:31.387462+00:00
 [00348/500] modify simple     /srv/fim-watch/gen_00063.txt ts=2026-09-18T02:32:34.987181+00:00
 [00349/500] modify revertido  /srv/fim-watch/critico/gen_00042.txt ts=2026-09-18T02:32:38.587147+00:00
 [00350/500] modify revertido  /srv/fim-watch/critico/gen_00042.txt ts=2026-09-18T02:32:42.186418+00:00
 [00351/500] modify simple     /srv/fim-watch/gen_00067.txt ts=2026-09-18T02:32:45.786551+00:00
 [00352/500] create simple     /srv/fim-watch/gen_00070.txt ts=2026-09-18T02:32:49.386036+00:00
 [00353/500] modify simple     /srv/fim-watch/gen_00068.txt ts=2026-09-18T02:32:52.985426+00:00
 [00354/500] create simple     /srv/fim-watch/gen_00071.txt ts=2026-09-18T02:32:56.585463+00:00
 [00355/500] delete simple     /srv/fim-watch/critico/gen_00042.txt ts=2026-09-18T02:33:00.185077+00:00
 [00356/500] create efimero    /srv/fim-watch/gen_00072.txt ts=2026-09-18T02:33:03.784442+00:00
 [00357/500] delete efimero    /srv/fim-watch/gen_00072.txt ts=2026-09-18T02:33:07.384439+00:00
 [00358/500] modify revertido  /srv/fim-watch/gen_00068.txt ts=2026-09-18T02:33:10.984300+00:00
 [00359/500] modify revertido  /srv/fim-watch/gen_00068.txt ts=2026-09-18T02:33:14.584164+00:00
 [00360/500] delete simple     /srv/fim-watch/gen_00070.txt ts=2026-09-18T02:33:18.183244+00:00
 [00361/500] delete simple     /srv/fim-watch/gen_00044.txt ts=2026-09-18T02:33:21.783222+00:00
 [00362/500] modify simple     /srv/fim-watch/gen_00034.txt ts=2026-09-18T02:33:25.383092+00:00
 [00363/500] modify simple     /srv/fim-watch/gen_00059.txt ts=2026-09-18T02:33:28.982780+00:00
 [00364/500] create simple     /srv/fim-watch/gen_00073.txt ts=2026-09-18T02:33:32.582374+00:00
 [00365/500] modify simple     /srv/fim-watch/gen_00063.txt ts=2026-09-18T02:33:36.182491+00:00
 [00366/500] create simple     /srv/fim-watch/gen_00074.txt ts=2026-09-18T02:33:39.781772+00:00
 [00367/500] modify simple     /srv/fim-watch/gen_00067.txt ts=2026-09-18T02:33:43.381383+00:00
 [00368/500] modify simple     /srv/fim-watch/critico/gen_00058.txt ts=2026-09-18T02:33:46.981245+00:00
 [00369/500] create simple     /srv/fim-watch/gen_00075.txt ts=2026-09-18T02:33:50.580994+00:00
 [00370/500] create simple     /srv/fim-watch/gen_00076.txt ts=2026-09-18T02:33:54.180407+00:00
 [00371/500] modify simple     /srv/fim-watch/gen_00071.txt ts=2026-09-18T02:33:57.780327+00:00
 [00372/500] create simple     /srv/fim-watch/gen_00077.txt ts=2026-09-18T02:34:01.380008+00:00
 [00373/500] modify simple     /srv/fim-watch/gen_00064.txt ts=2026-09-18T02:34:04.980312+00:00
 [00374/500] modify simple     /srv/fim-watch/gen_00062.txt ts=2026-09-18T02:34:08.579610+00:00
 [00375/500] modify simple     /srv/fim-watch/gen_00034.txt ts=2026-09-18T02:34:12.179210+00:00
 [00376/500] modify revertido  /srv/fim-watch/critico/gen_00029.txt ts=2026-09-18T02:34:15.778754+00:00
 [00377/500] modify revertido  /srv/fim-watch/critico/gen_00029.txt ts=2026-09-18T02:34:19.378666+00:00
 [00378/500] modify simple     /srv/fim-watch/critico/gen_00039.txt ts=2026-09-18T02:34:22.978322+00:00
 [00379/500] modify simple     /srv/fim-watch/gen_00052.txt ts=2026-09-18T02:34:26.578538+00:00
 [00380/500] modify simple     /srv/fim-watch/gen_00056.txt ts=2026-09-18T02:34:30.177775+00:00
 [00381/500] modify simple     /srv/fim-watch/critico/gen_00039.txt ts=2026-09-18T02:34:33.777551+00:00
 [00382/500] modify simple     /srv/fim-watch/gen_00061.txt ts=2026-09-18T02:34:37.377352+00:00
 [00383/500] modify simple     /srv/fim-watch/gen_00049.txt ts=2026-09-18T02:34:40.976844+00:00
 [00384/500] modify simple     /srv/fim-watch/gen_00067.txt ts=2026-09-18T02:34:44.576754+00:00
 [00385/500] modify simple     /srv/fim-watch/gen_00075.txt ts=2026-09-18T02:34:48.176273+00:00
 [00386/500] modify simple     /srv/fim-watch/gen_00074.txt ts=2026-09-18T02:34:51.775744+00:00
 [00387/500] modify colapsado  /srv/fim-watch/gen_00041.txt ts=2026-09-18T02:34:55.375490+00:00
 [00388/500] modify colapsado  /srv/fim-watch/gen_00041.txt ts=2026-09-18T02:34:58.975452+00:00
 [00389/500] modify colapsado  /srv/fim-watch/gen_00041.txt ts=2026-09-18T02:35:02.575347+00:00
 [00390/500] modify colapsado  /srv/fim-watch/gen_00041.txt ts=2026-09-18T02:35:06.174957+00:00
 [00391/500] modify colapsado  /srv/fim-watch/gen_00041.txt ts=2026-09-18T02:35:09.774543+00:00
 [00392/500] modify simple     /srv/fim-watch/critico/gen_00029.txt ts=2026-09-18T02:35:13.374497+00:00
 [00393/500] create simple     /srv/fim-watch/gen_00078.txt ts=2026-09-18T02:35:16.974096+00:00
 [00394/500] modify revertido  /srv/fim-watch/critico/gen_00058.txt ts=2026-09-18T02:35:20.573820+00:00
 [00395/500] modify revertido  /srv/fim-watch/critico/gen_00058.txt ts=2026-09-18T02:35:24.173530+00:00
 [00396/500] modify simple     /srv/fim-watch/gen_00065.txt ts=2026-09-18T02:35:27.772930+00:00
 [00397/500] modify simple     /srv/fim-watch/gen_00069.txt ts=2026-09-18T02:35:31.373260+00:00
 [00398/500] modify revertido  /srv/fim-watch/critico/gen_00027.txt ts=2026-09-18T02:35:34.972450+00:00
 [00399/500] modify revertido  /srv/fim-watch/critico/gen_00027.txt ts=2026-09-18T02:35:38.572403+00:00
 [00400/500] modify simple     /srv/fim-watch/critico/gen_00039.txt ts=2026-09-18T02:35:42.172378+00:00
 [00401/500] create simple     /srv/fim-watch/gen_00079.txt ts=2026-09-18T02:35:45.771739+00:00
 [00402/500] modify revertido  /srv/fim-watch/gen_00013.txt ts=2026-09-18T02:35:49.371405+00:00
 [00403/500] modify revertido  /srv/fim-watch/gen_00013.txt ts=2026-09-18T02:35:52.970930+00:00
 [00404/500] modify colapsado  /srv/fim-watch/gen_00063.txt ts=2026-09-18T02:35:56.570744+00:00
 [00405/500] modify colapsado  /srv/fim-watch/gen_00063.txt ts=2026-09-18T02:36:00.170783+00:00
 [00406/500] modify colapsado  /srv/fim-watch/gen_00063.txt ts=2026-09-18T02:36:03.770242+00:00
 [00407/500] modify colapsado  /srv/fim-watch/gen_00063.txt ts=2026-09-18T02:36:07.370317+00:00
 [00408/500] modify colapsado  /srv/fim-watch/gen_00063.txt ts=2026-09-18T02:36:10.969803+00:00
 [00409/500] modify simple     /srv/fim-watch/gen_00077.txt ts=2026-09-18T02:36:14.569288+00:00
 [00410/500] delete simple     /srv/fim-watch/gen_00041.txt ts=2026-09-18T02:36:18.169337+00:00
 [00411/500] modify simple     /srv/fim-watch/gen_00067.txt ts=2026-09-18T02:36:21.769107+00:00
 [00412/500] modify simple     /srv/fim-watch/gen_00020.txt ts=2026-09-18T02:36:25.368168+00:00
 [00413/500] create simple     /srv/fim-watch/gen_00080.txt ts=2026-09-18T02:36:28.968267+00:00
 [00414/500] modify simple     /srv/fim-watch/gen_00067.txt ts=2026-09-18T02:36:32.568159+00:00
 [00415/500] modify simple     /srv/fim-watch/gen_00052.txt ts=2026-09-18T02:36:36.168060+00:00
 [00416/500] create simple     /srv/fim-watch/gen_00081.txt ts=2026-09-18T02:36:39.767275+00:00
 [00417/500] modify simple     /srv/fim-watch/gen_00066.txt ts=2026-09-18T02:36:43.367434+00:00
 [00418/500] modify colapsado  /srv/fim-watch/gen_00079.txt ts=2026-09-18T02:36:46.966920+00:00
 [00419/500] modify colapsado  /srv/fim-watch/gen_00079.txt ts=2026-09-18T02:36:50.566895+00:00
 [00420/500] modify colapsado  /srv/fim-watch/gen_00079.txt ts=2026-09-18T02:36:54.166360+00:00
 [00421/500] modify colapsado  /srv/fim-watch/gen_00079.txt ts=2026-09-18T02:36:57.766110+00:00
 [00422/500] modify colapsado  /srv/fim-watch/gen_00079.txt ts=2026-09-18T02:37:01.365824+00:00
 [00423/500] create simple     /srv/fim-watch/gen_00082.txt ts=2026-09-18T02:37:04.965226+00:00
 [00424/500] modify simple     /srv/fim-watch/gen_00034.txt ts=2026-09-18T02:37:08.564974+00:00
 [00425/500] modify revertido  /srv/fim-watch/critico/gen_00029.txt ts=2026-09-18T02:37:12.165056+00:00
 [00426/500] modify revertido  /srv/fim-watch/critico/gen_00029.txt ts=2026-09-18T02:37:15.764559+00:00
 [00427/500] create simple     /srv/fim-watch/gen_00083.txt ts=2026-09-18T02:37:19.363942+00:00
 [00428/500] modify revertido  /srv/fim-watch/gen_00065.txt ts=2026-09-18T02:37:22.964091+00:00
 [00429/500] modify revertido  /srv/fim-watch/gen_00065.txt ts=2026-09-18T02:37:26.563480+00:00
 [00430/500] modify colapsado  /srv/fim-watch/gen_00059.txt ts=2026-09-18T02:37:30.163458+00:00
 [00431/500] modify colapsado  /srv/fim-watch/gen_00059.txt ts=2026-09-18T02:37:33.763391+00:00
 [00432/500] modify colapsado  /srv/fim-watch/gen_00059.txt ts=2026-09-18T02:37:37.362640+00:00
 [00433/500] modify colapsado  /srv/fim-watch/gen_00059.txt ts=2026-09-18T02:37:40.962559+00:00
 [00434/500] modify colapsado  /srv/fim-watch/gen_00059.txt ts=2026-09-18T02:37:44.562138+00:00
 [00435/500] modify revertido  /srv/fim-watch/gen_00066.txt ts=2026-09-18T02:37:48.162061+00:00
 [00436/500] modify revertido  /srv/fim-watch/gen_00066.txt ts=2026-09-18T02:37:51.761459+00:00
 [00437/500] modify simple     /srv/fim-watch/gen_00071.txt ts=2026-09-18T02:37:55.361736+00:00
 [00438/500] modify simple     /srv/fim-watch/gen_00068.txt ts=2026-09-18T02:37:58.961340+00:00
 [00439/500] modify colapsado  /srv/fim-watch/gen_00077.txt ts=2026-09-18T02:38:02.560673+00:00
 [00440/500] modify colapsado  /srv/fim-watch/gen_00077.txt ts=2026-09-18T02:38:06.160548+00:00
 [00441/500] modify colapsado  /srv/fim-watch/gen_00077.txt ts=2026-09-18T02:38:09.760141+00:00
 [00442/500] modify colapsado  /srv/fim-watch/gen_00077.txt ts=2026-09-18T02:38:13.359756+00:00
 [00443/500] modify colapsado  /srv/fim-watch/gen_00077.txt ts=2026-09-18T02:38:16.959394+00:00
 [00444/500] delete simple     /srv/fim-watch/gen_00075.txt ts=2026-09-18T02:38:20.559002+00:00
 [00445/500] modify simple     /srv/fim-watch/gen_00061.txt ts=2026-09-18T02:38:24.159405+00:00
 [00446/500] delete simple     /srv/fim-watch/gen_00064.txt ts=2026-09-18T02:38:27.758529+00:00
 [00447/500] create simple     /srv/fim-watch/critico/gen_00084.txt ts=2026-09-18T02:38:31.358358+00:00
 [00448/500] create simple     /srv/fim-watch/gen_00085.txt ts=2026-09-18T02:38:34.958013+00:00
 [00449/500] modify simple     /srv/fim-watch/gen_00034.txt ts=2026-09-18T02:38:38.558327+00:00
 [00450/500] modify simple     /srv/fim-watch/gen_00045.txt ts=2026-09-18T02:38:42.157367+00:00
 [00451/500] modify simple     /srv/fim-watch/critico/gen_00024.txt ts=2026-09-18T02:38:45.757317+00:00
 [00452/500] create simple     /srv/fim-watch/gen_00086.txt ts=2026-09-18T02:38:49.356925+00:00
 [00453/500] modify simple     /srv/fim-watch/gen_00068.txt ts=2026-09-18T02:38:52.956681+00:00
 [00454/500] modify simple     /srv/fim-watch/gen_00074.txt ts=2026-09-18T02:38:56.556778+00:00
 [00455/500] create simple     /srv/fim-watch/gen_00087.txt ts=2026-09-18T02:39:00.156289+00:00
 [00456/500] create simple     /srv/fim-watch/gen_00088.txt ts=2026-09-18T02:39:03.755821+00:00
 [00457/500] create simple     /srv/fim-watch/gen_00089.txt ts=2026-09-18T02:39:07.356139+00:00
 [00458/500] delete simple     /srv/fim-watch/gen_00089.txt ts=2026-09-18T02:39:10.955398+00:00
 [00459/500] modify simple     /srv/fim-watch/gen_00051.txt ts=2026-09-18T02:39:14.555357+00:00
 [00460/500] create simple     /srv/fim-watch/gen_00090.txt ts=2026-09-18T02:39:18.154735+00:00
 [00461/500] modify simple     /srv/fim-watch/gen_00074.txt ts=2026-09-18T02:39:21.754466+00:00
 [00462/500] modify simple     /srv/fim-watch/gen_00034.txt ts=2026-09-18T02:39:25.353903+00:00
 [00463/500] modify simple     /srv/fim-watch/gen_00013.txt ts=2026-09-18T02:39:28.954235+00:00
 [00464/500] create efimero    /srv/fim-watch/critico/gen_00091.txt ts=2026-09-18T02:39:32.553287+00:00
 [00465/500] delete efimero    /srv/fim-watch/critico/gen_00091.txt ts=2026-09-18T02:39:36.153432+00:00
 [00466/500] modify simple     /srv/fim-watch/gen_00059.txt ts=2026-09-18T02:39:39.753017+00:00
 [00467/500] modify revertido  /srv/fim-watch/gen_00013.txt ts=2026-09-18T02:39:43.352837+00:00
 [00468/500] modify revertido  /srv/fim-watch/gen_00013.txt ts=2026-09-18T02:39:46.952557+00:00
 [00469/500] delete simple     /srv/fim-watch/gen_00085.txt ts=2026-09-18T02:39:50.552399+00:00
 [00470/500] create simple     /srv/fim-watch/gen_00092.txt ts=2026-09-18T02:39:54.151656+00:00
 [00471/500] modify simple     /srv/fim-watch/gen_00069.txt ts=2026-09-18T02:39:57.751733+00:00
 [00472/500] create simple     /srv/fim-watch/gen_00093.txt ts=2026-09-18T02:40:01.351504+00:00
 [00473/500] modify revertido  /srv/fim-watch/gen_00014.txt ts=2026-09-18T02:40:04.951373+00:00
 [00474/500] modify revertido  /srv/fim-watch/gen_00014.txt ts=2026-09-18T02:40:08.551065+00:00
 [00475/500] modify simple     /srv/fim-watch/gen_00014.txt ts=2026-09-18T02:40:12.150517+00:00
 [00476/500] modify simple     /srv/fim-watch/critico/gen_00029.txt ts=2026-09-18T02:40:15.750055+00:00
 [00477/500] modify revertido  /srv/fim-watch/gen_00071.txt ts=2026-09-18T02:40:19.349744+00:00
 [00478/500] modify revertido  /srv/fim-watch/gen_00071.txt ts=2026-09-18T02:40:22.949753+00:00
 [00479/500] modify simple     /srv/fim-watch/gen_00040.txt ts=2026-09-18T02:40:26.549390+00:00
 [00480/500] modify simple     /srv/fim-watch/gen_00071.txt ts=2026-09-18T02:40:30.149285+00:00
 [00481/500] modify simple     /srv/fim-watch/gen_00014.txt ts=2026-09-18T02:40:33.748504+00:00
 [00482/500] create simple     /srv/fim-watch/critico/gen_00094.txt ts=2026-09-18T02:40:37.348344+00:00
 [00483/500] modify simple     /srv/fim-watch/gen_00066.txt ts=2026-09-18T02:40:40.948398+00:00
 [00484/500] create simple     /srv/fim-watch/gen_00095.txt ts=2026-09-18T02:40:44.547597+00:00
 [00485/500] modify simple     /srv/fim-watch/gen_00063.txt ts=2026-09-18T02:40:48.147815+00:00
 [00486/500] modify simple     /srv/fim-watch/gen_00073.txt ts=2026-09-18T02:40:51.747194+00:00
 [00487/500] delete simple     /srv/fim-watch/critico/gen_00094.txt ts=2026-09-18T02:40:55.346672+00:00
 [00488/500] modify simple     /srv/fim-watch/gen_00071.txt ts=2026-09-18T02:40:58.946948+00:00
 [00489/500] modify simple     /srv/fim-watch/gen_00092.txt ts=2026-09-18T02:41:02.546641+00:00
 [00490/500] create simple     /srv/fim-watch/critico/gen_00096.txt ts=2026-09-18T02:41:06.145884+00:00
 [00491/500] create efimero    /srv/fim-watch/gen_00097.txt ts=2026-09-18T02:41:09.745562+00:00
 [00492/500] delete efimero    /srv/fim-watch/gen_00097.txt ts=2026-09-18T02:41:13.345426+00:00
 [00493/500] create simple     /srv/fim-watch/gen_00098.txt ts=2026-09-18T02:41:16.945563+00:00
 [00494/500] modify simple     /srv/fim-watch/critico/gen_00058.txt ts=2026-09-18T02:41:20.545340+00:00
 [00495/500] create simple     /srv/fim-watch/gen_00099.txt ts=2026-09-18T02:41:24.144210+00:00
 [00496/500] delete simple     /srv/fim-watch/gen_00076.txt ts=2026-09-18T02:41:27.744428+00:00
 [00497/500] modify simple     /srv/fim-watch/gen_00078.txt ts=2026-09-18T02:41:31.344285+00:00
 [00498/500] modify simple     /srv/fim-watch/gen_00056.txt ts=2026-09-18T02:41:34.944431+00:00
 [00499/500] create simple     /srv/fim-watch/gen_00100.txt ts=2026-09-18T02:41:38.543723+00:00
 [00500/500] modify simple     /srv/fim-watch/gen_00061.txt ts=2026-09-18T02:41:42.143381+00:00
========================================================================
fin_utc = 2026-09-18T02:41:42.143613+00:00  duracion_s = 1796.258
cambios_registrados = 500  errores = 0
manifiesto = /srv/evidencia/bateria3_manifiesto.json
manifiesto incremental = /srv/evidencia/bateria3_manifiesto.jsonl
========================================================================
