 Volume fiml7us2311522_valkey_data Creating 
 Volume fiml7us2311522_valkey_data Creating 
 Volume fiml7us2311522_backend_certs Creating 
 Volume fiml7us2311522_backend_certs Creating 
 Volume fiml7us2311522_pg_data Creating 
 Network fiml7us2311522_lab_internal Creating 
 Volume fiml7us2311522_pg_data Creating 
 Network fiml7us2311522_lab_internal Creating 
 Volume fiml7us2311522_valkey_data Created 
 Volume fiml7us2311522_valkey_data Created 
 Volume fiml7us2311522_backend_certs Created 
 Volume fiml7us2311522_backend_certs Created 
 Volume fiml7us2311522_pg_data Created 
 Volume fiml7us2311522_pg_data Created 
 Network fiml7us2311522_lab_internal Created 
 Network fiml7us2311522_lab_internal Created 
 Container fiml7us2311522-valkey-1 Creating 
 Container fiml7us2311522-mailpit-1 Creating 
 Container fiml7us2311522-db-1 Creating 
 Container fiml7us2311522-valkey-1 Created 
 Container fiml7us2311522-mailpit-1 Created 
 Container fiml7us2311522-db-1 Created 
 Container fiml7us2311522-backend-1 Creating 
 Container fiml7us2311522-backend-1 Created 
 Container fiml7us2311522-valkey-1 Starting 
 Container fiml7us2311522-mailpit-1 Starting 
 Container fiml7us2311522-db-1 Starting 
 Container fiml7us2311522-mailpit-1 Started 
 Container fiml7us2311522-valkey-1 Started 
 Container fiml7us2311522-db-1 Started 
 Container fiml7us2311522-valkey-1 Waiting 
 Container fiml7us2311522-db-1 Waiting 
 Container fiml7us2311522-valkey-1 Healthy 
 Container fiml7us2311522-db-1 Healthy 
 Container fiml7us2311522-backend-1 Starting 
 Container fiml7us2311522-backend-1 Started 
