 Image fim-l7-us23-backend:local Building 
#1 [internal] load local bake definitions
#1 reading from stdin 617B done
#1 DONE 0.0s

#2 [internal] load build definition from Dockerfile
#2 transferring dockerfile: 3.49kB done
#2 DONE 0.0s

#3 [internal] load metadata for docker.io/library/python:3.13-slim
#3 DONE 0.0s

#4 [internal] load .dockerignore
#4 transferring context: 162B done
#4 DONE 0.0s

#5 [internal] load build context
#5 transferring context: 3.08kB 0.0s done
#5 DONE 0.0s

#6 [builder 1/5] FROM docker.io/library/python:3.13-slim@sha256:9d2e5553305c7c7b0097999bb17187c69b921ccd6bc9d40e4bb5ebe652c00285
#6 resolve docker.io/library/python:3.13-slim@sha256:9d2e5553305c7c7b0097999bb17187c69b921ccd6bc9d40e4bb5ebe652c00285 0.0s done
#6 DONE 0.0s

#7 [runtime 2/6] RUN useradd --create-home --uid 10001 app
#7 CACHED

#8 [builder 4/5] COPY requirements.txt .
#8 CACHED

#9 [builder 5/5] RUN pip install --no-cache-dir --upgrade pip  && pip install --no-cache-dir -r requirements.txt
#9 CACHED

#10 [builder 2/5] RUN python -m venv /opt/venv
#10 CACHED

#11 [runtime 4/6] WORKDIR /app
#11 CACHED

#12 [builder 3/5] WORKDIR /build
#12 CACHED

#13 [runtime 3/6] COPY --from=builder /opt/venv /opt/venv
#13 CACHED

#14 [runtime 5/6] RUN mkdir /certs && chown app:app /certs
#14 CACHED

#15 [runtime 6/6] COPY --chown=app:app app/ /app/app/
#15 CACHED

#16 exporting to image
#16 exporting layers done
#16 exporting manifest sha256:c678d8aabecf4fa99eeed37307239c824013e52d028bd8dca363187a3987c3e6 done
#16 exporting config sha256:2fb00176292e83c81c20d32ae6f37b99616e11e4ac64d02f6a1e6ae07ee7f9a9 done
#16 exporting attestation manifest sha256:f9129d5eaff1d180a1ae73dec61a806925fcd2592a15dc1445ea9134588f1fe6 done
#16 exporting manifest list sha256:ca441501312505f6ded57f8cd7acdd53fa839fb23097fc8b53d58bb865889bd9 done
#16 naming to docker.io/library/fim-l7-us23-backend:local
#16 naming to docker.io/library/fim-l7-us23-backend:local done
#16 unpacking to docker.io/library/fim-l7-us23-backend:local done
#16 DONE 0.1s

#17 resolving provenance for metadata file
#17 DONE 0.0s
 Image fim-l7-us23-backend:local Built 
