 Container fiml7us2311522-backend-1 Stopping 
 Container fiml7us2311522-webhook-receiver-1 Stopping 
 Container fiml7us2311522-mailpit-1 Stopping 
 Container fiml7us2311522-webhook-receiver-1 Stopped 
 Container fiml7us2311522-webhook-receiver-1 Removing 
 Container fiml7us2311522-webhook-receiver-1 Removed 
 Container fiml7us2311522-mailpit-1 Stopped 
 Container fiml7us2311522-mailpit-1 Removing 
 Container fiml7us2311522-mailpit-1 Removed 
 Container fiml7us2311522-backend-1 Stopped 
 Container fiml7us2311522-backend-1 Removing 
 Container fiml7us2311522-backend-1 Removed 
 Container fiml7us2311522-db-1 Stopping 
 Container fiml7us2311522-valkey-1 Stopping 
 Container fiml7us2311522-valkey-1 Stopped 
 Container fiml7us2311522-valkey-1 Removing 
 Container fiml7us2311522-db-1 Stopped 
 Container fiml7us2311522-db-1 Removing 
 Container fiml7us2311522-valkey-1 Removed 
 Container fiml7us2311522-db-1 Removed 
 Volume fiml7us2311522_webhook_receiver_data Removing 
 Volume fiml7us2311522_valkey_data Removing 
 Volume fiml7us2311522_backend_certs Removing 
 Volume fiml7us2311522_pg_data Removing 
 Network fiml7us2311522_lab_internal Removing 
 Volume fiml7us2311522_webhook_receiver_data Removed 
 Volume fiml7us2311522_valkey_data Removed 
 Volume fiml7us2311522_backend_certs Removed 
 Volume fiml7us2311522_pg_data Removed 
 Network fiml7us2311522_lab_internal Removed 
