agent-1  | 2026-09-12T01:04:32.052289Z [info     ] detector.change_detected       event_id=111e490d-1085-43c2-8427-c243826f449f event_type=file_modified path=/watch/latency-ext-038.txt
agent-1  | 2026-09-12T01:04:32.064049Z [info     ] publisher.event_acked          event_id=111e490d-1085-43c2-8427-c243826f449f
agent-1  | 2026-09-12T01:04:32.145577Z [info     ] decision.evaluated             action=alert_only action_failed=False event_id=2f802f3c-ad7a-426a-99c8-e04582cc957f path=/watch/latency-ext-039.txt
agent-1  | 2026-09-12T01:04:32.152354Z [info     ] publisher.event_published      event_id=2f802f3c-ad7a-426a-99c8-e04582cc957f
agent-1  | 2026-09-12T01:04:32.154477Z [info     ] detector.change_detected       event_id=2f802f3c-ad7a-426a-99c8-e04582cc957f event_type=file_modified path=/watch/latency-ext-039.txt
agent-1  | 2026-09-12T01:04:32.166824Z [info     ] publisher.event_acked          event_id=2f802f3c-ad7a-426a-99c8-e04582cc957f
agent-1  | 2026-09-12T01:04:32.249751Z [info     ] decision.evaluated             action=alert_only action_failed=False event_id=7c11f010-ab1f-4e93-a3c2-3297afcdbf52 path=/watch/latency-ext-040.txt
agent-1  | 2026-09-12T01:04:32.256436Z [info     ] publisher.event_published      event_id=7c11f010-ab1f-4e93-a3c2-3297afcdbf52
agent-1  | 2026-09-12T01:04:32.258499Z [info     ] detector.change_detected       event_id=7c11f010-ab1f-4e93-a3c2-3297afcdbf52 event_type=file_modified path=/watch/latency-ext-040.txt
agent-1  | 2026-09-12T01:04:32.267744Z [info     ] publisher.event_acked          event_id=7c11f010-ab1f-4e93-a3c2-3297afcdbf52
agent-1  | 2026-09-12T01:04:32.354301Z [info     ] decision.evaluated             action=alert_only action_failed=False event_id=dd53c453-88f2-486f-9a77-f4fc841f3c91 path=/watch/latency-ext-041.txt
agent-1  | 2026-09-12T01:04:32.360996Z [info     ] publisher.event_published      event_id=dd53c453-88f2-486f-9a77-f4fc841f3c91
agent-1  | 2026-09-12T01:04:32.363126Z [info     ] detector.change_detected       event_id=dd53c453-88f2-486f-9a77-f4fc841f3c91 event_type=file_modified path=/watch/latency-ext-041.txt
agent-1  | 2026-09-12T01:04:32.372919Z [info     ] publisher.event_acked          event_id=dd53c453-88f2-486f-9a77-f4fc841f3c91
agent-1  | 2026-09-12T01:04:32.454004Z [info     ] decision.evaluated             action=alert_only action_failed=False event_id=9f73fb33-8484-4a89-acc6-c7010b55a50d path=/watch/latency-ext-042.txt
agent-1  | 2026-09-12T01:04:32.460442Z [info     ] publisher.event_published      event_id=9f73fb33-8484-4a89-acc6-c7010b55a50d
agent-1  | 2026-09-12T01:04:32.462495Z [info     ] detector.change_detected       event_id=9f73fb33-8484-4a89-acc6-c7010b55a50d event_type=file_modified path=/watch/latency-ext-042.txt
agent-1  | 2026-09-12T01:04:32.472478Z [info     ] publisher.event_acked          event_id=9f73fb33-8484-4a89-acc6-c7010b55a50d
agent-1  | 2026-09-12T01:04:32.485649Z [warning  ] detector.out_of_scope_drop     path=/runc-process2919126513 total_drops=39
agent-1  | 2026-09-12T01:04:32.485897Z [warning  ] detector.out_of_scope_drop     path=/runc-process2919126513 total_drops=40
agent-1  | 2026-09-12T01:04:32.515703Z [warning  ] detector.out_of_scope_drop     path=/runc-process2919126513 total_drops=41
agent-1  | 2026-09-12T01:04:32.552806Z [info     ] decision.evaluated             action=alert_only action_failed=False event_id=3528e0c2-ca36-4519-ab4e-c6d2265add1d path=/watch/latency-ext-043.txt
agent-1  | 2026-09-12T01:04:32.556654Z [info     ] publisher.event_published      event_id=3528e0c2-ca36-4519-ab4e-c6d2265add1d
agent-1  | 2026-09-12T01:04:32.558017Z [info     ] detector.change_detected       event_id=3528e0c2-ca36-4519-ab4e-c6d2265add1d event_type=file_modified path=/watch/latency-ext-043.txt
agent-1  | 2026-09-12T01:04:32.563811Z [info     ] publisher.event_acked          event_id=3528e0c2-ca36-4519-ab4e-c6d2265add1d
agent-1  | 2026-09-12T01:04:32.626909Z [warning  ] detector.out_of_scope_drop     path=/runc-process424328543 total_drops=42
agent-1  | 2026-09-12T01:04:32.627308Z [warning  ] detector.out_of_scope_drop     path=/runc-process424328543 total_drops=43
agent-1  | 2026-09-12T01:04:32.641570Z [info     ] decision.evaluated             action=alert_only action_failed=False event_id=d7ba2b8f-6c91-445d-9f1d-d1539084c1b9 path=/watch/latency-ext-044.txt
agent-1  | 2026-09-12T01:04:32.645489Z [info     ] publisher.event_published      event_id=d7ba2b8f-6c91-445d-9f1d-d1539084c1b9
agent-1  | 2026-09-12T01:04:32.646897Z [info     ] detector.change_detected       event_id=d7ba2b8f-6c91-445d-9f1d-d1539084c1b9 event_type=file_modified path=/watch/latency-ext-044.txt
agent-1  | 2026-09-12T01:04:32.651693Z [info     ] publisher.event_acked          event_id=d7ba2b8f-6c91-445d-9f1d-d1539084c1b9
agent-1  | 2026-09-12T01:04:32.657998Z [warning  ] detector.out_of_scope_drop     path=/runc-process424328543 total_drops=44
agent-1  | 2026-09-12T01:04:32.752627Z [info     ] decision.evaluated             action=alert_only action_failed=False event_id=c552185b-a52f-499a-bc56-4fcc5382b971 path=/watch/latency-ext-045.txt
agent-1  | 2026-09-12T01:04:32.759036Z [info     ] publisher.event_published      event_id=c552185b-a52f-499a-bc56-4fcc5382b971
agent-1  | 2026-09-12T01:04:32.761780Z [info     ] detector.change_detected       event_id=c552185b-a52f-499a-bc56-4fcc5382b971 event_type=file_modified path=/watch/latency-ext-045.txt
agent-1  | 2026-09-12T01:04:32.771723Z [info     ] publisher.event_acked          event_id=c552185b-a52f-499a-bc56-4fcc5382b971
agent-1  | 2026-09-12T01:04:32.852971Z [info     ] decision.evaluated             action=alert_only action_failed=False event_id=e74e39df-75ad-4615-8830-175d3a29c634 path=/watch/latency-ext-046.txt
agent-1  | 2026-09-12T01:04:32.860009Z [info     ] publisher.event_published      event_id=e74e39df-75ad-4615-8830-175d3a29c634
agent-1  | 2026-09-12T01:04:32.862515Z [info     ] detector.change_detected       event_id=e74e39df-75ad-4615-8830-175d3a29c634 event_type=file_modified path=/watch/latency-ext-046.txt
agent-1  | 2026-09-12T01:04:32.872727Z [info     ] publisher.event_acked          event_id=e74e39df-75ad-4615-8830-175d3a29c634
agent-1  | 2026-09-12T01:04:32.955246Z [info     ] decision.evaluated             action=alert_only action_failed=False event_id=26cc745e-7634-4b88-ba4e-60a812ea8037 path=/watch/latency-ext-047.txt
agent-1  | 2026-09-12T01:04:32.962338Z [info     ] publisher.event_published      event_id=26cc745e-7634-4b88-ba4e-60a812ea8037
agent-1  | 2026-09-12T01:04:32.964617Z [info     ] detector.change_detected       event_id=26cc745e-7634-4b88-ba4e-60a812ea8037 event_type=file_modified path=/watch/latency-ext-047.txt
agent-1  | 2026-09-12T01:04:32.975170Z [info     ] publisher.event_acked          event_id=26cc745e-7634-4b88-ba4e-60a812ea8037
agent-1  | 2026-09-12T01:04:33.059266Z [info     ] decision.evaluated             action=alert_only action_failed=False event_id=0d4cd09c-1e2a-4365-98c6-1d77bb478b13 path=/watch/latency-ext-048.txt
agent-1  | 2026-09-12T01:04:33.066668Z [info     ] publisher.event_published      event_id=0d4cd09c-1e2a-4365-98c6-1d77bb478b13
agent-1  | 2026-09-12T01:04:33.068929Z [info     ] detector.change_detected       event_id=0d4cd09c-1e2a-4365-98c6-1d77bb478b13 event_type=file_modified path=/watch/latency-ext-048.txt
agent-1  | 2026-09-12T01:04:33.079088Z [info     ] publisher.event_acked          event_id=0d4cd09c-1e2a-4365-98c6-1d77bb478b13
agent-1  | 2026-09-12T01:04:33.138916Z [info     ] decision.evaluated             action=alert_only action_failed=False event_id=43994bfe-9862-4e1b-8c8c-31b982f8c93e path=/watch/latency-ext-049.txt
agent-1  | 2026-09-12T01:04:33.145748Z [info     ] publisher.event_published      event_id=43994bfe-9862-4e1b-8c8c-31b982f8c93e
agent-1  | 2026-09-12T01:04:33.148094Z [info     ] detector.change_detected       event_id=43994bfe-9862-4e1b-8c8c-31b982f8c93e event_type=file_modified path=/watch/latency-ext-049.txt
agent-1  | 2026-09-12T01:04:33.157988Z [info     ] publisher.event_acked          event_id=43994bfe-9862-4e1b-8c8c-31b982f8c93e
agent-1  | 2026-09-12T01:04:33.238725Z [info     ] decision.evaluated             action=alert_only action_failed=False event_id=c7b61efb-3108-4abc-bf1c-e80e1fbca66a path=/watch/latency-ext-050.txt
agent-1  | 2026-09-12T01:04:33.245511Z [info     ] publisher.event_published      event_id=c7b61efb-3108-4abc-bf1c-e80e1fbca66a
agent-1  | 2026-09-12T01:04:33.247982Z [info     ] detector.change_detected       event_id=c7b61efb-3108-4abc-bf1c-e80e1fbca66a event_type=file_modified path=/watch/latency-ext-050.txt
agent-1  | 2026-09-12T01:04:33.258008Z [info     ] publisher.event_acked          event_id=c7b61efb-3108-4abc-bf1c-e80e1fbca66a
agent-1  | 2026-09-12T01:04:33.342361Z [info     ] decision.evaluated             action=alert_only action_failed=False event_id=8a224fb5-b45b-4676-8f03-5b803efda917 path=/watch/latency-ext-051.txt
agent-1  | 2026-09-12T01:04:33.349193Z [info     ] publisher.event_published      event_id=8a224fb5-b45b-4676-8f03-5b803efda917
agent-1  | 2026-09-12T01:04:33.351749Z [info     ] detector.change_detected       event_id=8a224fb5-b45b-4676-8f03-5b803efda917 event_type=file_modified path=/watch/latency-ext-051.txt
agent-1  | 2026-09-12T01:04:33.362160Z [info     ] publisher.event_acked          event_id=8a224fb5-b45b-4676-8f03-5b803efda917
agent-1  | 2026-09-12T01:04:33.445745Z [info     ] decision.evaluated             action=alert_only action_failed=False event_id=0a4ed03e-a5ed-442a-9f3b-c4cbeb44a15a path=/watch/latency-ext-052.txt
agent-1  | 2026-09-12T01:04:33.452863Z [info     ] publisher.event_published      event_id=0a4ed03e-a5ed-442a-9f3b-c4cbeb44a15a
agent-1  | 2026-09-12T01:04:33.455417Z [info     ] detector.change_detected       event_id=0a4ed03e-a5ed-442a-9f3b-c4cbeb44a15a event_type=file_modified path=/watch/latency-ext-052.txt
agent-1  | 2026-09-12T01:04:33.465976Z [info     ] publisher.event_acked          event_id=0a4ed03e-a5ed-442a-9f3b-c4cbeb44a15a
agent-1  | 2026-09-12T01:04:33.538097Z [warning  ] detector.out_of_scope_drop     path=/runc-process2271753262 total_drops=45
agent-1  | 2026-09-12T01:04:33.538359Z [warning  ] detector.out_of_scope_drop     path=/runc-process2271753262 total_drops=46
agent-1  | 2026-09-12T01:04:33.549348Z [info     ] decision.evaluated             action=alert_only action_failed=False event_id=2115effe-f5ec-475f-ba9a-795b26498f73 path=/watch/latency-ext-053.txt
agent-1  | 2026-09-12T01:04:33.553166Z [info     ] publisher.event_published      event_id=2115effe-f5ec-475f-ba9a-795b26498f73
agent-1  | 2026-09-12T01:04:33.554557Z [info     ] detector.change_detected       event_id=2115effe-f5ec-475f-ba9a-795b26498f73 event_type=file_modified path=/watch/latency-ext-053.txt
agent-1  | 2026-09-12T01:04:33.558823Z [info     ] publisher.event_acked          event_id=2115effe-f5ec-475f-ba9a-795b26498f73
agent-1  | 2026-09-12T01:04:33.567533Z [warning  ] detector.out_of_scope_drop     path=/runc-process2271753262 total_drops=47
agent-1  | 2026-09-12T01:04:33.659718Z [info     ] decision.evaluated             action=alert_only action_failed=False event_id=733040b7-49c4-47a2-b3c1-7184d1d871da path=/watch/latency-ext-054.txt
agent-1  | 2026-09-12T01:04:33.667360Z [info     ] publisher.event_published      event_id=733040b7-49c4-47a2-b3c1-7184d1d871da
agent-1  | 2026-09-12T01:04:33.669644Z [info     ] detector.change_detected       event_id=733040b7-49c4-47a2-b3c1-7184d1d871da event_type=file_modified path=/watch/latency-ext-054.txt
agent-1  | 2026-09-12T01:04:33.679510Z [info     ] publisher.event_acked          event_id=733040b7-49c4-47a2-b3c1-7184d1d871da
agent-1  | 2026-09-12T01:04:33.738912Z [info     ] decision.evaluated             action=alert_only action_failed=False event_id=34bd691f-91a9-4082-9ddb-dd13d06e1b66 path=/watch/latency-ext-055.txt
agent-1  | 2026-09-12T01:04:33.744415Z [info     ] publisher.event_published      event_id=34bd691f-91a9-4082-9ddb-dd13d06e1b66
agent-1  | 2026-09-12T01:04:33.746453Z [info     ] detector.change_detected       event_id=34bd691f-91a9-4082-9ddb-dd13d06e1b66 event_type=file_modified path=/watch/latency-ext-055.txt
agent-1  | 2026-09-12T01:04:33.750947Z [info     ] publisher.event_acked          event_id=34bd691f-91a9-4082-9ddb-dd13d06e1b66
agent-1  | 2026-09-12T01:04:33.854380Z [info     ] decision.evaluated             action=alert_only action_failed=False event_id=03a7eab4-6022-44f6-a596-0192918b0e27 path=/watch/latency-ext-056.txt
agent-1  | 2026-09-12T01:04:33.860842Z [info     ] publisher.event_published      event_id=03a7eab4-6022-44f6-a596-0192918b0e27
agent-1  | 2026-09-12T01:04:33.863356Z [info     ] detector.change_detected       event_id=03a7eab4-6022-44f6-a596-0192918b0e27 event_type=file_modified path=/watch/latency-ext-056.txt
agent-1  | 2026-09-12T01:04:33.872406Z [info     ] publisher.event_acked          event_id=03a7eab4-6022-44f6-a596-0192918b0e27
agent-1  | 2026-09-12T01:04:33.955947Z [info     ] decision.evaluated             action=alert_only action_failed=False event_id=cd41fbd1-534e-431f-990d-dba667034051 path=/watch/latency-ext-057.txt
agent-1  | 2026-09-12T01:04:33.963095Z [info     ] publisher.event_published      event_id=cd41fbd1-534e-431f-990d-dba667034051
agent-1  | 2026-09-12T01:04:33.965448Z [info     ] detector.change_detected       event_id=cd41fbd1-534e-431f-990d-dba667034051 event_type=file_modified path=/watch/latency-ext-057.txt
agent-1  | 2026-09-12T01:04:33.975084Z [info     ] publisher.event_acked          event_id=cd41fbd1-534e-431f-990d-dba667034051
agent-1  | 2026-09-12T01:04:34.056425Z [info     ] decision.evaluated             action=alert_only action_failed=False event_id=52a74ad2-9fb8-4406-affe-3a923b3f9209 path=/watch/latency-ext-058.txt
agent-1  | 2026-09-12T01:04:34.063115Z [info     ] publisher.event_published      event_id=52a74ad2-9fb8-4406-affe-3a923b3f9209
agent-1  | 2026-09-12T01:04:34.065394Z [info     ] detector.change_detected       event_id=52a74ad2-9fb8-4406-affe-3a923b3f9209 event_type=file_modified path=/watch/latency-ext-058.txt
agent-1  | 2026-09-12T01:04:34.074462Z [info     ] publisher.event_acked          event_id=52a74ad2-9fb8-4406-affe-3a923b3f9209
agent-1  | 2026-09-12T01:04:34.154445Z [info     ] decision.evaluated             action=alert_only action_failed=False event_id=f01c6cd0-1776-4730-b005-988c343fa560 path=/watch/latency-ext-059.txt
agent-1  | 2026-09-12T01:04:34.161443Z [info     ] publisher.event_published      event_id=f01c6cd0-1776-4730-b005-988c343fa560
agent-1  | 2026-09-12T01:04:34.163813Z [info     ] detector.change_detected       event_id=f01c6cd0-1776-4730-b005-988c343fa560 event_type=file_modified path=/watch/latency-ext-059.txt
agent-1  | 2026-09-12T01:04:34.172859Z [info     ] publisher.event_acked          event_id=f01c6cd0-1776-4730-b005-988c343fa560
agent-1  | 2026-09-12T01:04:34.238125Z [warning  ] detector.out_of_scope_drop     path=/runc-process4232098938 total_drops=48
agent-1  | 2026-09-12T01:04:34.238508Z [warning  ] detector.out_of_scope_drop     path=/runc-process4232098938 total_drops=49
agent-1  | 2026-09-12T01:04:34.250962Z [info     ] decision.evaluated             action=alert_only action_failed=False event_id=c9005e0e-f724-409c-983e-6a7e0dfd4112 path=/watch/latency-ext-060.txt
agent-1  | 2026-09-12T01:04:34.255136Z [info     ] publisher.event_published      event_id=c9005e0e-f724-409c-983e-6a7e0dfd4112
agent-1  | 2026-09-12T01:04:34.256553Z [info     ] detector.change_detected       event_id=c9005e0e-f724-409c-983e-6a7e0dfd4112 event_type=file_modified path=/watch/latency-ext-060.txt
agent-1  | 2026-09-12T01:04:34.261184Z [info     ] publisher.event_acked          event_id=c9005e0e-f724-409c-983e-6a7e0dfd4112
agent-1  | 2026-09-12T01:04:34.270742Z [warning  ] detector.out_of_scope_drop     path=/runc-process4232098938 total_drops=50
agent-1  | 2026-09-12T01:04:34.340581Z [info     ] decision.evaluated             action=alert_only action_failed=False event_id=c6071ad3-04d7-4638-b98e-ba8635f91f92 path=/watch/latency-ext-061.txt
agent-1  | 2026-09-12T01:04:34.347342Z [info     ] publisher.event_published      event_id=c6071ad3-04d7-4638-b98e-ba8635f91f92
agent-1  | 2026-09-12T01:04:34.349154Z [info     ] detector.change_detected       event_id=c6071ad3-04d7-4638-b98e-ba8635f91f92 event_type=file_modified path=/watch/latency-ext-061.txt
agent-1  | 2026-09-12T01:04:34.359434Z [info     ] publisher.event_acked          event_id=c6071ad3-04d7-4638-b98e-ba8635f91f92
agent-1  | 2026-09-12T01:04:34.454910Z [info     ] decision.evaluated             action=alert_only action_failed=False event_id=f00b731c-daa8-4ad2-9e78-b1cf515fc867 path=/watch/latency-ext-062.txt
agent-1  | 2026-09-12T01:04:34.461527Z [info     ] publisher.event_published      event_id=f00b731c-daa8-4ad2-9e78-b1cf515fc867
agent-1  | 2026-09-12T01:04:34.464015Z [info     ] detector.change_detected       event_id=f00b731c-daa8-4ad2-9e78-b1cf515fc867 event_type=file_modified path=/watch/latency-ext-062.txt
agent-1  | 2026-09-12T01:04:34.473070Z [info     ] publisher.event_acked          event_id=f00b731c-daa8-4ad2-9e78-b1cf515fc867
agent-1  | 2026-09-12T01:04:34.524866Z [warning  ] detector.out_of_scope_drop     path=/runc-process756726745 total_drops=51
agent-1  | 2026-09-12T01:04:34.525307Z [warning  ] detector.out_of_scope_drop     path=/runc-process756726745 total_drops=52
agent-1  | 2026-09-12T01:04:34.552293Z [info     ] decision.evaluated             action=alert_only action_failed=False event_id=2216bc05-4174-4596-af47-89e1c4f1614e path=/watch/latency-ext-063.txt
agent-1  | 2026-09-12T01:04:34.555893Z [warning  ] detector.out_of_scope_drop     path=/runc-process756726745 total_drops=53
agent-1  | 2026-09-12T01:04:34.558027Z [info     ] publisher.event_published      event_id=2216bc05-4174-4596-af47-89e1c4f1614e
agent-1  | 2026-09-12T01:04:34.559594Z [info     ] detector.change_detected       event_id=2216bc05-4174-4596-af47-89e1c4f1614e event_type=file_modified path=/watch/latency-ext-063.txt
agent-1  | 2026-09-12T01:04:34.564114Z [info     ] publisher.event_acked          event_id=2216bc05-4174-4596-af47-89e1c4f1614e
agent-1  | 2026-09-12T01:04:34.648541Z [info     ] decision.evaluated             action=alert_only action_failed=False event_id=5000de67-6ddd-46cf-ad06-6dc670d5c63d path=/watch/latency-ext-064.txt
agent-1  | 2026-09-12T01:04:34.656271Z [info     ] publisher.event_published      event_id=5000de67-6ddd-46cf-ad06-6dc670d5c63d
agent-1  | 2026-09-12T01:04:34.658436Z [info     ] detector.change_detected       event_id=5000de67-6ddd-46cf-ad06-6dc670d5c63d event_type=file_modified path=/watch/latency-ext-064.txt
agent-1  | 2026-09-12T01:04:34.668930Z [info     ] publisher.event_acked          event_id=5000de67-6ddd-46cf-ad06-6dc670d5c63d
agent-1  | 2026-09-12T01:04:34.692784Z [warning  ] detector.out_of_scope_drop     path=/runc-process4205853687 total_drops=54
agent-1  | 2026-09-12T01:04:34.693265Z [warning  ] detector.out_of_scope_drop     path=/runc-process4205853687 total_drops=55
agent-1  | 2026-09-12T01:04:34.724197Z [warning  ] detector.out_of_scope_drop     path=/runc-process4205853687 total_drops=56
agent-1  | 2026-09-12T01:04:34.737431Z [info     ] decision.evaluated             action=alert_only action_failed=False event_id=2e40c108-f375-4214-9bcf-dc08b9f7a1d5 path=/watch/latency-ext-065.txt
agent-1  | 2026-09-12T01:04:34.741808Z [info     ] publisher.event_published      event_id=2e40c108-f375-4214-9bcf-dc08b9f7a1d5
agent-1  | 2026-09-12T01:04:34.743380Z [info     ] detector.change_detected       event_id=2e40c108-f375-4214-9bcf-dc08b9f7a1d5 event_type=file_modified path=/watch/latency-ext-065.txt
agent-1  | 2026-09-12T01:04:34.748827Z [info     ] publisher.event_acked          event_id=2e40c108-f375-4214-9bcf-dc08b9f7a1d5
agent-1  | 2026-09-12T01:04:34.852142Z [info     ] decision.evaluated             action=alert_only action_failed=False event_id=7ab5f9db-59af-4c3e-9717-ce15820d7d25 path=/watch/latency-ext-066.txt
agent-1  | 2026-09-12T01:04:34.858819Z [info     ] publisher.event_published      event_id=7ab5f9db-59af-4c3e-9717-ce15820d7d25
agent-1  | 2026-09-12T01:04:34.861178Z [info     ] detector.change_detected       event_id=7ab5f9db-59af-4c3e-9717-ce15820d7d25 event_type=file_modified path=/watch/latency-ext-066.txt
agent-1  | 2026-09-12T01:04:34.870270Z [info     ] publisher.event_acked          event_id=7ab5f9db-59af-4c3e-9717-ce15820d7d25
agent-1  | 2026-09-12T01:04:34.951105Z [warning  ] detector.out_of_scope_drop     path=/runc-process2978505729 total_drops=57
agent-1  | 2026-09-12T01:04:34.951648Z [warning  ] detector.out_of_scope_drop     path=/runc-process2978505729 total_drops=58
agent-1  | 2026-09-12T01:04:34.953411Z [info     ] decision.evaluated             action=alert_only action_failed=False event_id=89cfc5b0-2804-41c3-a868-4d62b449d2a0 path=/watch/latency-ext-067.txt
agent-1  | 2026-09-12T01:04:34.958102Z [info     ] publisher.event_published      event_id=89cfc5b0-2804-41c3-a868-4d62b449d2a0
agent-1  | 2026-09-12T01:04:34.959655Z [info     ] detector.change_detected       event_id=89cfc5b0-2804-41c3-a868-4d62b449d2a0 event_type=file_modified path=/watch/latency-ext-067.txt
agent-1  | 2026-09-12T01:04:34.964536Z [info     ] publisher.event_acked          event_id=89cfc5b0-2804-41c3-a868-4d62b449d2a0
agent-1  | 2026-09-12T01:04:34.981891Z [warning  ] detector.out_of_scope_drop     path=/runc-process2978505729 total_drops=59
agent-1  | 2026-09-12T01:04:35.045296Z [info     ] decision.evaluated             action=alert_only action_failed=False event_id=d88aa980-5b0a-404b-9691-48122a3f3dc7 path=/watch/latency-ext-068.txt
agent-1  | 2026-09-12T01:04:35.052553Z [info     ] publisher.event_published      event_id=d88aa980-5b0a-404b-9691-48122a3f3dc7
agent-1  | 2026-09-12T01:04:35.054194Z [info     ] detector.change_detected       event_id=d88aa980-5b0a-404b-9691-48122a3f3dc7 event_type=file_modified path=/watch/latency-ext-068.txt
agent-1  | 2026-09-12T01:04:35.061726Z [info     ] publisher.event_acked          event_id=d88aa980-5b0a-404b-9691-48122a3f3dc7
agent-1  | 2026-09-12T01:04:35.148812Z [info     ] decision.evaluated             action=alert_only action_failed=False event_id=04b95b00-c759-41ed-9063-0b7fd67fd0fb path=/watch/latency-ext-069.txt
agent-1  | 2026-09-12T01:04:35.155951Z [info     ] publisher.event_published      event_id=04b95b00-c759-41ed-9063-0b7fd67fd0fb
agent-1  | 2026-09-12T01:04:35.158461Z [info     ] detector.change_detected       event_id=04b95b00-c759-41ed-9063-0b7fd67fd0fb event_type=file_modified path=/watch/latency-ext-069.txt
agent-1  | 2026-09-12T01:04:35.168284Z [info     ] publisher.event_acked          event_id=04b95b00-c759-41ed-9063-0b7fd67fd0fb
agent-1  | 2026-09-12T01:04:35.244085Z [info     ] decision.evaluated             action=alert_only action_failed=False event_id=49b2e756-ad9e-43a9-84a9-34a6eccc0d0d path=/watch/latency-ext-070.txt
agent-1  | 2026-09-12T01:04:35.250831Z [info     ] publisher.event_published      event_id=49b2e756-ad9e-43a9-84a9-34a6eccc0d0d
agent-1  | 2026-09-12T01:04:35.253070Z [info     ] detector.change_detected       event_id=49b2e756-ad9e-43a9-84a9-34a6eccc0d0d event_type=file_modified path=/watch/latency-ext-070.txt
agent-1  | 2026-09-12T01:04:35.263273Z [info     ] publisher.event_acked          event_id=49b2e756-ad9e-43a9-84a9-34a6eccc0d0d
agent-1  | 2026-09-12T01:04:35.350504Z [info     ] decision.evaluated             action=alert_only action_failed=False event_id=67cbacbd-f404-4b0f-9b34-116d9a37daf3 path=/watch/latency-ext-071.txt
agent-1  | 2026-09-12T01:04:35.357330Z [info     ] publisher.event_published      event_id=67cbacbd-f404-4b0f-9b34-116d9a37daf3
agent-1  | 2026-09-12T01:04:35.359498Z [info     ] detector.change_detected       event_id=67cbacbd-f404-4b0f-9b34-116d9a37daf3 event_type=file_modified path=/watch/latency-ext-071.txt
agent-1  | 2026-09-12T01:04:35.370437Z [info     ] publisher.event_acked          event_id=67cbacbd-f404-4b0f-9b34-116d9a37daf3
agent-1  | 2026-09-12T01:04:35.445919Z [info     ] decision.evaluated             action=alert_only action_failed=False event_id=ba8cd889-7d3f-4a30-82b5-a13196dfb8dc path=/watch/latency-ext-072.txt
agent-1  | 2026-09-12T01:04:35.452745Z [info     ] publisher.event_published      event_id=ba8cd889-7d3f-4a30-82b5-a13196dfb8dc
agent-1  | 2026-09-12T01:04:35.454939Z [info     ] detector.change_detected       event_id=ba8cd889-7d3f-4a30-82b5-a13196dfb8dc event_type=file_modified path=/watch/latency-ext-072.txt
agent-1  | 2026-09-12T01:04:35.466120Z [info     ] publisher.event_acked          event_id=ba8cd889-7d3f-4a30-82b5-a13196dfb8dc
agent-1  | 2026-09-12T01:04:35.541678Z [info     ] decision.evaluated             action=alert_only action_failed=False event_id=5ec10f6d-0bf1-405f-b9e2-7c6010878562 path=/watch/latency-ext-073.txt
agent-1  | 2026-09-12T01:04:35.548781Z [info     ] publisher.event_published      event_id=5ec10f6d-0bf1-405f-b9e2-7c6010878562
agent-1  | 2026-09-12T01:04:35.551035Z [info     ] detector.change_detected       event_id=5ec10f6d-0bf1-405f-b9e2-7c6010878562 event_type=file_modified path=/watch/latency-ext-073.txt
agent-1  | 2026-09-12T01:04:35.560835Z [info     ] publisher.event_acked          event_id=5ec10f6d-0bf1-405f-b9e2-7c6010878562
agent-1  | 2026-09-12T01:04:35.646851Z [info     ] decision.evaluated             action=alert_only action_failed=False event_id=444a06a4-1812-4706-a7f9-7e11870bb045 path=/watch/latency-ext-074.txt
agent-1  | 2026-09-12T01:04:35.650825Z [info     ] publisher.event_published      event_id=444a06a4-1812-4706-a7f9-7e11870bb045
agent-1  | 2026-09-12T01:04:35.652196Z [info     ] detector.change_detected       event_id=444a06a4-1812-4706-a7f9-7e11870bb045 event_type=file_modified path=/watch/latency-ext-074.txt
agent-1  | 2026-09-12T01:04:35.657446Z [info     ] publisher.event_acked          event_id=444a06a4-1812-4706-a7f9-7e11870bb045
agent-1  | 2026-09-12T01:04:35.744721Z [info     ] decision.evaluated             action=alert_only action_failed=False event_id=769c869f-63f2-43c3-87bb-611eff304217 path=/watch/latency-ext-075.txt
agent-1  | 2026-09-12T01:04:35.751916Z [info     ] publisher.event_published      event_id=769c869f-63f2-43c3-87bb-611eff304217
agent-1  | 2026-09-12T01:04:35.754456Z [info     ] detector.change_detected       event_id=769c869f-63f2-43c3-87bb-611eff304217 event_type=file_modified path=/watch/latency-ext-075.txt
agent-1  | 2026-09-12T01:04:35.764148Z [info     ] publisher.event_acked          event_id=769c869f-63f2-43c3-87bb-611eff304217
agent-1  | 2026-09-12T01:04:35.848082Z [info     ] decision.evaluated             action=alert_only action_failed=False event_id=efd101c6-efec-4684-b528-ebc4ae0a5792 path=/watch/latency-ext-076.txt
agent-1  | 2026-09-12T01:04:35.855100Z [info     ] publisher.event_published      event_id=efd101c6-efec-4684-b528-ebc4ae0a5792
agent-1  | 2026-09-12T01:04:35.857660Z [info     ] detector.change_detected       event_id=efd101c6-efec-4684-b528-ebc4ae0a5792 event_type=file_modified path=/watch/latency-ext-076.txt
agent-1  | 2026-09-12T01:04:35.867562Z [info     ] publisher.event_acked          event_id=efd101c6-efec-4684-b528-ebc4ae0a5792
agent-1  | 2026-09-12T01:04:35.949236Z [info     ] decision.evaluated             action=alert_only action_failed=False event_id=4b910d64-efbf-4df1-8529-6ea129e2377d path=/watch/latency-ext-077.txt
agent-1  | 2026-09-12T01:04:35.956043Z [info     ] publisher.event_published      event_id=4b910d64-efbf-4df1-8529-6ea129e2377d
agent-1  | 2026-09-12T01:04:35.958310Z [info     ] detector.change_detected       event_id=4b910d64-efbf-4df1-8529-6ea129e2377d event_type=file_modified path=/watch/latency-ext-077.txt
agent-1  | 2026-09-12T01:04:35.967893Z [info     ] publisher.event_acked          event_id=4b910d64-efbf-4df1-8529-6ea129e2377d
agent-1  | 2026-09-12T01:04:36.040274Z [info     ] decision.evaluated             action=alert_only action_failed=False event_id=d283da5b-8272-4f25-83fc-603ae500c59c path=/watch/latency-ext-078.txt
agent-1  | 2026-09-12T01:04:36.042884Z [warning  ] detector.out_of_scope_drop     path=/runc-process4167421402 total_drops=60
agent-1  | 2026-09-12T01:04:36.043802Z [warning  ] detector.out_of_scope_drop     path=/runc-process4167421402 total_drops=61
agent-1  | 2026-09-12T01:04:36.048559Z [info     ] publisher.event_published      event_id=d283da5b-8272-4f25-83fc-603ae500c59c
agent-1  | 2026-09-12T01:04:36.050727Z [info     ] detector.change_detected       event_id=d283da5b-8272-4f25-83fc-603ae500c59c event_type=file_modified path=/watch/latency-ext-078.txt
agent-1  | 2026-09-12T01:04:36.055104Z [info     ] publisher.event_acked          event_id=d283da5b-8272-4f25-83fc-603ae500c59c
agent-1  | 2026-09-12T01:04:36.073062Z [warning  ] detector.out_of_scope_drop     path=/runc-process4167421402 total_drops=62
agent-1  | 2026-09-12T01:04:36.145120Z [info     ] decision.evaluated             action=alert_only action_failed=False event_id=577ab196-e9ed-4ec8-8213-dab6021dea7a path=/watch/latency-ext-079.txt
agent-1  | 2026-09-12T01:04:36.150593Z [info     ] publisher.event_published      event_id=577ab196-e9ed-4ec8-8213-dab6021dea7a
agent-1  | 2026-09-12T01:04:36.152611Z [info     ] detector.change_detected       event_id=577ab196-e9ed-4ec8-8213-dab6021dea7a event_type=file_modified path=/watch/latency-ext-079.txt
agent-1  | 2026-09-12T01:04:36.161023Z [info     ] publisher.event_acked          event_id=577ab196-e9ed-4ec8-8213-dab6021dea7a
agent-1  | 2026-09-12T01:04:36.242858Z [info     ] decision.evaluated             action=alert_only action_failed=False event_id=c1d71c91-601d-4ae4-851f-55354cdb2379 path=/watch/latency-ext-080.txt
agent-1  | 2026-09-12T01:04:36.249603Z [info     ] publisher.event_published      event_id=c1d71c91-601d-4ae4-851f-55354cdb2379
agent-1  | 2026-09-12T01:04:36.251723Z [info     ] detector.change_detected       event_id=c1d71c91-601d-4ae4-851f-55354cdb2379 event_type=file_modified path=/watch/latency-ext-080.txt
agent-1  | 2026-09-12T01:04:36.261090Z [info     ] publisher.event_acked          event_id=c1d71c91-601d-4ae4-851f-55354cdb2379
agent-1  | 2026-09-12T01:04:36.342558Z [info     ] decision.evaluated             action=alert_only action_failed=False event_id=795db31d-4def-4a6b-a572-18ebf2f1dcbd path=/watch/latency-ext-081.txt
agent-1  | 2026-09-12T01:04:36.349593Z [info     ] publisher.event_published      event_id=795db31d-4def-4a6b-a572-18ebf2f1dcbd
agent-1  | 2026-09-12T01:04:36.352331Z [info     ] detector.change_detected       event_id=795db31d-4def-4a6b-a572-18ebf2f1dcbd event_type=file_modified path=/watch/latency-ext-081.txt
agent-1  | 2026-09-12T01:04:36.361643Z [info     ] publisher.event_acked          event_id=795db31d-4def-4a6b-a572-18ebf2f1dcbd
agent-1  | 2026-09-12T01:04:36.443502Z [info     ] decision.evaluated             action=alert_only action_failed=False event_id=e546c0ad-8065-442d-8e84-944c3001b063 path=/watch/latency-ext-082.txt
agent-1  | 2026-09-12T01:04:36.451129Z [info     ] publisher.event_published      event_id=e546c0ad-8065-442d-8e84-944c3001b063
agent-1  | 2026-09-12T01:04:36.453777Z [info     ] detector.change_detected       event_id=e546c0ad-8065-442d-8e84-944c3001b063 event_type=file_modified path=/watch/latency-ext-082.txt
agent-1  | 2026-09-12T01:04:36.461701Z [info     ] publisher.event_acked          event_id=e546c0ad-8065-442d-8e84-944c3001b063
agent-1  | 2026-09-12T01:04:36.539061Z [info     ] decision.evaluated             action=alert_only action_failed=False event_id=0a6dc5c8-f81d-42c9-ae09-ac488f5cb4fb path=/watch/latency-ext-083.txt
agent-1  | 2026-09-12T01:04:36.544325Z [info     ] publisher.event_published      event_id=0a6dc5c8-f81d-42c9-ae09-ac488f5cb4fb
agent-1  | 2026-09-12T01:04:36.545828Z [info     ] detector.change_detected       event_id=0a6dc5c8-f81d-42c9-ae09-ac488f5cb4fb event_type=file_modified path=/watch/latency-ext-083.txt
agent-1  | 2026-09-12T01:04:36.550308Z [info     ] publisher.event_acked          event_id=0a6dc5c8-f81d-42c9-ae09-ac488f5cb4fb
agent-1  | 2026-09-12T01:04:36.562535Z [warning  ] detector.out_of_scope_drop     path=/runc-process2286888526 total_drops=63
agent-1  | 2026-09-12T01:04:36.562792Z [warning  ] detector.out_of_scope_drop     path=/runc-process2286888526 total_drops=64
agent-1  | 2026-09-12T01:04:36.592011Z [warning  ] detector.out_of_scope_drop     path=/runc-process2286888526 total_drops=65
agent-1  | 2026-09-12T01:04:36.642509Z [info     ] decision.evaluated             action=alert_only action_failed=False event_id=a4727899-42d2-4d6f-ac69-0676308525ef path=/watch/latency-ext-084.txt
agent-1  | 2026-09-12T01:04:36.643739Z [warning  ] detector.out_of_scope_drop     path=/runc-process3841934987 total_drops=66
agent-1  | 2026-09-12T01:04:36.643963Z [warning  ] detector.out_of_scope_drop     path=/runc-process3841934987 total_drops=67
agent-1  | 2026-09-12T01:04:36.647941Z [info     ] publisher.event_published      event_id=a4727899-42d2-4d6f-ac69-0676308525ef
agent-1  | 2026-09-12T01:04:36.649837Z [info     ] detector.change_detected       event_id=a4727899-42d2-4d6f-ac69-0676308525ef event_type=file_modified path=/watch/latency-ext-084.txt
agent-1  | 2026-09-12T01:04:36.650451Z [warning  ] detector.out_of_scope_drop     path=/runc-process2653394330 total_drops=68
agent-1  | 2026-09-12T01:04:36.650629Z [warning  ] detector.out_of_scope_drop     path=/runc-process2653394330 total_drops=69
agent-1  | 2026-09-12T01:04:36.651879Z [warning  ] detector.out_of_scope_drop     path=/runc-process458738688 total_drops=70
agent-1  | 2026-09-12T01:04:36.652114Z [warning  ] detector.out_of_scope_drop     path=/runc-process458738688 total_drops=71
agent-1  | 2026-09-12T01:04:36.657902Z [info     ] publisher.event_acked          event_id=a4727899-42d2-4d6f-ac69-0676308525ef
agent-1  | 2026-09-12T01:04:36.677911Z [warning  ] detector.out_of_scope_drop     path=/runc-process3841934987 total_drops=72
agent-1  | 2026-09-12T01:04:36.681985Z [warning  ] detector.out_of_scope_drop     path=/runc-process458738688 total_drops=73
agent-1  | 2026-09-12T01:04:36.682159Z [warning  ] detector.out_of_scope_drop     path=/runc-process2653394330 total_drops=74
agent-1  | 2026-09-12T01:04:36.741015Z [info     ] decision.evaluated             action=alert_only action_failed=False event_id=7f3cc11d-1dda-4f72-95ad-14e693a5428d path=/watch/latency-ext-085.txt
agent-1  | 2026-09-12T01:04:36.745353Z [info     ] publisher.event_published      event_id=7f3cc11d-1dda-4f72-95ad-14e693a5428d
agent-1  | 2026-09-12T01:04:36.746725Z [info     ] detector.change_detected       event_id=7f3cc11d-1dda-4f72-95ad-14e693a5428d event_type=file_modified path=/watch/latency-ext-085.txt
agent-1  | 2026-09-12T01:04:36.753965Z [info     ] publisher.event_acked          event_id=7f3cc11d-1dda-4f72-95ad-14e693a5428d
agent-1  | 2026-09-12T01:04:36.759627Z [warning  ] detector.out_of_scope_drop     path=/runc-process2805047004 total_drops=75
agent-1  | 2026-09-12T01:04:36.759909Z [warning  ] detector.out_of_scope_drop     path=/runc-process2805047004 total_drops=76
agent-1  | 2026-09-12T01:04:36.789688Z [warning  ] detector.out_of_scope_drop     path=/runc-process2805047004 total_drops=77
agent-1  | 2026-09-12T01:04:36.847037Z [info     ] decision.evaluated             action=alert_only action_failed=False event_id=8631ce0a-9893-49cc-b666-25743d1739a4 path=/watch/latency-ext-086.txt
agent-1  | 2026-09-12T01:04:36.854261Z [info     ] publisher.event_published      event_id=8631ce0a-9893-49cc-b666-25743d1739a4
agent-1  | 2026-09-12T01:04:36.856892Z [info     ] detector.change_detected       event_id=8631ce0a-9893-49cc-b666-25743d1739a4 event_type=file_modified path=/watch/latency-ext-086.txt
agent-1  | 2026-09-12T01:04:36.864818Z [info     ] publisher.event_acked          event_id=8631ce0a-9893-49cc-b666-25743d1739a4
agent-1  | 2026-09-12T01:04:36.948982Z [info     ] decision.evaluated             action=alert_only action_failed=False event_id=5860c0c0-20bb-4c43-9e79-5b204970c263 path=/watch/latency-ext-087.txt
agent-1  | 2026-09-12T01:04:36.956464Z [info     ] publisher.event_published      event_id=5860c0c0-20bb-4c43-9e79-5b204970c263
agent-1  | 2026-09-12T01:04:36.959034Z [info     ] detector.change_detected       event_id=5860c0c0-20bb-4c43-9e79-5b204970c263 event_type=file_modified path=/watch/latency-ext-087.txt
agent-1  | 2026-09-12T01:04:36.967202Z [info     ] publisher.event_acked          event_id=5860c0c0-20bb-4c43-9e79-5b204970c263
agent-1  | 2026-09-12T01:04:37.041826Z [info     ] decision.evaluated             action=alert_only action_failed=False event_id=53f5b44e-99e9-4cf2-80f3-8f14158f16e5 path=/watch/latency-ext-088.txt
agent-1  | 2026-09-12T01:04:37.050119Z [info     ] publisher.event_published      event_id=53f5b44e-99e9-4cf2-80f3-8f14158f16e5
agent-1  | 2026-09-12T01:04:37.052724Z [info     ] detector.change_detected       event_id=53f5b44e-99e9-4cf2-80f3-8f14158f16e5 event_type=file_modified path=/watch/latency-ext-088.txt
agent-1  | 2026-09-12T01:04:37.060742Z [info     ] publisher.event_acked          event_id=53f5b44e-99e9-4cf2-80f3-8f14158f16e5
agent-1  | 2026-09-12T01:04:37.145468Z [info     ] decision.evaluated             action=alert_only action_failed=False event_id=8dac46d1-69a3-4bb4-8dca-799994824809 path=/watch/latency-ext-089.txt
agent-1  | 2026-09-12T01:04:37.151254Z [info     ] publisher.event_published      event_id=8dac46d1-69a3-4bb4-8dca-799994824809
agent-1  | 2026-09-12T01:04:37.152958Z [info     ] detector.change_detected       event_id=8dac46d1-69a3-4bb4-8dca-799994824809 event_type=file_modified path=/watch/latency-ext-089.txt
agent-1  | 2026-09-12T01:04:37.161809Z [info     ] publisher.event_acked          event_id=8dac46d1-69a3-4bb4-8dca-799994824809
agent-1  | 2026-09-12T01:04:37.246611Z [info     ] decision.evaluated             action=alert_only action_failed=False event_id=8fe579a4-8cc5-4ccf-8bc2-2935b568b88f path=/watch/latency-ext-090.txt
agent-1  | 2026-09-12T01:04:37.254510Z [info     ] publisher.event_published      event_id=8fe579a4-8cc5-4ccf-8bc2-2935b568b88f
agent-1  | 2026-09-12T01:04:37.256771Z [info     ] detector.change_detected       event_id=8fe579a4-8cc5-4ccf-8bc2-2935b568b88f event_type=file_modified path=/watch/latency-ext-090.txt
agent-1  | 2026-09-12T01:04:37.265103Z [info     ] publisher.event_acked          event_id=8fe579a4-8cc5-4ccf-8bc2-2935b568b88f
agent-1  | 2026-09-12T01:04:37.349143Z [info     ] decision.evaluated             action=alert_only action_failed=False event_id=9dabd463-3b39-4742-b525-d14fffa3a60a path=/watch/latency-ext-091.txt
agent-1  | 2026-09-12T01:04:37.356399Z [info     ] publisher.event_published      event_id=9dabd463-3b39-4742-b525-d14fffa3a60a
agent-1  | 2026-09-12T01:04:37.358881Z [info     ] detector.change_detected       event_id=9dabd463-3b39-4742-b525-d14fffa3a60a event_type=file_modified path=/watch/latency-ext-091.txt
agent-1  | 2026-09-12T01:04:37.366859Z [info     ] publisher.event_acked          event_id=9dabd463-3b39-4742-b525-d14fffa3a60a
agent-1  | 2026-09-12T01:04:37.440734Z [info     ] decision.evaluated             action=alert_only action_failed=False event_id=320f694d-3efd-4d58-87f6-532a52630556 path=/watch/latency-ext-092.txt
agent-1  | 2026-09-12T01:04:37.447662Z [info     ] publisher.event_published      event_id=320f694d-3efd-4d58-87f6-532a52630556
agent-1  | 2026-09-12T01:04:37.449926Z [info     ] detector.change_detected       event_id=320f694d-3efd-4d58-87f6-532a52630556 event_type=file_modified path=/watch/latency-ext-092.txt
agent-1  | 2026-09-12T01:04:37.458205Z [info     ] publisher.event_acked          event_id=320f694d-3efd-4d58-87f6-532a52630556
agent-1  | 2026-09-12T01:04:37.542578Z [info     ] decision.evaluated             action=alert_only action_failed=False event_id=cd4933a0-b70b-4d44-aac0-bcf557a67d44 path=/watch/latency-ext-093.txt
agent-1  | 2026-09-12T01:04:37.550177Z [info     ] publisher.event_published      event_id=cd4933a0-b70b-4d44-aac0-bcf557a67d44
agent-1  | 2026-09-12T01:04:37.552754Z [info     ] detector.change_detected       event_id=cd4933a0-b70b-4d44-aac0-bcf557a67d44 event_type=file_modified path=/watch/latency-ext-093.txt
agent-1  | 2026-09-12T01:04:37.561269Z [info     ] publisher.event_acked          event_id=cd4933a0-b70b-4d44-aac0-bcf557a67d44
agent-1  | 2026-09-12T01:04:37.646974Z [info     ] decision.evaluated             action=alert_only action_failed=False event_id=6f7e4aed-161c-47f4-b671-75e02beb00c1 path=/watch/latency-ext-094.txt
agent-1  | 2026-09-12T01:04:37.654544Z [info     ] publisher.event_published      event_id=6f7e4aed-161c-47f4-b671-75e02beb00c1
agent-1  | 2026-09-12T01:04:37.657143Z [info     ] detector.change_detected       event_id=6f7e4aed-161c-47f4-b671-75e02beb00c1 event_type=file_modified path=/watch/latency-ext-094.txt
agent-1  | 2026-09-12T01:04:37.666132Z [info     ] publisher.event_acked          event_id=6f7e4aed-161c-47f4-b671-75e02beb00c1
agent-1  | 2026-09-12T01:04:37.741906Z [info     ] decision.evaluated             action=alert_only action_failed=False event_id=8b7bce27-e5e6-4985-8613-98279623bc4e path=/watch/latency-ext-095.txt
agent-1  | 2026-09-12T01:04:37.748796Z [info     ] publisher.event_published      event_id=8b7bce27-e5e6-4985-8613-98279623bc4e
agent-1  | 2026-09-12T01:04:37.751429Z [info     ] detector.change_detected       event_id=8b7bce27-e5e6-4985-8613-98279623bc4e event_type=file_modified path=/watch/latency-ext-095.txt
agent-1  | 2026-09-12T01:04:37.760962Z [info     ] publisher.event_acked          event_id=8b7bce27-e5e6-4985-8613-98279623bc4e
agent-1  | 2026-09-12T01:04:37.845130Z [info     ] decision.evaluated             action=alert_only action_failed=False event_id=1532524e-7099-4f78-9776-6484ab039b41 path=/watch/latency-ext-096.txt
agent-1  | 2026-09-12T01:04:37.849949Z [info     ] publisher.event_published      event_id=1532524e-7099-4f78-9776-6484ab039b41
agent-1  | 2026-09-12T01:04:37.851340Z [info     ] detector.change_detected       event_id=1532524e-7099-4f78-9776-6484ab039b41 event_type=file_modified path=/watch/latency-ext-096.txt
agent-1  | 2026-09-12T01:04:37.856946Z [info     ] publisher.event_acked          event_id=1532524e-7099-4f78-9776-6484ab039b41
agent-1  | 2026-09-12T01:04:37.940949Z [info     ] decision.evaluated             action=alert_only action_failed=False event_id=06da8011-d9e7-4ad3-b4c5-57d2d878028a path=/watch/latency-ext-097.txt
agent-1  | 2026-09-12T01:04:37.945307Z [info     ] publisher.event_published      event_id=06da8011-d9e7-4ad3-b4c5-57d2d878028a
agent-1  | 2026-09-12T01:04:37.946689Z [info     ] detector.change_detected       event_id=06da8011-d9e7-4ad3-b4c5-57d2d878028a event_type=file_modified path=/watch/latency-ext-097.txt
agent-1  | 2026-09-12T01:04:37.948570Z [debug    ] heartbeat.published            agent_id=latency-agent shutdown=False
agent-1  | 2026-09-12T01:04:37.957098Z [info     ] publisher.event_acked          event_id=06da8011-d9e7-4ad3-b4c5-57d2d878028a
agent-1  | 2026-09-12T01:04:38.045958Z [info     ] decision.evaluated             action=alert_only action_failed=False event_id=68dc80b6-c445-409a-a931-d9575f00d3d1 path=/watch/latency-ext-098.txt
agent-1  | 2026-09-12T01:04:38.052849Z [info     ] publisher.event_published      event_id=68dc80b6-c445-409a-a931-d9575f00d3d1
agent-1  | 2026-09-12T01:04:38.055237Z [info     ] detector.change_detected       event_id=68dc80b6-c445-409a-a931-d9575f00d3d1 event_type=file_modified path=/watch/latency-ext-098.txt
agent-1  | 2026-09-12T01:04:38.066325Z [info     ] publisher.event_acked          event_id=68dc80b6-c445-409a-a931-d9575f00d3d1
agent-1  | 2026-09-12T01:04:38.150153Z [info     ] decision.evaluated             action=alert_only action_failed=False event_id=205393b8-8f17-4a9a-89e2-d0f3ae47c031 path=/watch/latency-ext-099.txt
agent-1  | 2026-09-12T01:04:38.157549Z [info     ] publisher.event_published      event_id=205393b8-8f17-4a9a-89e2-d0f3ae47c031
agent-1  | 2026-09-12T01:04:38.159998Z [info     ] detector.change_detected       event_id=205393b8-8f17-4a9a-89e2-d0f3ae47c031 event_type=file_modified path=/watch/latency-ext-099.txt
agent-1  | 2026-09-12T01:04:38.169099Z [info     ] publisher.event_acked          event_id=205393b8-8f17-4a9a-89e2-d0f3ae47c031
agent-1  | 2026-09-12T01:04:38.231990Z [warning  ] detector.out_of_scope_drop     path=/runc-process189632158 total_drops=78
agent-1  | 2026-09-12T01:04:38.259860Z [warning  ] detector.out_of_scope_drop     path=/runc-process189632158 total_drops=79
agent-1  | 2026-09-12T01:04:38.378343Z [warning  ] detector.out_of_scope_drop     path=/runc-process4268291301 total_drops=80
agent-1  | 2026-09-12T01:04:38.378746Z [warning  ] detector.out_of_scope_drop     path=/runc-process4268291301 total_drops=81
agent-1  | 2026-09-12T01:04:38.407571Z [warning  ] detector.out_of_scope_drop     path=/runc-process4268291301 total_drops=82
agent-1  | 2026-09-12T01:04:38.563131Z [warning  ] detector.out_of_scope_drop     path=/runc-process799931078 total_drops=83
agent-1  | 2026-09-12T01:04:38.563344Z [warning  ] detector.out_of_scope_drop     path=/runc-process799931078 total_drops=84
agent-1  | 2026-09-12T01:04:38.592703Z [warning  ] detector.out_of_scope_drop     path=/runc-process799931078 total_drops=85
agent-1  | 2026-09-12T01:04:38.597713Z [warning  ] detector.out_of_scope_drop     path=/runc-process1165505803 total_drops=86
agent-1  | 2026-09-12T01:04:38.597890Z [warning  ] detector.out_of_scope_drop     path=/runc-process1165505803 total_drops=87
agent-1  | 2026-09-12T01:04:38.600323Z [warning  ] detector.out_of_scope_drop     path=/runc-process3357767402 total_drops=88
agent-1  | 2026-09-12T01:04:38.600528Z [warning  ] detector.out_of_scope_drop     path=/runc-process3357767402 total_drops=89
agent-1  | 2026-09-12T01:04:38.628952Z [warning  ] detector.out_of_scope_drop     path=/runc-process1165505803 total_drops=90
agent-1  | 2026-09-12T01:04:38.630382Z [warning  ] detector.out_of_scope_drop     path=/runc-process3357767402 total_drops=91
backend-1  | {"event": "Started server process [1]", "level": "info", "logger": "uvicorn.error", "timestamp": "2026-09-12T01:04:24.567341Z"}
backend-1  | {"event": "Waiting for application startup.", "level": "info", "logger": "uvicorn.error", "timestamp": "2026-09-12T01:04:24.567448Z"}
backend-1  | {"environment": "dev", "event": "backend.startup", "level": "info", "timestamp": "2026-09-12T01:04:24.567660Z"}
backend-1  | {"cert_path": "/certs/ca.pem", "event": "pki.ca.initialized", "level": "info", "timestamp": "2026-09-12T01:04:24.577119Z"}
backend-1  | {"cert_path": "/certs/backend.pem", "event": "pki.backend_cert.generated", "level": "info", "timestamp": "2026-09-12T01:04:24.579382Z"}
backend-1  | {"username": "latency-admin", "event": "seed_admin.created", "level": "info", "timestamp": "2026-09-12T01:04:24.752759Z"}
backend-1  | {"port": 8443, "event": "pki.mtls_server.configured", "level": "info", "timestamp": "2026-09-12T01:04:24.769070Z"}
backend-1  | {"event": "heartbeat_consumer.started", "level": "info", "timestamp": "2026-09-12T01:04:24.773646Z"}
backend-1  | {"group": "fim-backend", "event": "consumer.group_created", "level": "info", "timestamp": "2026-09-12T01:04:24.775309Z"}
backend-1  | {"group": "fim-backend", "event": "consumer.started", "level": "info", "timestamp": "2026-09-12T01:04:24.775672Z"}
backend-1  | {"group": "fim-command-ack", "event": "command_ack_consumer.group_created", "level": "info", "timestamp": "2026-09-12T01:04:24.775827Z"}
backend-1  | {"group": "fim-command-ack", "event": "command_ack_consumer.started", "level": "info", "timestamp": "2026-09-12T01:04:24.776071Z"}
backend-1  | INFO:     172.25.0.1:60280 - "GET /health HTTP/1.1" 200 OK
backend-1  | INFO:     172.25.0.1:60288 - "GET /health HTTP/1.1" 200 OK
backend-1  | INFO:     172.25.0.1:60302 - "POST /auth/login HTTP/1.1" 200 OK
backend-1  | INFO:     172.25.0.1:60310 - "POST /users/change-password HTTP/1.1" 200 OK
backend-1  | INFO:     172.25.0.1:60320 - "POST /auth/login HTTP/1.1" 200 OK
backend-1  | INFO:     172.25.0.1:60330 - "POST /agents/register HTTP/1.1" 201 Created
backend-1  | INFO:     172.25.0.5:60974 - "POST /agents/bootstrap HTTP/1.1" 200 OK
backend-1  | {"event_id": "0d45f4da-2640-425c-b141-cfde337890ec", "agent_id": "latency-agent", "event": "consumer.event_persisted", "level": "info", "timestamp": "2026-09-12T01:04:28.268838Z"}
backend-1  | {"event_id": "ddfc8cb9-9f9b-476b-a598-69c4235a276b", "agent_id": "latency-agent", "event": "consumer.event_persisted", "level": "info", "timestamp": "2026-09-12T01:04:28.358831Z"}
backend-1  | {"event_id": "d7622ab8-c727-4303-b5cd-915f32dc312f", "agent_id": "latency-agent", "event": "consumer.event_persisted", "level": "info", "timestamp": "2026-09-12T01:04:28.446152Z"}
backend-1  | {"event_id": "bd210fee-d32b-40a9-a143-a8adc7b14dd0", "agent_id": "latency-agent", "event": "consumer.event_persisted", "level": "info", "timestamp": "2026-09-12T01:04:28.546568Z"}
backend-1  | {"event_id": "d68f697b-fc14-4ca1-a8f3-1d058287fe2e", "agent_id": "latency-agent", "event": "consumer.event_persisted", "level": "info", "timestamp": "2026-09-12T01:04:28.657378Z"}
backend-1  | {"event_id": "9117d403-e96a-4dad-82d0-9d0f405d4f3d", "agent_id": "latency-agent", "event": "consumer.event_persisted", "level": "info", "timestamp": "2026-09-12T01:04:28.759090Z"}
backend-1  | {"event_id": "99bf30f9-30e1-4f22-accf-d5eb09a1a23f", "agent_id": "latency-agent", "event": "consumer.event_persisted", "level": "info", "timestamp": "2026-09-12T01:04:28.859706Z"}
backend-1  | {"event_id": "ce22bb48-f697-4945-8ee8-6ff50830ca67", "agent_id": "latency-agent", "event": "consumer.event_persisted", "level": "info", "timestamp": "2026-09-12T01:04:28.957311Z"}
backend-1  | {"event_id": "02738b5c-ee91-4985-b0a5-5b20b415dec7", "agent_id": "latency-agent", "event": "consumer.event_persisted", "level": "info", "timestamp": "2026-09-12T01:04:29.057483Z"}
backend-1  | {"event_id": "ad0d5e61-ccae-403b-91b2-4bf067fc38df", "agent_id": "latency-agent", "event": "consumer.event_persisted", "level": "info", "timestamp": "2026-09-12T01:04:29.157318Z"}
backend-1  | {"event_id": "cdafd3b5-a680-4c72-b71a-4c31a439b235", "agent_id": "latency-agent", "event": "consumer.event_persisted", "level": "info", "timestamp": "2026-09-12T01:04:29.244975Z"}
backend-1  | {"event_id": "35a164fa-00e3-4d6f-b1b1-d38551923cfa", "agent_id": "latency-agent", "event": "consumer.event_persisted", "level": "info", "timestamp": "2026-09-12T01:04:29.356993Z"}
backend-1  | {"event_id": "a1786077-3b04-441d-afad-c91c89d60ac0", "agent_id": "latency-agent", "event": "consumer.event_persisted", "level": "info", "timestamp": "2026-09-12T01:04:29.458894Z"}
backend-1  | {"event_id": "02b9fc1e-8179-43d5-9000-5561a330b835", "agent_id": "latency-agent", "event": "consumer.event_persisted", "level": "info", "timestamp": "2026-09-12T01:04:29.558085Z"}
backend-1  | {"event_id": "2942b971-bab2-4cce-9fe9-3507b1576c40", "agent_id": "latency-agent", "event": "consumer.event_persisted", "level": "info", "timestamp": "2026-09-12T01:04:29.652060Z"}
backend-1  | {"event_id": "1a17523d-20c5-4bae-8442-db6a7dcd9b12", "agent_id": "latency-agent", "event": "consumer.event_persisted", "level": "info", "timestamp": "2026-09-12T01:04:29.758729Z"}
backend-1  | {"event_id": "873c52c8-c130-4b67-acd2-1c038b747656", "agent_id": "latency-agent", "event": "consumer.event_persisted", "level": "info", "timestamp": "2026-09-12T01:04:29.860099Z"}
backend-1  | {"event_id": "00604e52-aafc-4050-a7a4-b587a3d50f7d", "agent_id": "latency-agent", "event": "consumer.event_persisted", "level": "info", "timestamp": "2026-09-12T01:04:29.952697Z"}
backend-1  | {"event_id": "04fbf38f-bce6-4468-844d-268715f2c2a5", "agent_id": "latency-agent", "event": "consumer.event_persisted", "level": "info", "timestamp": "2026-09-12T01:04:30.058611Z"}
backend-1  | {"event_id": "008ae2f5-07fe-41cb-bbd6-6409e1800348", "agent_id": "latency-agent", "event": "consumer.event_persisted", "level": "info", "timestamp": "2026-09-12T01:04:30.153059Z"}
backend-1  | {"event_id": "845deab0-f3c6-406c-b83b-059a5628d486", "agent_id": "latency-agent", "event": "consumer.event_persisted", "level": "info", "timestamp": "2026-09-12T01:04:30.258798Z"}
backend-1  | {"event_id": "13a0359b-5c65-4fa1-9fa6-c5f2cfe5faa6", "agent_id": "latency-agent", "event": "consumer.event_persisted", "level": "info", "timestamp": "2026-09-12T01:04:30.358805Z"}
backend-1  | {"event_id": "1b95c91c-06fa-4090-b4b2-5fe578218c3b", "agent_id": "latency-agent", "event": "consumer.event_persisted", "level": "info", "timestamp": "2026-09-12T01:04:30.458459Z"}
backend-1  | {"event_id": "e7fa5fae-b5b4-44e4-aa9c-f1886b476dd1", "agent_id": "latency-agent", "event": "consumer.event_persisted", "level": "info", "timestamp": "2026-09-12T01:04:30.558323Z"}
backend-1  | {"event_id": "f3074cb0-28e0-4730-81a4-6149c7bf3f60", "agent_id": "latency-agent", "event": "consumer.event_persisted", "level": "info", "timestamp": "2026-09-12T01:04:30.656738Z"}
backend-1  | {"event_id": "62a46562-86da-433c-8fb6-6dcc3fe53fe4", "agent_id": "latency-agent", "event": "consumer.event_persisted", "level": "info", "timestamp": "2026-09-12T01:04:30.758284Z"}
backend-1  | {"event_id": "bc72be15-5902-4e7f-9e58-bc5cc1e64e5e", "agent_id": "latency-agent", "event": "consumer.event_persisted", "level": "info", "timestamp": "2026-09-12T01:04:30.859416Z"}
backend-1  | {"event_id": "2b448446-5561-45b7-95b8-6300c1db09e8", "agent_id": "latency-agent", "event": "consumer.event_persisted", "level": "info", "timestamp": "2026-09-12T01:04:30.958485Z"}
backend-1  | {"event_id": "8051ab1a-fcdc-45e2-9355-f05ec2ccbe6a", "agent_id": "latency-agent", "event": "consumer.event_persisted", "level": "info", "timestamp": "2026-09-12T01:04:31.044717Z"}
backend-1  | {"event_id": "c642338d-cb3f-4cd2-abfa-f95c528885a2", "agent_id": "latency-agent", "event": "consumer.event_persisted", "level": "info", "timestamp": "2026-09-12T01:04:31.158658Z"}
backend-1  | {"event_id": "23ef14ec-8e3e-4acf-ade2-4d67da8689e9", "agent_id": "latency-agent", "event": "consumer.event_persisted", "level": "info", "timestamp": "2026-09-12T01:04:31.259394Z"}
backend-1  | {"event_id": "3ad55ff9-6d82-4d9e-9d67-436ee07bb6a5", "agent_id": "latency-agent", "event": "consumer.event_persisted", "level": "info", "timestamp": "2026-09-12T01:04:31.359265Z"}
backend-1  | {"event_id": "5142020a-6554-4e6d-900b-6d130dc5aa23", "agent_id": "latency-agent", "event": "consumer.event_persisted", "level": "info", "timestamp": "2026-09-12T01:04:31.459438Z"}
backend-1  | {"event_id": "35910cd4-5db8-40f5-95a8-f915be504d03", "agent_id": "latency-agent", "event": "consumer.event_persisted", "level": "info", "timestamp": "2026-09-12T01:04:31.558661Z"}
backend-1  | {"event_id": "aec6e82d-29ba-421b-a15b-efa02c862e6e", "agent_id": "latency-agent", "event": "consumer.event_persisted", "level": "info", "timestamp": "2026-09-12T01:04:31.648965Z"}
backend-1  | {"event_id": "cb2c77ea-10ae-43b9-b659-9aecc07fd453", "agent_id": "latency-agent", "event": "consumer.event_persisted", "level": "info", "timestamp": "2026-09-12T01:04:31.759487Z"}
backend-1  | {"event_id": "a5a8e99d-16b5-4d28-87c0-5632b6a09b5a", "agent_id": "latency-agent", "event": "consumer.event_persisted", "level": "info", "timestamp": "2026-09-12T01:04:31.860064Z"}
backend-1  | {"event_id": "dce83e45-82e4-45a4-b486-a3c8b8ced5e7", "agent_id": "latency-agent", "event": "consumer.event_persisted", "level": "info", "timestamp": "2026-09-12T01:04:31.961242Z"}
backend-1  | {"event_id": "111e490d-1085-43c2-8427-c243826f449f", "agent_id": "latency-agent", "event": "consumer.event_persisted", "level": "info", "timestamp": "2026-09-12T01:04:32.063503Z"}
backend-1  | {"event_id": "2f802f3c-ad7a-426a-99c8-e04582cc957f", "agent_id": "latency-agent", "event": "consumer.event_persisted", "level": "info", "timestamp": "2026-09-12T01:04:32.166293Z"}
backend-1  | {"event_id": "7c11f010-ab1f-4e93-a3c2-3297afcdbf52", "agent_id": "latency-agent", "event": "consumer.event_persisted", "level": "info", "timestamp": "2026-09-12T01:04:32.267169Z"}
backend-1  | {"event_id": "dd53c453-88f2-486f-9a77-f4fc841f3c91", "agent_id": "latency-agent", "event": "consumer.event_persisted", "level": "info", "timestamp": "2026-09-12T01:04:32.372364Z"}
backend-1  | {"event_id": "9f73fb33-8484-4a89-acc6-c7010b55a50d", "agent_id": "latency-agent", "event": "consumer.event_persisted", "level": "info", "timestamp": "2026-09-12T01:04:32.471955Z"}
backend-1  | {"event_id": "3528e0c2-ca36-4519-ab4e-c6d2265add1d", "agent_id": "latency-agent", "event": "consumer.event_persisted", "level": "info", "timestamp": "2026-09-12T01:04:32.563221Z"}
backend-1  | {"event_id": "d7ba2b8f-6c91-445d-9f1d-d1539084c1b9", "agent_id": "latency-agent", "event": "consumer.event_persisted", "level": "info", "timestamp": "2026-09-12T01:04:32.651335Z"}
backend-1  | {"event_id": "c552185b-a52f-499a-bc56-4fcc5382b971", "agent_id": "latency-agent", "event": "consumer.event_persisted", "level": "info", "timestamp": "2026-09-12T01:04:32.771157Z"}
backend-1  | {"event_id": "e74e39df-75ad-4615-8830-175d3a29c634", "agent_id": "latency-agent", "event": "consumer.event_persisted", "level": "info", "timestamp": "2026-09-12T01:04:32.871994Z"}
backend-1  | {"event_id": "26cc745e-7634-4b88-ba4e-60a812ea8037", "agent_id": "latency-agent", "event": "consumer.event_persisted", "level": "info", "timestamp": "2026-09-12T01:04:32.974472Z"}
backend-1  | {"event_id": "0d4cd09c-1e2a-4365-98c6-1d77bb478b13", "agent_id": "latency-agent", "event": "consumer.event_persisted", "level": "info", "timestamp": "2026-09-12T01:04:33.078554Z"}
backend-1  | {"event_id": "43994bfe-9862-4e1b-8c8c-31b982f8c93e", "agent_id": "latency-agent", "event": "consumer.event_persisted", "level": "info", "timestamp": "2026-09-12T01:04:33.157448Z"}
backend-1  | {"event_id": "c7b61efb-3108-4abc-bf1c-e80e1fbca66a", "agent_id": "latency-agent", "event": "consumer.event_persisted", "level": "info", "timestamp": "2026-09-12T01:04:33.257458Z"}
backend-1  | {"event_id": "8a224fb5-b45b-4676-8f03-5b803efda917", "agent_id": "latency-agent", "event": "consumer.event_persisted", "level": "info", "timestamp": "2026-09-12T01:04:33.361470Z"}
backend-1  | {"event_id": "0a4ed03e-a5ed-442a-9f3b-c4cbeb44a15a", "agent_id": "latency-agent", "event": "consumer.event_persisted", "level": "info", "timestamp": "2026-09-12T01:04:33.465368Z"}
backend-1  | {"event_id": "2115effe-f5ec-475f-ba9a-795b26498f73", "agent_id": "latency-agent", "event": "consumer.event_persisted", "level": "info", "timestamp": "2026-09-12T01:04:33.558476Z"}
backend-1  | {"event_id": "733040b7-49c4-47a2-b3c1-7184d1d871da", "agent_id": "latency-agent", "event": "consumer.event_persisted", "level": "info", "timestamp": "2026-09-12T01:04:33.678919Z"}
backend-1  | {"event_id": "34bd691f-91a9-4082-9ddb-dd13d06e1b66", "agent_id": "latency-agent", "event": "consumer.event_persisted", "level": "info", "timestamp": "2026-09-12T01:04:33.750361Z"}
backend-1  | {"event_id": "03a7eab4-6022-44f6-a596-0192918b0e27", "agent_id": "latency-agent", "event": "consumer.event_persisted", "level": "info", "timestamp": "2026-09-12T01:04:33.871799Z"}
backend-1  | {"event_id": "cd41fbd1-534e-431f-990d-dba667034051", "agent_id": "latency-agent", "event": "consumer.event_persisted", "level": "info", "timestamp": "2026-09-12T01:04:33.974503Z"}
backend-1  | {"event_id": "52a74ad2-9fb8-4406-affe-3a923b3f9209", "agent_id": "latency-agent", "event": "consumer.event_persisted", "level": "info", "timestamp": "2026-09-12T01:04:34.073849Z"}
backend-1  | {"event_id": "f01c6cd0-1776-4730-b005-988c343fa560", "agent_id": "latency-agent", "event": "consumer.event_persisted", "level": "info", "timestamp": "2026-09-12T01:04:34.172261Z"}
backend-1  | {"event_id": "c9005e0e-f724-409c-983e-6a7e0dfd4112", "agent_id": "latency-agent", "event": "consumer.event_persisted", "level": "info", "timestamp": "2026-09-12T01:04:34.260843Z"}
backend-1  | {"event_id": "c6071ad3-04d7-4638-b98e-ba8635f91f92", "agent_id": "latency-agent", "event": "consumer.event_persisted", "level": "info", "timestamp": "2026-09-12T01:04:34.358857Z"}
backend-1  | {"event_id": "f00b731c-daa8-4ad2-9e78-b1cf515fc867", "agent_id": "latency-agent", "event": "consumer.event_persisted", "level": "info", "timestamp": "2026-09-12T01:04:34.472531Z"}
backend-1  | {"event_id": "2216bc05-4174-4596-af47-89e1c4f1614e", "agent_id": "latency-agent", "event": "consumer.event_persisted", "level": "info", "timestamp": "2026-09-12T01:04:34.563780Z"}
backend-1  | {"event_id": "5000de67-6ddd-46cf-ad06-6dc670d5c63d", "agent_id": "latency-agent", "event": "consumer.event_persisted", "level": "info", "timestamp": "2026-09-12T01:04:34.668312Z"}
backend-1  | {"event_id": "2e40c108-f375-4214-9bcf-dc08b9f7a1d5", "agent_id": "latency-agent", "event": "consumer.event_persisted", "level": "info", "timestamp": "2026-09-12T01:04:34.748166Z"}
backend-1  | {"event_id": "7ab5f9db-59af-4c3e-9717-ce15820d7d25", "agent_id": "latency-agent", "event": "consumer.event_persisted", "level": "info", "timestamp": "2026-09-12T01:04:34.870091Z"}
backend-1  | {"event_id": "89cfc5b0-2804-41c3-a868-4d62b449d2a0", "agent_id": "latency-agent", "event": "consumer.event_persisted", "level": "info", "timestamp": "2026-09-12T01:04:34.964185Z"}
backend-1  | {"event_id": "d88aa980-5b0a-404b-9691-48122a3f3dc7", "agent_id": "latency-agent", "event": "consumer.event_persisted", "level": "info", "timestamp": "2026-09-12T01:04:35.061287Z"}
backend-1  | {"event_id": "04b95b00-c759-41ed-9063-0b7fd67fd0fb", "agent_id": "latency-agent", "event": "consumer.event_persisted", "level": "info", "timestamp": "2026-09-12T01:04:35.167741Z"}
backend-1  | {"event_id": "49b2e756-ad9e-43a9-84a9-34a6eccc0d0d", "agent_id": "latency-agent", "event": "consumer.event_persisted", "level": "info", "timestamp": "2026-09-12T01:04:35.262569Z"}
backend-1  | {"event_id": "67cbacbd-f404-4b0f-9b34-116d9a37daf3", "agent_id": "latency-agent", "event": "consumer.event_persisted", "level": "info", "timestamp": "2026-09-12T01:04:35.369733Z"}
backend-1  | {"event_id": "ba8cd889-7d3f-4a30-82b5-a13196dfb8dc", "agent_id": "latency-agent", "event": "consumer.event_persisted", "level": "info", "timestamp": "2026-09-12T01:04:35.465455Z"}
backend-1  | {"event_id": "5ec10f6d-0bf1-405f-b9e2-7c6010878562", "agent_id": "latency-agent", "event": "consumer.event_persisted", "level": "info", "timestamp": "2026-09-12T01:04:35.560282Z"}
backend-1  | {"event_id": "444a06a4-1812-4706-a7f9-7e11870bb045", "agent_id": "latency-agent", "event": "consumer.event_persisted", "level": "info", "timestamp": "2026-09-12T01:04:35.657081Z"}
backend-1  | {"event_id": "769c869f-63f2-43c3-87bb-611eff304217", "agent_id": "latency-agent", "event": "consumer.event_persisted", "level": "info", "timestamp": "2026-09-12T01:04:35.763571Z"}
backend-1  | {"event_id": "efd101c6-efec-4684-b528-ebc4ae0a5792", "agent_id": "latency-agent", "event": "consumer.event_persisted", "level": "info", "timestamp": "2026-09-12T01:04:35.866939Z"}
backend-1  | {"event_id": "4b910d64-efbf-4df1-8529-6ea129e2377d", "agent_id": "latency-agent", "event": "consumer.event_persisted", "level": "info", "timestamp": "2026-09-12T01:04:35.967343Z"}
backend-1  | {"event_id": "d283da5b-8272-4f25-83fc-603ae500c59c", "agent_id": "latency-agent", "event": "consumer.event_persisted", "level": "info", "timestamp": "2026-09-12T01:04:36.054670Z"}
backend-1  | {"event_id": "577ab196-e9ed-4ec8-8213-dab6021dea7a", "agent_id": "latency-agent", "event": "consumer.event_persisted", "level": "info", "timestamp": "2026-09-12T01:04:36.160332Z"}
backend-1  | {"event_id": "c1d71c91-601d-4ae4-851f-55354cdb2379", "agent_id": "latency-agent", "event": "consumer.event_persisted", "level": "info", "timestamp": "2026-09-12T01:04:36.260400Z"}
backend-1  | {"event_id": "795db31d-4def-4a6b-a572-18ebf2f1dcbd", "agent_id": "latency-agent", "event": "consumer.event_persisted", "level": "info", "timestamp": "2026-09-12T01:04:36.360916Z"}
backend-1  | {"event_id": "e546c0ad-8065-442d-8e84-944c3001b063", "agent_id": "latency-agent", "event": "consumer.event_persisted", "level": "info", "timestamp": "2026-09-12T01:04:36.461172Z"}
backend-1  | {"event_id": "0a6dc5c8-f81d-42c9-ae09-ac488f5cb4fb", "agent_id": "latency-agent", "event": "consumer.event_persisted", "level": "info", "timestamp": "2026-09-12T01:04:36.550100Z"}
backend-1  | {"event_id": "a4727899-42d2-4d6f-ac69-0676308525ef", "agent_id": "latency-agent", "event": "consumer.event_persisted", "level": "info", "timestamp": "2026-09-12T01:04:36.657496Z"}
backend-1  | {"event_id": "7f3cc11d-1dda-4f72-95ad-14e693a5428d", "agent_id": "latency-agent", "event": "consumer.event_persisted", "level": "info", "timestamp": "2026-09-12T01:04:36.753285Z"}
backend-1  | {"event_id": "8631ce0a-9893-49cc-b666-25743d1739a4", "agent_id": "latency-agent", "event": "consumer.event_persisted", "level": "info", "timestamp": "2026-09-12T01:04:36.864246Z"}
backend-1  | {"event_id": "5860c0c0-20bb-4c43-9e79-5b204970c263", "agent_id": "latency-agent", "event": "consumer.event_persisted", "level": "info", "timestamp": "2026-09-12T01:04:36.966587Z"}
backend-1  | {"event_id": "53f5b44e-99e9-4cf2-80f3-8f14158f16e5", "agent_id": "latency-agent", "event": "consumer.event_persisted", "level": "info", "timestamp": "2026-09-12T01:04:37.060154Z"}
backend-1  | {"event_id": "8dac46d1-69a3-4bb4-8dca-799994824809", "agent_id": "latency-agent", "event": "consumer.event_persisted", "level": "info", "timestamp": "2026-09-12T01:04:37.161130Z"}
backend-1  | {"event_id": "8fe579a4-8cc5-4ccf-8bc2-2935b568b88f", "agent_id": "latency-agent", "event": "consumer.event_persisted", "level": "info", "timestamp": "2026-09-12T01:04:37.264441Z"}
backend-1  | {"event_id": "9dabd463-3b39-4742-b525-d14fffa3a60a", "agent_id": "latency-agent", "event": "consumer.event_persisted", "level": "info", "timestamp": "2026-09-12T01:04:37.366206Z"}
backend-1  | {"event_id": "320f694d-3efd-4d58-87f6-532a52630556", "agent_id": "latency-agent", "event": "consumer.event_persisted", "level": "info", "timestamp": "2026-09-12T01:04:37.457569Z"}
backend-1  | {"event_id": "cd4933a0-b70b-4d44-aac0-bcf557a67d44", "agent_id": "latency-agent", "event": "consumer.event_persisted", "level": "info", "timestamp": "2026-09-12T01:04:37.560662Z"}
backend-1  | {"event_id": "6f7e4aed-161c-47f4-b671-75e02beb00c1", "agent_id": "latency-agent", "event": "consumer.event_persisted", "level": "info", "timestamp": "2026-09-12T01:04:37.665534Z"}
backend-1  | {"event_id": "8b7bce27-e5e6-4985-8613-98279623bc4e", "agent_id": "latency-agent", "event": "consumer.event_persisted", "level": "info", "timestamp": "2026-09-12T01:04:37.760189Z"}
backend-1  | {"event_id": "1532524e-7099-4f78-9776-6484ab039b41", "agent_id": "latency-agent", "event": "consumer.event_persisted", "level": "info", "timestamp": "2026-09-12T01:04:37.856414Z"}
backend-1  | {"event_id": "06da8011-d9e7-4ad3-b4c5-57d2d878028a", "agent_id": "latency-agent", "event": "consumer.event_persisted", "level": "info", "timestamp": "2026-09-12T01:04:37.957410Z"}
backend-1  | {"event_id": "68dc80b6-c445-409a-a931-d9575f00d3d1", "agent_id": "latency-agent", "event": "consumer.event_persisted", "level": "info", "timestamp": "2026-09-12T01:04:38.065790Z"}
backend-1  | {"event_id": "205393b8-8f17-4a9a-89e2-d0f3ae47c031", "agent_id": "latency-agent", "event": "consumer.event_persisted", "level": "info", "timestamp": "2026-09-12T01:04:38.168777Z"}
