 Volume fimlatexperimentsclosure20260912t004612z_valkey_data Creating 
 Volume fimlatexperimentsclosure20260912t004612z_valkey_data Creating 
 Volume fimlatexperimentsclosure20260912t004612z_pg_data Creating 
 Volume fimlatexperimentsclosure20260912t004612z_pg_data Creating 
 Volume fimlatexperimentsclosure20260912t004612z_backend_certs Creating 
 Volume fimlatexperimentsclosure20260912t004612z_backend_certs Creating 
 Network fimlatexperimentsclosure20260912t004612z_lab_internal Creating 
 Network fimlatexperimentsclosure20260912t004612z_lab_internal Creating 
 Volume fimlatexperimentsclosure20260912t004612z_valkey_data Created 
 Volume fimlatexperimentsclosure20260912t004612z_valkey_data Created 
 Volume fimlatexperimentsclosure20260912t004612z_backend_certs Created 
 Volume fimlatexperimentsclosure20260912t004612z_backend_certs Created 
 Volume fimlatexperimentsclosure20260912t004612z_pg_data Created 
 Volume fimlatexperimentsclosure20260912t004612z_pg_data Created 
 Network fimlatexperimentsclosure20260912t004612z_lab_internal Created 
 Network fimlatexperimentsclosure20260912t004612z_lab_internal Created 
 Container fimlatexperimentsclosure20260912t004612z-valkey-1 Creating 
 Container fimlatexperimentsclosure20260912t004612z-db-1 Creating 
 Container fimlatexperimentsclosure20260912t004612z-valkey-1 Created 
 Container fimlatexperimentsclosure20260912t004612z-db-1 Created 
 Container fimlatexperimentsclosure20260912t004612z-backend-1 Creating 
 Container fimlatexperimentsclosure20260912t004612z-backend-1 Created 
 Container fimlatexperimentsclosure20260912t004612z-valkey-1 Starting 
 Container fimlatexperimentsclosure20260912t004612z-db-1 Starting 
 Container fimlatexperimentsclosure20260912t004612z-valkey-1 Started 
 Container fimlatexperimentsclosure20260912t004612z-db-1 Started 
 Container fimlatexperimentsclosure20260912t004612z-db-1 Waiting 
 Container fimlatexperimentsclosure20260912t004612z-valkey-1 Waiting 
 Container fimlatexperimentsclosure20260912t004612z-valkey-1 Healthy 
 Container fimlatexperimentsclosure20260912t004612z-db-1 Healthy 
 Container fimlatexperimentsclosure20260912t004612z-backend-1 Starting 
 Container fimlatexperimentsclosure20260912t004612z-backend-1 Started 
