[HOME]/Facultad/tesis/tesis-fim-serio/backend/.venv/lib/python3.13/site-packages/pytest_asyncio/plugin.py:207: PytestDeprecationWarning: The configuration option "asyncio_default_fixture_loop_scope" is unset.
The event loop scope for asynchronous fixtures will default to the fixture caching scope. Future versions of pytest-asyncio will default the loop scope for asynchronous fixtures to function scope. Set the default fixture loop scope explicitly in order to avoid unexpected behavior in the future. Valid fixture loop scopes are: "function", "class", "module", "package", "session"

  warnings.warn(PytestDeprecationWarning(_DEFAULT_FIXTURE_LOOP_SCOPE_UNSET))
============================= test session starts ==============================
platform linux -- Python 3.13.14, pytest-8.3.4, pluggy-1.6.0
rootdir: [HOME]/Facultad/tesis/tesis-fim-serio-worktrees/l4-events-chain/backend
configfile: pyproject.toml
plugins: anyio-4.14.0, timeout-2.3.1, asyncio-0.25.2, cov-6.0.0
timeout: 60.0s
timeout method: signal
timeout func_only: False
asyncio: mode=Mode.AUTO, asyncio_default_fixture_loop_scope=None
collected 612 items

backend/tests/core/test_notification_settings.py ....                    [  0%]
backend/tests/core/test_rate_limit_load.py .........                     [  2%]
backend/tests/core/test_rate_limit_semantics.py ..                       [  2%]
backend/tests/modules/events/test_retention.py ......                    [  3%]
backend/tests/modules/users/test_user_management.py .........            [  4%]
backend/tests/test_actions.py ...............                            [  7%]
backend/tests/test_actions_router.py .........................           [ 11%]
backend/tests/test_agent_cert_renewal.py .......                         [ 12%]
backend/tests/test_agent_mgmt.py ..............                          [ 14%]
backend/tests/test_agent_watch_path_status.py .........                  [ 16%]
backend/tests/test_auth.py ..........................                    [ 20%]
backend/tests/test_c22_auth.py ......                                    [ 21%]
backend/tests/test_c22_consumer.py .....                                 [ 22%]
backend/tests/test_c22_fk_chain.py ...                                   [ 22%]
backend/tests/test_c22_pki.py ......                                     [ 23%]
backend/tests/test_c22_scope_gate.py .....                               [ 24%]
backend/tests/test_c31_backend_event_correctness.py ..............       [ 26%]
backend/tests/test_c32_sse_security_fixes.py .............               [ 29%]
backend/tests/test_command_ack_consumer.py ...................           [ 32%]
backend/tests/test_consumer.py .......                                   [ 33%]
backend/tests/test_domain_models.py ..................                   [ 36%]
backend/tests/test_drain_backend_unit1.py ......                         [ 37%]
backend/tests/test_event_ack_status_field.py ...                         [ 37%]
backend/tests/test_event_action_error.py .........                       [ 39%]
backend/tests/test_event_consumer_c11.py .........                       [ 40%]
backend/tests/test_event_listing_contract.py ........................... [ 45%]
...                                                                      [ 45%]
backend/tests/test_event_router.py ....                                  [ 46%]
backend/tests/test_event_service.py ...............................      [ 51%]
backend/tests/test_event_severity.py .........                           [ 52%]
backend/tests/test_event_status_derivation.py .......................... [ 57%]
..                                                                       [ 57%]
backend/tests/test_event_symlink_metadata.py ......                      [ 58%]
backend/tests/test_health.py ...                                         [ 58%]
backend/tests/test_health_n8n_check.py .............                     [ 60%]
backend/tests/test_heartbeat_consumer.py ..........                      [ 62%]
backend/tests/test_integration_transport.py ..                           [ 62%]
backend/tests/test_jwt_key_rotation.py ..                                [ 63%]
backend/tests/test_logging_sanitize.py .........                         [ 64%]
backend/tests/test_logging_trace_id.py ....                              [ 65%]
backend/tests/test_mtls_transport.py .                                   [ 65%]
backend/tests/test_n8n_workflow_contract.py ..........                   [ 67%]
backend/tests/test_notification_payload_contract.py ...........          [ 68%]
backend/tests/test_notifications.py .................................... [ 74%]
...                                                                      [ 75%]
backend/tests/test_openspec_artifact_integrity.py .....                  [ 76%]
backend/tests/test_published_command_ack_tracking.py ......              [ 77%]
backend/tests/test_retention_task.py ....                                [ 77%]
backend/tests/test_rule_sync_outbox.py ....                              [ 78%]
backend/tests/test_rules_router.py .................                     [ 81%]
backend/tests/test_rules_service.py .................................    [ 86%]
backend/tests/test_ruleset_version_atomic.py ..                          [ 86%]
backend/tests/test_smtp_tls_modes.py .......                             [ 88%]
backend/tests/test_sse_alerts.py ...........................             [ 92%]
backend/tests/test_stream_ack_durability_consumer.py ................... [ 95%]
..........                                                               [ 97%]
backend/tests/test_stream_ack_durability_outbox.py .........             [ 98%]
backend/tests/test_timestamps_timezone_aware.py ........                 [100%]

=============================== warnings summary ===============================
../../tesis-fim-serio/backend/.venv/lib/python3.13/site-packages/fastapi/testclient.py:1
  [HOME]/Facultad/tesis/tesis-fim-serio/backend/.venv/lib/python3.13/site-packages/fastapi/testclient.py:1: StarletteDeprecationWarning: Using `httpx` with `starlette.testclient` is deprecated; install `httpx2` instead.
    from starlette.testclient import TestClient as TestClient  # noqa

tests/modules/users/test_user_management.py: 11 warnings
tests/test_actions_router.py: 22 warnings
tests/test_auth.py: 36 warnings
tests/test_c22_auth.py: 5 warnings
tests/test_c31_backend_event_correctness.py: 2 warnings
tests/test_event_listing_contract.py: 34 warnings
tests/test_event_router.py: 2 warnings
tests/test_event_severity.py: 3 warnings
tests/test_jwt_key_rotation.py: 2 warnings
tests/test_rules_router.py: 8 warnings
tests/test_timestamps_timezone_aware.py: 8 warnings
  [HOME]/Facultad/tesis/tesis-fim-serio/backend/.venv/lib/python3.13/site-packages/jose/jwt.py:311: DeprecationWarning: datetime.datetime.utcnow() is deprecated and scheduled for removal in a future version. Use timezone-aware objects to represent datetimes in UTC: datetime.datetime.now(datetime.UTC).
    now = timegm(datetime.utcnow().utctimetuple())

tests/test_actions_router.py::test_approve_absent_file_without_confirmation_returns_422
tests/test_auth.py::test_change_password_short_retorna_422
tests/test_rules_router.py::test_post_rules_empty_pattern_returns_422
  [HOME]/Facultad/tesis/tesis-fim-serio/backend/.venv/lib/python3.13/site-packages/fastapi/routing.py:328: StarletteDeprecationWarning: 'HTTP_422_UNPROCESSABLE_ENTITY' is deprecated. Use 'HTTP_422_UNPROCESSABLE_CONTENT' instead.
    return await dependant.call(**values)

tests/test_auth.py: 14 warnings
  [HOME]/Facultad/tesis/tesis-fim-serio/backend/.venv/lib/python3.13/site-packages/httpx/_client.py:1859: DeprecationWarning: Setting per-request cookies=<...> is being deprecated, because the expected behaviour on cookie persistence is ambiguous. Set cookies directly on the client instance instead.
    return await self.request(

tests/test_c22_pki.py::test_start_mtls_server_retorna_server_con_install_signal_handlers_false
  [HOME]/Facultad/tesis/tesis-fim-serio/backend/.venv/lib/python3.13/site-packages/websockets/legacy/__init__.py:6: DeprecationWarning: websockets.legacy is deprecated; see https://websockets.readthedocs.io/en/stable/howto/upgrade.html for upgrade instructions
    warnings.warn(  # deprecated in 14.0 - 2024-11-09

tests/test_c22_pki.py::test_start_mtls_server_retorna_server_con_install_signal_handlers_false
  [HOME]/Facultad/tesis/tesis-fim-serio/backend/.venv/lib/python3.13/site-packages/uvicorn/protocols/websockets/websockets_impl.py:17: DeprecationWarning: websockets.server.WebSocketServerProtocol is deprecated
    from websockets.server import WebSocketServerProtocol

tests/test_notifications.py::test_health_all_ok
tests/test_notifications.py::test_health_n8n_degraded_when_not_configured
tests/test_notifications.py::test_health_check_reads_health_url_not_webhook_url
  [HOME]/.local/share/uv/python/cpython-3.13.14-linux-x86_64-gnu/lib/python3.13/asyncio/base_events.py:2045: RuntimeWarning: coroutine 'AsyncMockMixin._execute_mock_call' was never awaited
    handle = self._ready.popleft()
  Enable tracemalloc to get traceback where the object was allocated.
  See https://docs.pytest.org/en/stable/how-to/capture-warnings.html#resource-warnings for more info.

-- Docs: https://docs.pytest.org/en/stable/how-to/capture-warnings.html
- generated xml file: [HOME]/Facultad/tesis/tesis-fim-serio-worktrees/l4-events-chain/.v10-evidence/l4/green/backend_full.xml -
================ 612 passed, 156 warnings in 147.80s (0:02:27) =================
 pytest_runtest_protocol
INTERNALERROR>     res = yield
INTERNALERROR>           ^^^^^
INTERNALERROR>   File "[HOME]/Facultad/tesis/tesis-fim-serio/backend/.venv/lib/python3.13/site-packages/pluggy/_callers.py", line 139, in _multicall
INTERNALERROR>     teardown.throw(exception)
INTERNALERROR>     ~~~~~~~~~~~~~~^^^^^^^^^^^
INTERNALERROR>   File "[HOME]/Facultad/tesis/tesis-fim-serio/backend/.venv/lib/python3.13/site-packages/_pytest/faulthandler.py", line 88, in pytest_runtest_protocol
INTERNALERROR>     return (yield)
INTERNALERROR>             ^^^^^
INTERNALERROR>   File "[HOME]/Facultad/tesis/tesis-fim-serio/backend/.venv/lib/python3.13/site-packages/pluggy/_callers.py", line 121, in _multicall
INTERNALERROR>     res = hook_impl.function(*args)
INTERNALERROR>   File "[HOME]/Facultad/tesis/tesis-fim-serio/backend/.venv/lib/python3.13/site-packages/_pytest/runner.py", line 113, in pytest_runtest_protocol
INTERNALERROR>     runtestprotocol(item, nextitem=nextitem)
INTERNALERROR>     ~~~~~~~~~~~~~~~^^^^^^^^^^^^^^^^^^^^^^^^^
INTERNALERROR>   File "[HOME]/Facultad/tesis/tesis-fim-serio/backend/.venv/lib/python3.13/site-packages/_pytest/runner.py", line 126, in runtestprotocol
INTERNALERROR>     rep = call_and_report(item, "setup", log)
INTERNALERROR>   File "[HOME]/Facultad/tesis/tesis-fim-serio/backend/.venv/lib/python3.13/site-packages/_pytest/runner.py", line 244, in call_and_report
INTERNALERROR>     report: TestReport = ihook.pytest_runtest_makereport(item=item, call=call)
INTERNALERROR>                          ~~~~~~~~~~~~~~~~~~~~~~~~~~~~~~~^^^^^^^^^^^^^^^^^^^^^^
INTERNALERROR>   File "[HOME]/Facultad/tesis/tesis-fim-serio/backend/.venv/lib/python3.13/site-packages/pluggy/_hooks.py", line 512, in __call__
INTERNALERROR>     return self._hookexec(self.name, self._hookimpls.copy(), kwargs, firstresult)
INTERNALERROR>            ~~~~~~~~~~~~~~^^^^^^^^^^^^^^^^^^^^^^^^^^^^^^^^^^^^^^^^^^^^^^^^^^^^^^^^
INTERNALERROR>   File "[HOME]/Facultad/tesis/tesis-fim-serio/backend/.venv/lib/python3.13/site-packages/pluggy/_manager.py", line 120, in _hookexec
INTERNALERROR>     return self._inner_hookexec(hook_name, methods, kwargs, firstresult)
INTERNALERROR>            ~~~~~~~~~~~~~~~~~~~~^^^^^^^^^^^^^^^^^^^^^^^^^^^^^^^^^^^^^^^^^
INTERNALERROR>   File "[HOME]/Facultad/tesis/tesis-fim-serio/backend/.venv/lib/python3.13/site-packages/pluggy/_callers.py", line 167, in _multicall
INTERNALERROR>     raise exception
INTERNALERROR>   File "[HOME]/Facultad/tesis/tesis-fim-serio/backend/.venv/lib/python3.13/site-packages/pluggy/_callers.py", line 139, in _multicall
INTERNALERROR>     teardown.throw(exception)
INTERNALERROR>     ~~~~~~~~~~~~~~^^^^^^^^^^^
INTERNALERROR>   File "[HOME]/Facultad/tesis/tesis-fim-serio/backend/.venv/lib/python3.13/site-packages/_pytest/tmpdir.py", line 310, in pytest_runtest_makereport
INTERNALERROR>     rep = yield
INTERNALERROR>           ^^^^^
INTERNALERROR>   File "[HOME]/Facultad/tesis/tesis-fim-serio/backend/.venv/lib/python3.13/site-packages/pluggy/_callers.py", line 139, in _multicall
INTERNALERROR>     teardown.throw(exception)
INTERNALERROR>     ~~~~~~~~~~~~~~^^^^^^^^^^^
INTERNALERROR>   File "[HOME]/Facultad/tesis/tesis-fim-serio/backend/.venv/lib/python3.13/site-packages/_pytest/skipping.py", line 269, in pytest_runtest_makereport
INTERNALERROR>     rep = yield
INTERNALERROR>           ^^^^^
INTERNALERROR>   File "[HOME]/Facultad/tesis/tesis-fim-serio/backend/.venv/lib/python3.13/site-packages/pluggy/_callers.py", line 121, in _multicall
INTERNALERROR>     res = hook_impl.function(*args)
INTERNALERROR>   File "[HOME]/Facultad/tesis/tesis-fim-serio/backend/.venv/lib/python3.13/site-packages/_pytest/runner.py", line 368, in pytest_runtest_makereport
INTERNALERROR>     return TestReport.from_item_and_call(item, call)
INTERNALERROR>            ~~~~~~~~~~~~~~~~~~~~~~~~~~~~~^^^^^^^^^^^^
INTERNALERROR>   File "[HOME]/Facultad/tesis/tesis-fim-serio/backend/.venv/lib/python3.13/site-packages/_pytest/reports.py", line 378, in from_item_and_call
INTERNALERROR>     longrepr = item._repr_failure_py(
INTERNALERROR>         excinfo, style=item.config.getoption("tbstyle", "auto")
INTERNALERROR>     )
INTERNALERROR>   File "[HOME]/Facultad/tesis/tesis-fim-serio/backend/.venv/lib/python3.13/site-packages/_pytest/nodes.py", line 456, in _repr_failure_py
INTERNALERROR>     return excinfo.getrepr(
INTERNALERROR>            ~~~~~~~~~~~~~~~^
INTERNALERROR>         funcargs=True,
INTERNALERROR>         ^^^^^^^^^^^^^^
INTERNALERROR>     ...<5 lines>...
INTERNALERROR>         truncate_args=truncate_args,
INTERNALERROR>         ^^^^^^^^^^^^^^^^^^^^^^^^^^^^
INTERNALERROR>     )
INTERNALERROR>     ^
INTERNALERROR>   File "[HOME]/Facultad/tesis/tesis-fim-serio/backend/.venv/lib/python3.13/site-packages/_pytest/_code/code.py", line 690, in getrepr
INTERNALERROR>     return fmt.repr_excinfo(self)
INTERNALERROR>            ~~~~~~~~~~~~~~~~^^^^^^
INTERNALERROR>   File "[HOME]/Facultad/tesis/tesis-fim-serio/backend/.venv/lib/python3.13/site-packages/_pytest/_code/code.py", line 1058, in repr_excinfo
INTERNALERROR>     reprtraceback = self.repr_traceback(excinfo_)
INTERNALERROR>   File "[HOME]/Facultad/tesis/tesis-fim-serio/backend/.venv/lib/python3.13/site-packages/_pytest/_code/code.py", line 992, in repr_traceback
INTERNALERROR>     self.repr_traceback_entry(entry, excinfo if last == entry else None)
INTERNALERROR>     ~~~~~~~~~~~~~~~~~~~~~~~~~^^^^^^^^^^^^^^^^^^^^^^^^^^^^^^^^^^^^^^^^^^^
INTERNALERROR>   File "[HOME]/Facultad/tesis/tesis-fim-serio/backend/.venv/lib/python3.13/site-packages/_pytest/_code/code.py", line 930, in repr_traceback_entry
INTERNALERROR>     source = self._getentrysource(entry)
INTERNALERROR>   File "[HOME]/Facultad/tesis/tesis-fim-serio/backend/.venv/lib/python3.13/site-packages/_pytest/_code/code.py", line 828, in _getentrysource
INTERNALERROR>     source = entry.getsource(self.astcache)
INTERNALERROR>   File "[HOME]/Facultad/tesis/tesis-fim-serio/backend/.venv/lib/python3.13/site-packages/_pytest/_code/code.py", line 262, in getsource
INTERNALERROR>     astnode, _, end = getstatementrange_ast(
INTERNALERROR>                       ~~~~~~~~~~~~~~~~~~~~~^
INTERNALERROR>         self.lineno, source, astnode=astnode
INTERNALERROR>         ^^^^^^^^^^^^^^^^^^^^^^^^^^^^^^^^^^^^
INTERNALERROR>     )
INTERNALERROR>     ^
INTERNALERROR>   File "[HOME]/Facultad/tesis/tesis-fim-serio/backend/.venv/lib/python3.13/site-packages/_pytest/_code/source.py", line 183, in getstatementrange_ast
INTERNALERROR>     start, end = get_statement_startend2(lineno, astnode)
INTERNALERROR>                  ~~~~~~~~~~~~~~~~~~~~~~~^^^^^^^^^^^^^^^^^
INTERNALERROR>   File "[HOME]/Facultad/tesis/tesis-fim-serio/backend/.venv/lib/python3.13/site-packages/_pytest/_code/source.py", line 147, in get_statement_startend2
INTERNALERROR>     for x in ast.walk(node):
INTERNALERROR>              ~~~~~~~~^^^^^^
INTERNALERROR>   File "[HOME]/.local/share/uv/python/cpython-3.13.14-linux-x86_64-gnu/lib/python3.13/ast.py", line 394, in walk
INTERNALERROR>     todo.extend(iter_child_nodes(node))
INTERNALERROR>     ~~~~~~~~~~~^^^^^^^^^^^^^^^^^^^^^^^^
INTERNALERROR>   File "[HOME]/.local/share/uv/python/cpython-3.13.14-linux-x86_64-gnu/lib/python3.13/ast.py", line 284, in iter_child_nodes
INTERNALERROR>     def iter_child_nodes(node):
INTERNALERROR>     
INTERNALERROR>   File "[HOME]/Facultad/tesis/tesis-fim-serio/backend/.venv/lib/python3.13/site-packages/pytest_timeout.py", line 313, in handler
INTERNALERROR>     timeout_sigalrm(item, settings)
INTERNALERROR>     ~~~~~~~~~~~~~~~^^^^^^^^^^^^^^^^
INTERNALERROR>   File "[HOME]/Facultad/tesis/tesis-fim-serio/backend/.venv/lib/python3.13/site-packages/pytest_timeout.py", line 498, in timeout_sigalrm
INTERNALERROR>     pytest.fail("Timeout >%ss" % settings.timeout)
INTERNALERROR>     ~~~~~~~~~~~^^^^^^^^^^^^^^^^^^^^^^^^^^^^^^^^^^^
INTERNALERROR>   File "[HOME]/Facultad/tesis/tesis-fim-serio/backend/.venv/lib/python3.13/site-packages/_pytest/outcomes.py", line 178, in fail
INTERNALERROR>     raise Failed(msg=reason, pytrace=pytrace)
INTERNALERROR> Failed: Timeout >60.0s

===== 1 failed, 181 passed, 124 warnings, 129 errors in 192.36s (0:03:12) ======
