COMMANDS.md: OK
RESULTADO.md: OK
candidate-files.sha256: OK
candidate-manifest.sha256: OK
candidate-modes.tsv: OK
combined-run1/artifacts/.last-run.json: OK
combined-run1/logout-contract.json: OK
combined-run1/parent-id-rendering.json: OK
combined-run1/playwright-junit.xml: OK
combined-run1/playwright-results.json: OK
combined-run1/sse-chain.json: OK
combined-run1/sse-reconnect.json: OK
combined-run2/artifacts/.last-run.json: OK
combined-run2/logout-contract.json: OK
combined-run2/parent-id-rendering.json: OK
combined-run2/playwright-junit.xml: OK
combined-run2/playwright-results.json: OK
combined-run2/sse-chain.json: OK
combined-run2/sse-reconnect.json: OK
compose-build.log: OK
compose-up.log: OK
environment.json: OK
frontend-build.log: OK
git-diff-check.log: OK
playwright-combined-run1.log: OK
playwright-combined-run2.log: OK
playwright-us02.log: OK
playwright-us20-run1.log: OK
playwright-us20-run2.log: OK
playwright-us31.log: OK
runtime-sanitized.log: OK
sanitization-result.json: OK
sanitizer.log: OK
secret-scan.log: OK
services-before-teardown.json: OK
source-head.commit: OK
teardown-result.json: OK
teardown.log: OK
us02/artifacts/.last-run.json: OK
us02/logout-contract.json: OK
us02/playwright-junit.xml: OK
us02/playwright-results.json: OK
us20-run1/artifacts/.last-run.json: OK
us20-run1/playwright-junit.xml: OK
us20-run1/playwright-results.json: OK
us20-run1/sse-chain.json: OK
us20-run1/sse-reconnect.json: OK
us20-run2/artifacts/.last-run.json: OK
us20-run2/playwright-junit.xml: OK
us20-run2/playwright-results.json: OK
us20-run2/sse-chain.json: OK
us20-run2/sse-reconnect.json: OK
us31/artifacts/.last-run.json: OK
us31/parent-id-rendering.json: OK
us31/playwright-junit.xml: OK
us31/playwright-results.json: OK
