 Image fim-acceptance-frontend:local Building 
 Image fim-acceptance-backend:local Building 
#1 [internal] load local bake definitions
#1 reading from stdin 1.25kB done
#1 DONE 0.0s

#2 [frontend internal] load build definition from Dockerfile
#2 transferring dockerfile: 783B done
#2 DONE 0.0s

#3 [backend internal] load build definition from Dockerfile
#3 transferring dockerfile: 3.49kB done
#3 DONE 0.0s

#4 [frontend internal] load metadata for docker.io/library/nginx:alpine
#4 DONE 0.0s

#5 [backend internal] load metadata for docker.io/library/python:3.13-slim
#5 DONE 1.0s

#6 [frontend internal] load metadata for docker.io/library/node:22-alpine
#6 DONE 1.1s

#7 [backend internal] load .dockerignore
#7 transferring context: 162B done
#7 DONE 0.0s

#8 [frontend internal] load .dockerignore
#8 transferring context: 58B done
#8 DONE 0.0s

#9 [backend internal] load build context
#9 transferring context: 631.63kB 0.0s done
#9 DONE 0.0s

#10 [backend builder 1/5] FROM docker.io/library/python:3.13-slim@sha256:[REDACTED-OPAQUE]
#10 resolve docker.io/library/python:3.13-slim@sha256:[REDACTED-OPAQUE] 0.0s done
#10 DONE 0.0s

#11 [frontend build 1/7] FROM docker.io/library/node:22-alpine@sha256:[REDACTED-OPAQUE]
#11 resolve docker.io/library/node:22-alpine@sha256:[REDACTED-OPAQUE] 0.0s done
#11 DONE 0.0s

#12 [frontend serve 1/3] FROM docker.io/library/nginx:alpine@sha256:[REDACTED-OPAQUE]
#12 resolve docker.io/library/nginx:alpine@sha256:[REDACTED-OPAQUE] 0.0s done
#12 DONE 0.0s

#13 [frontend internal] load build context
#13 transferring context: 1.99MB 0.0s done
#13 DONE 0.0s

#14 [backend builder 2/5] RUN python -m venv /opt/venv
#14 CACHED

#15 [backend runtime 5/6] RUN mkdir /certs && chown app:app /certs
#15 CACHED

#16 [backend runtime 3/6] COPY --from=builder /opt/venv /opt/venv
#16 CACHED

#17 [backend builder 3/5] WORKDIR /build
#17 CACHED

#18 [backend runtime 2/6] RUN useradd --create-home --uid 10001 app
#18 CACHED

#19 [backend builder 4/5] COPY requirements.txt .
#19 CACHED

#20 [backend builder 5/5] RUN pip install --no-cache-dir --upgrade pip  && pip install --no-cache-dir -r requirements.txt
#20 CACHED

#21 [backend runtime 4/6] WORKDIR /app
#21 CACHED

#22 [backend runtime 6/6] COPY --chown=app:app app/ /app/app/
#22 CACHED

#23 [frontend build 2/7] RUN corepack enable
#23 CACHED

#24 [frontend build 5/7] RUN pnpm install --frozen-lockfile
#24 CACHED

#25 [frontend build 6/7] COPY . .
#25 CACHED

#26 [frontend build 7/7] RUN pnpm build
#26 CACHED

#27 [frontend build 4/7] COPY package.json pnpm-lock.yaml ./
#27 CACHED

#28 [frontend build 3/7] WORKDIR /app
#28 CACHED

#29 [frontend serve 2/3] COPY --from=build /app/dist /usr/share/nginx/html
#29 CACHED

#30 [frontend serve 3/3] COPY nginx.conf /etc/nginx/conf.d/default.conf
#30 CACHED

#31 [frontend] exporting to image
#31 exporting layers done
#31 exporting manifest sha256:[REDACTED-OPAQUE] done
#31 exporting config sha256:[REDACTED-OPAQUE] 0.0s done
#31 exporting attestation manifest sha256:[REDACTED-OPAQUE] 0.0s done
#31 exporting manifest list sha256:[REDACTED-OPAQUE] done
#31 naming to docker.io/library/fim-acceptance-frontend:local done
#31 unpacking to docker.io/library/fim-acceptance-frontend:local 0.0s done
#31 DONE 0.1s

#32 [backend] exporting to image
#32 exporting layers done
#32 exporting manifest sha256:[REDACTED-OPAQUE] done
#32 exporting config sha256:[REDACTED-OPAQUE] 0.0s done
#32 exporting attestation manifest sha256:[REDACTED-OPAQUE] 0.0s done
#32 exporting manifest list sha256:[REDACTED-OPAQUE] done
#32 naming to docker.io/library/fim-acceptance-backend:local done
#32 unpacking to docker.io/library/fim-acceptance-backend:local
#32 ...

#33 [frontend] resolving provenance for metadata file
#33 DONE 0.0s

#32 [backend] exporting to image
#32 unpacking to docker.io/library/fim-acceptance-backend:local 1.1s done
#32 DONE 1.2s

#34 [backend] resolving provenance for metadata file
#34 DONE 0.0s
 Image fim-acceptance-backend:local Built 
 Image fim-acceptance-frontend:local Built 
