 Network fiml7us24419610_lab_internal Creating 
 Network fiml7us24419610_lab_internal Creating 
 Volume fiml7us24419610_valkey_data Creating 
 Volume fiml7us24419610_valkey_data Creating 
 Volume fiml7us24419610_pg_data Creating 
 Volume fiml7us24419610_pg_data Creating 
 Volume fiml7us24419610_backend_certs Creating 
 Volume fiml7us24419610_backend_certs Creating 
 Volume fiml7us24419610_valkey_data Created 
 Volume fiml7us24419610_valkey_data Created 
 Volume fiml7us24419610_pg_data Created 
 Volume fiml7us24419610_pg_data Created 
 Volume fiml7us24419610_backend_certs Created 
 Volume fiml7us24419610_backend_certs Created 
 Network fiml7us24419610_lab_internal Created 
 Network fiml7us24419610_lab_internal Created 
 Container fiml7us24419610-valkey-1 Creating 
 Container fiml7us24419610-db-1 Creating 
 Container fiml7us24419610-valkey-1 Created 
 Container fiml7us24419610-db-1 Created 
 Container fiml7us24419610-backend-1 Creating 
 Container fiml7us24419610-backend-1 Created 
 Container fiml7us24419610-db-1 Starting 
 Container fiml7us24419610-valkey-1 Starting 
 Container fiml7us24419610-db-1 Started 
 Container fiml7us24419610-valkey-1 Started 
 Container fiml7us24419610-valkey-1 Waiting 
 Container fiml7us24419610-db-1 Waiting 
 Container fiml7us24419610-valkey-1 Healthy 
 Container fiml7us24419610-db-1 Healthy 
 Container fiml7us24419610-backend-1 Starting 
 Container fiml7us24419610-backend-1 Started 
