 Container fiml7us24419610-agent-1 Stopping 
 Container fiml7us24419610-agent-1 Stopped 
 Container fiml7us24419610-agent-1 Removing 
 Container fiml7us24419610-agent-1 Removed 
 Container fiml7us24419610-backend-1 Stopping 
 Container fiml7us24419610-backend-1 Stopped 
 Container fiml7us24419610-backend-1 Removing 
 Container fiml7us24419610-backend-1 Removed 
 Container fiml7us24419610-db-1 Stopping 
 Container fiml7us24419610-valkey-1 Stopping 
 Container fiml7us24419610-valkey-1 Stopped 
 Container fiml7us24419610-valkey-1 Removing 
 Container fiml7us24419610-db-1 Stopped 
 Container fiml7us24419610-db-1 Removing 
 Container fiml7us24419610-valkey-1 Removed 
 Container fiml7us24419610-db-1 Removed 
 Volume fiml7us24419610_agent_state Removing 
 Network fiml7us24419610_lab_internal Removing 
 Volume fiml7us24419610_agent_state Removed 
 Volume fiml7us24419610_pg_data Removing 
 Volume fiml7us24419610_backend_certs Removing 
 Volume fiml7us24419610_valkey_data Removing 
 Volume fiml7us24419610_pg_data Removed 
 Volume fiml7us24419610_valkey_data Removed 
 Volume fiml7us24419610_backend_certs Removed 
 Network fiml7us24419610_lab_internal Removed 
