Connecting to 127.0.0.1
Can't use SSL_get_servername
depth=1 CN=FIM Platform CA, O=FIM Platform
verify return:1
depth=0 CN=valkey
verify return:1
CONNECTED(00000003)
---
Certificate chain
 0 s:CN=valkey
   i:CN=FIM Platform CA, O=FIM Platform
   a:PKEY: ED25519, 256 (bit); sigalg: ED25519
   v:NotBefore: Sep 12 20:25:39 2026 GMT; NotAfter: Dec 11 20:30:39 2026 GMT
 1 s:CN=FIM Platform CA, O=FIM Platform
   i:CN=FIM Platform CA, O=FIM Platform
   a:PKEY: ED25519, 256 (bit); sigalg: ED25519
   v:NotBefore: Sep 12 20:29:07 2026 GMT; NotAfter: Sep  9 20:29:07 2036 GMT
---
Server certificate
-----BEGIN CERTIFICATE-----
MIIBeDCCASqgAwIBAgIUMOpYnRqKElQ/2qhzAWpVkxJPyN8wBQYDK2VwMDExGDAW
BgNVBAMMD0ZJTSBQbGF0Zm9ybSBDQTEVMBMGA1UECgwMRklNIFBsYXRmb3JtMB4X
DTI2MDkxMjIwMjUzOVoXDTI2MTIxMTIwMzAzOVowETEPMA0GA1UEAwwGdmFsa2V5
MCowBQYDK2VwAyEABizX0HqHQuJY5Yu2jAtAX78dfREVefBJEKPrfSqrWumjdDBy
MCIGA1UdEQQbMBmCBnZhbGtleYIJbG9jYWxob3N0hwR/AAABMAwGA1UdEwEB/wQC
MAAwHQYDVR0lBBYwFAYIKwYBBQUHAwEGCCsGAQUFBwMCMB8GA1UdIwQYMBaAFN51
M6+Dqa1cG3rmiPYcpdPCGHaRMAUGAytlcANBANJsyWqDIBQ1yfG0fQV2FaiXWnUT
jeRgr5+pkw5vz0B3TxqeIrSTcfMBAByD5kXZTGjmQ6M0NRXNAMtx53v5cQU=
-----END CERTIFICATE-----
subject=CN=valkey
issuer=CN=FIM Platform CA, O=FIM Platform
---
No client certificate CA names sent
Requested Signature Algorithms: id-ml-dsa-65:id-ml-dsa-87:id-ml-dsa-44:ECDSA+SHA256:ECDSA+SHA384:ECDSA+SHA512:ed25519:ed448:ecdsa_brainpoolP256r1_sha256:ecdsa_brainpoolP384r1_sha384:ecdsa_brainpoolP512r1_sha512:rsa_pss_pss_sha256:rsa_pss_pss_sha384:rsa_pss_pss_sha512:RSA-PSS+SHA256:RSA-PSS+SHA384:RSA-PSS+SHA512:RSA+SHA256:RSA+SHA384:RSA+SHA512
Shared Requested Signature Algorithms: id-ml-dsa-65:id-ml-dsa-87:id-ml-dsa-44:ECDSA+SHA256:ECDSA+SHA384:ECDSA+SHA512:ed25519:ed448:ecdsa_brainpoolP256r1_sha256:ecdsa_brainpoolP384r1_sha384:ecdsa_brainpoolP512r1_sha512:rsa_pss_pss_sha256:rsa_pss_pss_sha384:rsa_pss_pss_sha512:RSA-PSS+SHA256:RSA-PSS+SHA384:RSA-PSS+SHA512:RSA+SHA256:RSA+SHA384:RSA+SHA512
Peer signature type: ed25519
Negotiated TLS1.3 group: X25519MLKEM768
---
SSL handshake has read 2283 bytes and written 2046 bytes
Verification: OK
---
New, TLSv1.3, Cipher is TLS_AES_256_GCM_SHA384
Protocol: TLSv1.3
Server public key is 256 bit
This TLS version forbids renegotiation.
Compression: NONE
Expansion: NONE
No ALPN negotiated
Early data was not sent
Verify return code: 0 (ok)
---
00813EDC367A0000:error:0A000418:SSL routines:ssl3_read_bytes:tlsv1 alert unknown ca:ssl/record/rec_layer_s3.c:918:SSL alert number 48
00813EDC367A0000:error:0A000197:SSL routines:SSL_shutdown:shutdown while in init:ssl/ssl_lib.c:2804:
