 Image fim-acceptance-frontend:local Building 
 Image fim-acceptance-agent:local Building 
 Image fim-acceptance-backend:local Building 
#1 [internal] load local bake definitions
#1 reading from stdin 1.75kB done
#1 DONE 0.0s

#2 [frontend internal] load build definition from Dockerfile
#2 transferring dockerfile: 783B done
#2 DONE 0.0s

#3 [agent internal] load build definition from Dockerfile
#3 transferring dockerfile: 2.86kB done
#3 DONE 0.0s

#4 [backend internal] load build definition from Dockerfile
#4 transferring dockerfile: 3.49kB done
#4 DONE 0.0s

#5 [frontend internal] load metadata for docker.io/library/nginx:alpine
#5 DONE 0.0s

#6 [backend internal] load metadata for docker.io/library/python:3.13-slim
#6 DONE 0.0s

#7 [backend internal] load .dockerignore
#7 transferring context: 162B done
#7 DONE 0.0s

#8 [agent internal] load .dockerignore
#8 transferring context: 228B done
#8 DONE 0.0s

#9 [backend internal] load build context
#9 transferring context: 309.77kB done
#9 DONE 0.0s

#10 [agent builder 1/5] FROM docker.io/library/python:3.13-slim@sha256:[REDACTED-OPAQUE]
#10 resolve docker.io/library/python:3.13-slim@sha256:[REDACTED-OPAQUE] 0.0s done
#10 DONE 0.0s

#11 [agent internal] load build context
#11 transferring context: 815B done
#11 DONE 0.0s

#12 [backend runtime 4/6] WORKDIR /app
#12 CACHED

#13 [backend builder 5/5] RUN pip install --no-cache-dir --upgrade pip  && pip install --no-cache-dir -r requirements.txt
#13 CACHED

#14 [backend runtime 3/6] COPY --from=builder /opt/venv /opt/venv
#14 CACHED

#15 [backend runtime 5/6] RUN mkdir /certs && chown app:app /certs
#15 CACHED

#16 [backend runtime 2/6] RUN useradd --create-home --uid 10001 app
#16 CACHED

#17 [backend builder 4/5] COPY requirements.txt .
#17 CACHED

#18 [backend runtime 6/6] COPY --chown=app:app app/ /app/app/
#18 CACHED

#19 [agent runtime 2/5] COPY --from=builder /opt/venv /opt/venv
#19 CACHED

#20 [agent builder 2/5] RUN python -m venv /opt/venv
#20 CACHED

#21 [agent runtime 3/5] WORKDIR /app
#21 CACHED

#22 [agent builder 3/5] WORKDIR /build
#22 CACHED

#23 [agent runtime 4/5] COPY . /app/agent/
#23 CACHED

#24 [agent builder 5/5] RUN pip install --no-cache-dir --upgrade pip  && pip install --no-cache-dir -r requirements.txt
#24 CACHED

#25 [agent builder 4/5] COPY requirements.txt .
#25 CACHED

#26 [agent runtime 5/5] RUN mkdir -p /var/lib/fim-agent /watch
#26 CACHED

#27 [backend] exporting to image
#27 exporting layers done
#27 exporting manifest sha256:[REDACTED-OPAQUE] done
#27 exporting config sha256:[REDACTED-OPAQUE] done
#27 exporting attestation manifest sha256:[REDACTED-OPAQUE] 0.0s done
#27 exporting manifest list sha256:[REDACTED-OPAQUE] 0.0s done
#27 naming to docker.io/library/fim-acceptance-backend:local done
#27 unpacking to docker.io/library/fim-acceptance-backend:local
#27 unpacking to docker.io/library/fim-acceptance-backend:local 0.0s done
#27 DONE 0.1s

#28 [agent] exporting to image
#28 exporting layers done
#28 exporting manifest sha256:[REDACTED-OPAQUE] done
#28 exporting config sha256:[REDACTED-OPAQUE] 0.0s done
#28 exporting attestation manifest sha256:[REDACTED-OPAQUE] 0.0s done
#28 exporting manifest list sha256:[REDACTED-OPAQUE] done
#28 naming to docker.io/library/fim-acceptance-agent:local done
#28 unpacking to docker.io/library/fim-acceptance-agent:local done
#28 DONE 0.1s

#29 [agent] resolving provenance for metadata file
#29 DONE 0.0s

#30 [backend] resolving provenance for metadata file
#30 DONE 0.0s

#31 [frontend internal] load metadata for docker.io/library/node:22-alpine
#31 DONE 0.7s

#32 [frontend internal] load .dockerignore
#32 transferring context: 58B done
#32 DONE 0.0s

#33 [frontend build 1/7] FROM docker.io/library/node:22-alpine@sha256:[REDACTED-OPAQUE]
#33 resolve docker.io/library/node:22-alpine@sha256:[REDACTED-OPAQUE] 0.0s done
#33 DONE 0.0s

#34 [frontend internal] load build context
#34 transferring context: 553.56kB 0.0s done
#34 DONE 0.0s

#35 [frontend serve 1/3] FROM docker.io/library/nginx:alpine@sha256:[REDACTED-OPAQUE]
#35 resolve docker.io/library/nginx:alpine@sha256:[REDACTED-OPAQUE] 0.0s done
#35 DONE 0.0s

#36 [frontend build 4/7] COPY package.json pnpm-lock.yaml ./
#36 CACHED

#37 [frontend build 2/7] RUN corepack enable
#37 CACHED

#38 [frontend build 3/7] WORKDIR /app
#38 CACHED

#39 [frontend build 5/7] RUN pnpm install --frozen-lockfile
#39 CACHED

#40 [frontend build 6/7] COPY . .
#40 DONE 0.0s

#41 [frontend build 7/7] RUN pnpm build
#41 0.671 
#41 0.671 > fim-frontend@0.0.1 build /app
#41 0.671 > tsc -b && vite build
#41 0.671 
#41 4.857 vite v6.4.3 building for production...
#41 4.948 transforming...
#41 7.154 ✓ 277 modules transformed.
#41 7.529 rendering chunks...
#41 7.544 computing gzip size...
#41 7.570 dist/index.html                   0.46 kB │ gzip:   0.30 kB
#41 7.570 dist/assets/index-CJO_eB-P.css   27.77 kB │ gzip:   6.13 kB
#41 7.570 dist/assets/index-DUwWxOTW.js   505.83 kB │ gzip: 156.29 kB
#41 7.570 
#41 7.570 (!) Some chunks are larger than 500 kB after minification. Consider:
#41 7.570 - Using dynamic import() to code-split the application
#41 7.570 - Use build.rollupOptions.output.manualChunks to improve chunking: https://rollupjs.org/configuration-options/#output-manualchunks
#41 7.570 - Adjust chunk size limit for this warning via build.chunkSizeWarningLimit.
#41 7.571 ✓ built in 2.68s
#41 DONE 7.7s

#42 [frontend serve 2/3] COPY --from=build /app/dist /usr/share/nginx/html
#42 CACHED

#43 [frontend serve 3/3] COPY nginx.conf /etc/nginx/conf.d/default.conf
#43 CACHED

#44 [frontend] exporting to image
#44 exporting layers done
#44 exporting manifest sha256:[REDACTED-OPAQUE] done
#44 exporting config sha256:[REDACTED-OPAQUE] done
#44 exporting attestation manifest sha256:[REDACTED-OPAQUE] done
#44 exporting manifest list sha256:[REDACTED-OPAQUE] done
#44 naming to docker.io/library/fim-acceptance-frontend:local done
#44 unpacking to docker.io/library/fim-acceptance-frontend:local 0.0s done
#44 DONE 0.1s

#45 [frontend] resolving provenance for metadata file
#45 DONE 0.0s
 Image fim-acceptance-backend:local Built 
 Image fim-acceptance-frontend:local Built 
 Image fim-acceptance-agent:local Built 
