COMMANDS.md: OK
RESULTADO.md: OK
agent-up.log: OK
artifacts/.last-run.json: OK
compose-build.log: OK
compose-up.log: OK
environment.json: OK
frontend-build.log: OK
playwright-combined-repeat.log: OK
playwright-combined.log: OK
playwright-junit.xml: OK
playwright-results.json: OK
playwright-us03.log: OK
playwright-us16-us17.log: OK
playwright-us25.log: OK
runtime-sanitized.log: OK
services-before-teardown.json: OK
teardown-result.json: OK
teardown.log: OK
us03-multikey-result.json: OK
us03-rotation.log: OK
