 Network [REDACTED-OPAQUE] Creating 
 Network [REDACTED-OPAQUE] Creating 
 Volume [REDACTED-OPAQUE] Creating 
 Volume [REDACTED-OPAQUE] Creating 
 Volume [REDACTED-OPAQUE] Creating 
 Volume [REDACTED-OPAQUE] Creating 
 Volume [REDACTED-OPAQUE] Creating 
 Volume [REDACTED-OPAQUE] Creating 
 Volume [REDACTED-OPAQUE] Created 
 Volume [REDACTED-OPAQUE] Created 
 Volume [REDACTED-OPAQUE] Created 
 Volume [REDACTED-OPAQUE] Created 
 Volume [REDACTED-OPAQUE] Created 
 Volume [REDACTED-OPAQUE] Created 
 Network [REDACTED-OPAQUE] Created 
 Network [REDACTED-OPAQUE] Created 
 Container [REDACTED-OPAQUE] Creating 
 Container [REDACTED-OPAQUE] Creating 
 Container [REDACTED-OPAQUE] Created 
 Container [REDACTED-OPAQUE] Created 
 Container [REDACTED-OPAQUE] Creating 
 Container [REDACTED-OPAQUE] Created 
 Container [REDACTED-OPAQUE] Creating 
 Container [REDACTED-OPAQUE] Created 
 Container [REDACTED-OPAQUE] Starting 
 Container [REDACTED-OPAQUE] Starting 
 Container [REDACTED-OPAQUE] Started 
 Container [REDACTED-OPAQUE] Started 
 Container [REDACTED-OPAQUE] Waiting 
 Container [REDACTED-OPAQUE] Waiting 
 Container [REDACTED-OPAQUE] Healthy 
 Container [REDACTED-OPAQUE] Healthy 
 Container [REDACTED-OPAQUE] Starting 
 Container [REDACTED-OPAQUE] Started 
 Container [REDACTED-OPAQUE] Starting 
 Container [REDACTED-OPAQUE] Started 
