 Image fim-acceptance-backend:local Building 
 Image fim-acceptance-frontend:local Building 
 Image fim-acceptance-agent:local Building 
#1 [internal] load local bake definitions
#1 reading from stdin 1.61kB done
#1 DONE 0.0s

#2 [backend internal] load build definition from Dockerfile
#2 transferring dockerfile: 3.49kB done
#2 DONE 0.0s

#3 [frontend internal] load build definition from Dockerfile
#3 transferring dockerfile: 783B done
#3 DONE 0.0s

#4 [agent internal] load build definition from Dockerfile
#4 transferring dockerfile: 2.86kB done
#4 DONE 0.0s

#5 [frontend internal] load metadata for docker.io/library/nginx:alpine
#5 DONE 0.0s

#6 [agent internal] load metadata for docker.io/library/python:3.13-slim
#6 ...

#7 [frontend internal] load metadata for docker.io/library/node:22-alpine
#7 DONE 0.9s

#6 [agent internal] load metadata for docker.io/library/python:3.13-slim
#6 DONE 0.9s

#8 [frontend internal] load .dockerignore
#8 transferring context: 58B done
#8 DONE 0.0s

#9 [agent internal] load .dockerignore
#9 transferring context: 228B done
#9 DONE 0.0s

#10 [backend internal] load .dockerignore
#10 transferring context: 162B done
#10 DONE 0.0s

#11 [backend internal] load build context
#11 transferring context: 631.63kB 0.0s done
#11 DONE 0.0s

#12 [backend builder 1/5] FROM docker.io/library/python:3.13-slim@sha256:[REDACTED-OPAQUE]
#12 resolve docker.io/library/python:3.13-slim@sha256:[REDACTED-OPAQUE] 0.0s done
#12 DONE 0.0s

#13 [frontend build 1/7] FROM docker.io/library/node:22-alpine@sha256:[REDACTED-OPAQUE]
#13 resolve docker.io/library/node:22-alpine@sha256:[REDACTED-OPAQUE] 0.0s done
#13 DONE 0.0s

#14 [frontend serve 1/3] FROM docker.io/library/nginx:alpine@sha256:[REDACTED-OPAQUE]
#14 resolve docker.io/library/nginx:alpine@sha256:[REDACTED-OPAQUE] 0.0s done
#14 DONE 0.0s

#15 [frontend internal] load build context
#15 transferring context: 1.99MB 0.0s done
#15 DONE 0.0s

#16 [frontend build 2/7] RUN corepack enable
#16 CACHED

#17 [frontend build 3/7] WORKDIR /app
#17 CACHED

#18 [agent internal] load build context
#18 transferring context: 42.59kB done
#18 DONE 0.0s

#19 [backend runtime 4/6] WORKDIR /app
#19 CACHED

#20 [backend runtime 3/6] COPY --from=builder /opt/venv /opt/venv
#20 CACHED

#21 [backend runtime 2/6] RUN useradd --create-home --uid 10001 app
#21 CACHED

#22 [backend builder 5/5] RUN pip install --no-cache-dir --upgrade pip  && pip install --no-cache-dir -r requirements.txt
#22 CACHED

#23 [backend builder 4/5] COPY requirements.txt .
#23 CACHED

#24 [backend runtime 5/6] RUN mkdir /certs && chown app:app /certs
#24 CACHED

#25 [agent builder 4/5] COPY requirements.txt .
#25 CACHED

#26 [agent builder 5/5] RUN pip install --no-cache-dir --upgrade pip  && pip install --no-cache-dir -r requirements.txt
#26 CACHED

#27 [agent builder 2/5] RUN python -m venv /opt/venv
#27 CACHED

#28 [agent runtime 2/5] COPY --from=builder /opt/venv /opt/venv
#28 CACHED

#29 [agent builder 3/5] WORKDIR /build
#29 CACHED

#30 [agent runtime 3/5] WORKDIR /app
#30 CACHED

#31 [frontend build 4/7] COPY package.json pnpm-lock.yaml ./
#31 DONE 0.0s

#32 [agent runtime 4/5] COPY . /app/agent/
#32 DONE 0.1s

#33 [backend runtime 6/6] COPY --chown=app:app app/ /app/app/
#33 DONE 0.1s

#34 [backend] exporting to image
#34 exporting layers 0.1s done
#34 exporting manifest sha256:[REDACTED-OPAQUE] done
#34 exporting config sha256:[REDACTED-OPAQUE] done
#34 exporting attestation manifest sha256:[REDACTED-OPAQUE] 0.0s done
#34 exporting manifest list sha256:[REDACTED-OPAQUE] done
#34 naming to docker.io/library/fim-acceptance-backend:local done
#34 unpacking to docker.io/library/fim-acceptance-backend:local 0.0s done
#34 DONE 0.2s

#35 [agent runtime 5/5] RUN mkdir -p /var/lib/fim-agent /watch
#35 DONE 0.3s

#36 [agent] exporting to image
#36 exporting layers 0.1s done
#36 exporting manifest sha256:[REDACTED-OPAQUE] done
#36 exporting config sha256:[REDACTED-OPAQUE] done
#36 exporting attestation manifest sha256:[REDACTED-OPAQUE] 0.0s done
#36 exporting manifest list sha256:[REDACTED-OPAQUE] done
#36 naming to docker.io/library/fim-acceptance-agent:local done
#36 unpacking to docker.io/library/fim-acceptance-agent:local 0.0s done
#36 DONE 0.2s

#37 [backend] resolving provenance for metadata file
#37 DONE 0.0s

#38 [frontend build 5/7] RUN pnpm install --frozen-lockfile
#38 0.623 ! Corepack is about to download https://registry.npmjs.org/pnpm/-/pnpm-10.33.0.tgz
#38 ...

#39 [agent] resolving provenance for metadata file
#39 DONE 0.0s

#38 [frontend build 5/7] RUN pnpm install --frozen-lockfile
#38 2.612 Lockfile is up to date, resolution step is skipped
#38 2.650 Progress: resolved 1, reused 0, downloaded 0, added 0
#38 2.731 Packages: +305
#38 2.731 ++++++++++++++++++++++++++++++++++++++++++++++++++++++++++++++++++++++++++++++++
#38 3.162 
#38 3.162    ╭──────────────────────────────────────────────╮
#38 3.162    │                                              │
#38 3.162    │     Update available! 10.33.0 → 12.4.1.      │
#38 3.162    │     Changelog: https://pnpm.io/v/12.4.1      │
#38 3.162    │   To update, run: corepack use pnpm@12.4.1   │
#38 3.162    │                                              │
#38 3.162    ╰──────────────────────────────────────────────╯
#38 3.162 
#38 3.650 Progress: resolved 305, reused 0, downloaded 111, added 111
#38 4.655 Progress: resolved 305, reused 0, downloaded 289, added 271
#38 5.655 Progress: resolved 305, reused 0, downloaded 304, added 304
#38 5.728 Progress: resolved 305, reused 0, downloaded 305, added 305, done
#38 5.836 .../esbuild@0.21.5/node_modules/esbuild postinstall$ node install.js
#38 5.838 .../esbuild@0.25.12/node_modules/esbuild postinstall$ node install.js
#38 5.935 .../esbuild@0.21.5/node_modules/esbuild postinstall: Done
#38 5.939 .../esbuild@0.25.12/node_modules/esbuild postinstall: Done
#38 6.045 
#38 6.045 dependencies:
#38 6.045 + @tanstack/react-query 5.101.0
#38 6.045 + @tanstack/react-query-devtools 5.101.0
#38 6.045 + axios 1.18.0
#38 6.045 + react 19.2.7
#38 6.045 + [REDACTED-OPAQUE] 3.4.0
#38 6.045 + react-dom 19.2.7
#38 6.045 + react-router-dom 7.18.0
#38 6.045 + sonner 1.7.4
#38 6.045 + zustand 5.0.14
#38 6.045 
#38 6.045 devDependencies:
#38 6.045 + @playwright/test 1.63.0
#38 6.045 + @tailwindcss/vite 4.3.1
#38 6.045 + @testing-library/dom 10.4.1
#38 6.045 + @testing-library/jest-dom 7.0.1
#38 6.045 + @testing-library/react 16.3.2
#38 6.045 + @testing-library/user-event 14.6.5
#38 6.045 + @types/node 22.20.0
#38 6.045 + @types/react 19.2.17
#38 6.045 + @types/react-dom 19.2.3
#38 6.045 + @vitejs/plugin-react 4.7.0
#38 6.045 + @vitest/coverage-v8 2.1.9
#38 6.045 + jsdom 30.0.1
#38 6.045 + tailwindcss 4.3.1
#38 6.045 + typescript 5.7.3
#38 6.045 + vite 6.4.3
#38 6.045 + vitest 2.1.9
#38 6.045 
#38 6.101 Done in 3.9s using pnpm v10.33.0
#38 DONE 6.2s

#40 [frontend build 6/7] COPY . .
#40 DONE 0.9s

#41 [frontend build 7/7] RUN pnpm build
#41 0.520 
#41 0.520 > fim-frontend@0.0.1 build /app
#41 0.520 > tsc -b && vite build
#41 0.520 
#41 4.358 vite v6.4.3 building for production...
#41 4.434 transforming...
#41 6.300 ✓ 205 modules transformed.
#41 6.593 rendering chunks...
#41 6.602 computing gzip size...
#41 6.645 dist/index.html                   0.46 kB │ gzip:   0.29 kB
#41 6.645 dist/assets/index-XvTQjFnu.css   26.80 kB │ gzip:   5.98 kB
#41 6.645 dist/assets/index-Bi2wU2eU.js   437.57 kB │ gzip: 133.09 kB
#41 6.646 ✓ built in 2.26s
#41 DONE 6.7s

#42 [frontend serve 2/3] COPY --from=build /app/dist /usr/share/nginx/html
#42 CACHED

#43 [frontend serve 3/3] COPY nginx.conf /etc/nginx/conf.d/default.conf
#43 DONE 0.0s

#44 [frontend] exporting to image
#44 exporting layers 0.0s done
#44 exporting manifest sha256:[REDACTED-OPAQUE] done
#44 exporting config sha256:[REDACTED-OPAQUE] done
#44 exporting attestation manifest sha256:[REDACTED-OPAQUE] 0.0s done
#44 exporting manifest list sha256:[REDACTED-OPAQUE] done
#44 naming to docker.io/library/fim-acceptance-frontend:local
#44 naming to docker.io/library/fim-acceptance-frontend:local done
#44 unpacking to docker.io/library/fim-acceptance-frontend:local 0.0s done
#44 DONE 0.1s

#45 [frontend] resolving provenance for metadata file
#45 DONE 0.0s
 Image fim-acceptance-backend:local Built 
 Image fim-acceptance-frontend:local Built 
 Image fim-acceptance-agent:local Built 
