 Container [REDACTED-OPAQUE] Stopping 
 Container [REDACTED-OPAQUE] Stopping 
 Container [REDACTED-OPAQUE] Stopped 
 Container [REDACTED-OPAQUE] Removing 
 Container [REDACTED-OPAQUE] Removed 
 Container [REDACTED-OPAQUE] Stopped 
 Container [REDACTED-OPAQUE] Removing 
 Container [REDACTED-OPAQUE] Removed 
 Container [REDACTED-OPAQUE] Stopping 
 Container [REDACTED-OPAQUE] Stopped 
 Container [REDACTED-OPAQUE] Removing 
 Container [REDACTED-OPAQUE] Removed 
 Container [REDACTED-OPAQUE] Stopping 
 Container [REDACTED-OPAQUE] Stopping 
 Container [REDACTED-OPAQUE] Stopped 
 Container [REDACTED-OPAQUE] Removing 
 Container [REDACTED-OPAQUE] Stopped 
 Container [REDACTED-OPAQUE] Removing 
 Container [REDACTED-OPAQUE] Removed 
 Container [REDACTED-OPAQUE] Removed 
 Volume [REDACTED-OPAQUE] Removing 
 Volume [REDACTED-OPAQUE] Removing 
 Network [REDACTED-OPAQUE] Removing 
 Volume [REDACTED-OPAQUE] Removing 
 Volume [REDACTED-OPAQUE] Removing 
 Volume [REDACTED-OPAQUE] Removed 
 Volume [REDACTED-OPAQUE] Removed 
 Volume [REDACTED-OPAQUE] Removed 
 Volume [REDACTED-OPAQUE] Removed 
 Network [REDACTED-OPAQUE] Removed 
