/home/ezequiel/Facultad/tesis/tesis-fim-serio/backend/.venv/lib/python3.13/site-packages/pytest_asyncio/plugin.py:207: PytestDeprecationWarning: The configuration option "asyncio_default_fixture_loop_scope" is unset.
The event loop scope for asynchronous fixtures will default to the fixture caching scope. Future versions of pytest-asyncio will default the loop scope for asynchronous fixtures to function scope. Set the default fixture loop scope explicitly in order to avoid unexpected behavior in the future. Valid fixture loop scopes are: "function", "class", "module", "package", "session"

  warnings.warn(PytestDeprecationWarning(_DEFAULT_FIXTURE_LOOP_SCOPE_UNSET))
============================= test session starts ==============================
platform linux -- Python 3.13.14, pytest-8.3.4, pluggy-1.6.0
rootdir: /home/ezequiel/tesis-worktrees/candidato-v5.1-tesis-cov/backend
configfile: pyproject.toml
plugins: anyio-4.14.0, timeout-2.3.1, asyncio-0.25.2, cov-6.0.0
timeout: 60.0s
timeout method: signal
timeout func_only: False
asyncio: mode=Mode.AUTO, asyncio_default_fixture_loop_scope=None
collected 1106 items

tests/core/test_notification_settings.py .......                         [  0%]
tests/core/test_rate_limit_load.py .........                             [  1%]
tests/core/test_rate_limit_semantics.py ..                               [  1%]
tests/modules/events/test_retention.py ......                            [  2%]
tests/modules/users/test_user_management.py ............                 [  3%]
tests/test_actions.py ...............                                    [  4%]
tests/test_actions_router.py .........................                   [  6%]
tests/test_agent_cert_renewal.py ........                                [  7%]
tests/test_agent_cert_renewal_e2e.py .                                   [  7%]
tests/test_agent_mgmt.py .......................                         [  9%]
tests/test_agent_secret_wrap.py ........................................ [ 13%]
.....                                                                    [ 13%]
tests/test_agent_watch_path_status.py .........                          [ 14%]
tests/test_auth.py ................................................      [ 18%]
tests/test_auth_cli.py .....                                             [ 19%]
tests/test_auth_cookie_console_mode.py ......                            [ 19%]
tests/test_backend_test_harness_isolation.py .......                     [ 20%]
tests/test_bootstrap_tls_listener.py .......                             [ 21%]
tests/test_c22_auth.py ......                                            [ 21%]
tests/test_c22_consumer.py .....                                         [ 22%]
tests/test_c22_fk_chain.py ...                                           [ 22%]
tests/test_c22_pki.py ......                                             [ 23%]
tests/test_c22_scope_gate.py .....                                       [ 23%]
tests/test_c31_backend_event_correctness.py ..............               [ 24%]
tests/test_c32_sse_security_fixes.py .............                       [ 25%]
tests/test_certs_init.py .......                                         [ 26%]
tests/test_command_ack_consumer.py ....................                  [ 28%]
tests/test_consumer.py .........                                         [ 29%]
tests/test_domain_models.py ..................                           [ 30%]
tests/test_drain_backend_unit1.py ......                                 [ 31%]
tests/test_event_ack_status_field.py ...                                 [ 31%]
tests/test_event_action_error.py .........                               [ 32%]
tests/test_event_consumer_c11.py ..........                              [ 33%]
tests/test_event_detected_offline.py .............                       [ 34%]
tests/test_event_listing_contract.py ..............................      [ 37%]
tests/test_event_quarantine_state.py .............                       [ 38%]
tests/test_event_router.py ........                                      [ 39%]
tests/test_event_service.py .....................................        [ 42%]
tests/test_event_severity.py .........                                   [ 43%]
tests/test_event_status_derivation.py ............................       [ 45%]
tests/test_event_symlink_metadata.py ......                              [ 46%]
tests/test_health.py .....                                               [ 46%]
tests/test_health_n8n_check.py .............                             [ 48%]
tests/test_heartbeat_consumer.py ................................        [ 50%]
tests/test_ingest_batched_persistence.py ...............                 [ 52%]
tests/test_ingest_batched_persistence_consumer.py ..............         [ 53%]
tests/test_ingest_drain_resilience.py .................................. [ 56%]
..                                                                       [ 56%]
tests/test_ingest_offload_blocking_db.py ..............                  [ 58%]
tests/test_ingest_token_bucket.py ....................                   [ 59%]
tests/test_integration_transport.py ..                                   [ 60%]
tests/test_jwt_key_rotation.py ..                                        [ 60%]
tests/test_logging_sanitize.py ..................                        [ 61%]
tests/test_logging_trace_id.py ....                                      [ 62%]
tests/test_mtls_transport.py .                                           [ 62%]
tests/test_n8n_workflow_contract.py .............                        [ 63%]
tests/test_n8n_workflow_lint.py ...........                              [ 64%]
tests/test_notification_payload_contract.py ...........                  [ 65%]
tests/test_notifications.py ............................................ [ 69%]
.....                                                                    [ 69%]
tests/test_notify_channel_accepted_at.py .............                   [ 71%]
tests/test_notify_http_client.py ..........                              [ 71%]
tests/test_notify_isolate_executor_lane.py ..........                    [ 72%]
tests/test_notify_isolate_executor_lifespan.py .                         [ 72%]
tests/test_openspec_artifact_integrity.py .....                          [ 73%]
tests/test_pki_leaf_certs.py ........                                    [ 74%]
tests/test_pki_public_hosts.py ...................                       [ 75%]
tests/test_published_command_ack_tracking.py ......                      [ 76%]
tests/test_quarantine_release.py ....................................    [ 79%]
tests/test_quarantine_release_ack.py .......                             [ 80%]
tests/test_register_agent_cli.py ......                                  [ 80%]
tests/test_rejected_events_retention.py ..........                       [ 81%]
tests/test_retention_task.py ....                                        [ 82%]
tests/test_rule_sync_outbox.py ....                                      [ 82%]
tests/test_rules_router.py ....................                          [ 84%]
tests/test_rules_service.py ..........................................   [ 88%]
tests/test_ruleset_version_atomic.py ..                                  [ 88%]
tests/test_schema_version.py .........                                   [ 89%]
tests/test_smtp_tls_modes.py .......                                     [ 89%]
tests/test_sse_alerts.py ................................                [ 92%]
tests/test_sse_stream_ticket.py ................                         [ 94%]
tests/test_stream_ack_durability_consumer.py ........................... [ 96%]
..                                                                       [ 96%]
tests/test_stream_ack_durability_outbox.py .........                     [ 97%]
tests/test_timestamps_timezone_aware.py ........                         [ 98%]
tests/test_valkey_tls.py ................                                [ 99%]
tests/test_valkey_tls_integration.py ssss                                [100%]

=============================== warnings summary ===============================
../../../Facultad/tesis/tesis-fim-serio/backend/.venv/lib/python3.13/site-packages/fastapi/testclient.py:1
  /home/ezequiel/Facultad/tesis/tesis-fim-serio/backend/.venv/lib/python3.13/site-packages/fastapi/testclient.py:1: StarletteDeprecationWarning: Using `httpx` with `starlette.testclient` is deprecated; install `httpx2` instead.
    from starlette.testclient import TestClient as TestClient  # noqa

tests/modules/users/test_user_management.py: 11 warnings
tests/test_actions_router.py: 22 warnings
tests/test_auth.py: 54 warnings
tests/test_auth_cookie_console_mode.py: 1 warning
tests/test_c22_auth.py: 5 warnings
tests/test_c31_backend_event_correctness.py: 2 warnings
tests/test_event_listing_contract.py: 34 warnings
tests/test_event_quarantine_state.py: 19 warnings
tests/test_event_router.py: 6 warnings
tests/test_event_severity.py: 3 warnings
tests/test_jwt_key_rotation.py: 2 warnings
tests/test_quarantine_release.py: 38 warnings
tests/test_rules_router.py: 12 warnings
tests/test_sse_stream_ticket.py: 5 warnings
tests/test_timestamps_timezone_aware.py: 8 warnings
  /home/ezequiel/Facultad/tesis/tesis-fim-serio/backend/.venv/lib/python3.13/site-packages/jose/jwt.py:311: DeprecationWarning: datetime.datetime.utcnow() is deprecated and scheduled for removal in a future version. Use timezone-aware objects to represent datetimes in UTC: datetime.datetime.now(datetime.UTC).
    now = timegm(datetime.utcnow().utctimetuple())

tests/test_actions_router.py::test_approve_absent_file_without_confirmation_returns_422
tests/test_auth.py::test_change_password_short_retorna_422
tests/test_auth.py::test_change_password_sin_complejidad_retorna_422[sin_mayuscula]
tests/test_auth.py::test_change_password_sin_complejidad_retorna_422[sin_minuscula]
tests/test_auth.py::test_change_password_sin_complejidad_retorna_422[sin_digito]
tests/test_rules_router.py::test_post_rules_duplicate_pattern_returns_422
tests/test_rules_router.py::test_post_rules_empty_pattern_returns_422
  /home/ezequiel/Facultad/tesis/tesis-fim-serio/backend/.venv/lib/python3.13/site-packages/fastapi/routing.py:328: StarletteDeprecationWarning: 'HTTP_422_UNPROCESSABLE_ENTITY' is deprecated. Use 'HTTP_422_UNPROCESSABLE_CONTENT' instead.
    return await dependant.call(**values)

tests/test_agent_cert_renewal_e2e.py::test_agent_near_expiry_renews_unattended_and_keeps_authenticating
  /home/ezequiel/Facultad/tesis/tesis-fim-serio/backend/.venv/lib/python3.13/site-packages/websockets/legacy/__init__.py:6: DeprecationWarning: websockets.legacy is deprecated; see https://websockets.readthedocs.io/en/stable/howto/upgrade.html for upgrade instructions
    warnings.warn(  # deprecated in 14.0 - 2024-11-09

tests/test_agent_cert_renewal_e2e.py::test_agent_near_expiry_renews_unattended_and_keeps_authenticating
  /home/ezequiel/Facultad/tesis/tesis-fim-serio/backend/.venv/lib/python3.13/site-packages/uvicorn/protocols/websockets/websockets_impl.py:17: DeprecationWarning: websockets.server.WebSocketServerProtocol is deprecated
    from websockets.server import WebSocketServerProtocol

tests/test_auth.py: 24 warnings
tests/test_auth_cookie_console_mode.py: 1 warning
  /home/ezequiel/Facultad/tesis/tesis-fim-serio/backend/.venv/lib/python3.13/site-packages/httpx/_client.py:1859: DeprecationWarning: Setting per-request cookies=<...> is being deprecated, because the expected behaviour on cookie persistence is ambiguous. Set cookies directly on the client instance instead.
    return await self.request(

tests/test_event_ack_status_field.py::test_event_with_confirmed_command_exposes_ack_status
  /home/ezequiel/.local/share/uv/python/cpython-3.13.14-linux-x86_64-gnu/lib/python3.13/unittest/mock.py:2199: RuntimeWarning: coroutine 'notify_if_applicable' was never awaited
    setattr(_type, entry, MagicProxy(entry, self))
  Enable tracemalloc to get traceback where the object was allocated.
  See https://docs.pytest.org/en/stable/how-to/capture-warnings.html#resource-warnings for more info.

tests/test_notifications.py::test_health_all_ok
tests/test_notifications.py::test_health_n8n_degraded_when_not_configured
tests/test_notifications.py::test_health_check_reads_health_url_not_webhook_url
  /home/ezequiel/.local/share/uv/python/cpython-3.13.14-linux-x86_64-gnu/lib/python3.13/asyncio/base_events.py:2045: RuntimeWarning: coroutine 'AsyncMockMixin._execute_mock_call' was never awaited
    handle = self._ready.popleft()
  Enable tracemalloc to get traceback where the object was allocated.
  See https://docs.pytest.org/en/stable/how-to/capture-warnings.html#resource-warnings for more info.

-- Docs: https://docs.pytest.org/en/stable/how-to/capture-warnings.html
- generated xml file: /home/ezequiel/Facultad/tesis/tesis-fim-serio/tesis/cierre/evidencia/v5.1-tesis-cobertura-custodia-20261005T234656Z/suites/backend.xml -

---------- coverage: platform linux, python 3.13.14-final-0 ----------
Coverage XML written to file /home/ezequiel/Facultad/tesis/tesis-fim-serio/tesis/cierre/evidencia/v5.1-tesis-cobertura-custodia-20261005T234656Z/coverage/backend-coverage.xml
Coverage JSON written to file /home/ezequiel/Facultad/tesis/tesis-fim-serio/tesis/cierre/evidencia/v5.1-tesis-cobertura-custodia-20261005T234656Z/coverage/backend-coverage.json

========== 1102 passed, 4 skipped, 261 warnings in 164.87s (0:02:44) ===========
