========================================================================
generador_carga.py — arranque 2026-10-03T13:31:00.463072+00:00
========================================================================
  generador                    = scripts/generador_carga.py
  seed                         = 20261001
  rate_eventos_por_segundo     = 10.0
  count                        = 125
  mix                          = {'creacion': 0.2, 'modificacion': 0.8, 'borrado': 0.0}
  revert_frac                  = 0.0
  burst_frac                   = 0.0
  burst_size                   = 5
  ephemeral_frac               = 0.0
  critical_subdir              = critico
  critical_frac                = 0.2
  file_size_bytes              = 64
  prefix                       = gen
  dir_host                     = /srv/fim-watch
  agent_prefix                 = /srv/fim-watch
  intervalo_s                  = 0.1
  duracion_estimada_s          = 12.4
  manifiesto                   = /srv/evidencia/b1_strace_v51_manifiesto.json
  log                          = /srv/evidencia/b1_strace_v51_generador.log
  dry_run                      = False
  python                       = 3.13.15
  host                         = fim-host
  plan.creaciones              = 25
  plan.modificaciones          = 100
  plan.borrados                = 0
  plan.grupos_efimeros         = 0
  plan.pares_revertidos        = 0
  plan.rafagas                 = 0
  plan.tamano_rafaga           = 5
  plan.operaciones_planificadas = 125
  plan.archivos_distintos      = 25
========================================================================
inicio_utc = 2026-10-03T13:31:00.470121+00:00
 [00001/125] create simple     /srv/fim-watch/gen_00001.txt ts=2026-10-03T13:31:00.472573+00:00
 [00002/125] modify simple     /srv/fim-watch/gen_00001.txt ts=2026-10-03T13:31:00.571570+00:00
 [00003/125] create simple     /srv/fim-watch/gen_00002.txt ts=2026-10-03T13:31:00.673175+00:00
 [00004/125] modify simple     /srv/fim-watch/gen_00001.txt ts=2026-10-03T13:31:00.773858+00:00
 [00005/125] modify simple     /srv/fim-watch/gen_00002.txt ts=2026-10-03T13:31:00.872577+00:00
 [00006/125] modify simple     /srv/fim-watch/gen_00002.txt ts=2026-10-03T13:31:00.973358+00:00
 [00007/125] create simple     /srv/fim-watch/gen_00003.txt ts=2026-10-03T13:31:01.073733+00:00
 [00008/125] modify simple     /srv/fim-watch/gen_00003.txt ts=2026-10-03T13:31:01.174140+00:00
 [00009/125] modify simple     /srv/fim-watch/gen_00003.txt ts=2026-10-03T13:31:01.272855+00:00
 [00010/125] modify simple     /srv/fim-watch/gen_00001.txt ts=2026-10-03T13:31:01.372857+00:00
 [00011/125] modify simple     /srv/fim-watch/gen_00003.txt ts=2026-10-03T13:31:01.473870+00:00
 [00012/125] modify simple     /srv/fim-watch/gen_00001.txt ts=2026-10-03T13:31:01.572851+00:00
 [00013/125] modify simple     /srv/fim-watch/gen_00003.txt ts=2026-10-03T13:31:01.674073+00:00
 [00014/125] modify simple     /srv/fim-watch/gen_00002.txt ts=2026-10-03T13:31:01.772364+00:00
 [00015/125] create simple     /srv/fim-watch/critico/gen_00004.txt ts=2026-10-03T13:31:01.872625+00:00
 [00016/125] modify simple     /srv/fim-watch/critico/gen_00004.txt ts=2026-10-03T13:31:01.972732+00:00
 [00017/125] modify simple     /srv/fim-watch/critico/gen_00004.txt ts=2026-10-03T13:31:02.072851+00:00
 [00018/125] modify simple     /srv/fim-watch/gen_00002.txt ts=2026-10-03T13:31:02.174713+00:00
 [00019/125] modify simple     /srv/fim-watch/gen_00002.txt ts=2026-10-03T13:31:02.274149+00:00
 [00020/125] modify simple     /srv/fim-watch/gen_00002.txt ts=2026-10-03T13:31:02.372572+00:00
 [00021/125] modify simple     /srv/fim-watch/gen_00002.txt ts=2026-10-03T13:31:02.472258+00:00
 [00022/125] modify simple     /srv/fim-watch/gen_00003.txt ts=2026-10-03T13:31:02.572996+00:00
 [00023/125] modify simple     /srv/fim-watch/critico/gen_00004.txt ts=2026-10-03T13:31:02.673856+00:00
 [00024/125] create simple     /srv/fim-watch/gen_00005.txt ts=2026-10-03T13:31:02.772470+00:00
 [00025/125] create simple     /srv/fim-watch/critico/gen_00006.txt ts=2026-10-03T13:31:02.872509+00:00
 [00026/125] modify simple     /srv/fim-watch/gen_00005.txt ts=2026-10-03T13:31:02.974034+00:00
 [00027/125] modify simple     /srv/fim-watch/gen_00002.txt ts=2026-10-03T13:31:03.073857+00:00
 [00028/125] modify simple     /srv/fim-watch/gen_00002.txt ts=2026-10-03T13:31:03.174352+00:00
 [00029/125] modify simple     /srv/fim-watch/gen_00001.txt ts=2026-10-03T13:31:03.271778+00:00
 [00030/125] modify simple     /srv/fim-watch/gen_00005.txt ts=2026-10-03T13:31:03.374726+00:00
 [00031/125] modify simple     /srv/fim-watch/critico/gen_00004.txt ts=2026-10-03T13:31:03.472692+00:00
 [00032/125] modify simple     /srv/fim-watch/gen_00001.txt ts=2026-10-03T13:31:03.572331+00:00
 [00033/125] modify simple     /srv/fim-watch/critico/gen_00006.txt ts=2026-10-03T13:31:03.672872+00:00
 [00034/125] create simple     /srv/fim-watch/gen_00007.txt ts=2026-10-03T13:31:03.771958+00:00
 [00035/125] modify simple     /srv/fim-watch/gen_00007.txt ts=2026-10-03T13:31:03.872832+00:00
 [00036/125] modify simple     /srv/fim-watch/gen_00005.txt ts=2026-10-03T13:31:03.973909+00:00
 [00037/125] modify simple     /srv/fim-watch/gen_00005.txt ts=2026-10-03T13:31:04.073861+00:00
 [00038/125] modify simple     /srv/fim-watch/gen_00002.txt ts=2026-10-03T13:31:04.172446+00:00
 [00039/125] create simple     /srv/fim-watch/gen_00008.txt ts=2026-10-03T13:31:04.272948+00:00
 [00040/125] modify simple     /srv/fim-watch/gen_00008.txt ts=2026-10-03T13:31:04.372841+00:00
 [00041/125] modify simple     /srv/fim-watch/gen_00003.txt ts=2026-10-03T13:31:04.471940+00:00
 [00042/125] modify simple     /srv/fim-watch/gen_00008.txt ts=2026-10-03T13:31:04.572856+00:00
 [00043/125] modify simple     /srv/fim-watch/gen_00002.txt ts=2026-10-03T13:31:04.672806+00:00
 [00044/125] create simple     /srv/fim-watch/gen_00009.txt ts=2026-10-03T13:31:04.772907+00:00
 [00045/125] create simple     /srv/fim-watch/gen_00010.txt ts=2026-10-03T13:31:04.872461+00:00
 [00046/125] modify simple     /srv/fim-watch/gen_00008.txt ts=2026-10-03T13:31:04.972832+00:00
 [00047/125] create simple     /srv/fim-watch/gen_00011.txt ts=2026-10-03T13:31:05.072268+00:00
 [00048/125] modify simple     /srv/fim-watch/gen_00009.txt ts=2026-10-03T13:31:05.172646+00:00
 [00049/125] modify simple     /srv/fim-watch/gen_00011.txt ts=2026-10-03T13:31:05.272476+00:00
 [00050/125] modify simple     /srv/fim-watch/gen_00007.txt ts=2026-10-03T13:31:05.372682+00:00
 [00051/125] modify simple     /srv/fim-watch/critico/gen_00004.txt ts=2026-10-03T13:31:05.472502+00:00
 [00052/125] create simple     /srv/fim-watch/gen_00012.txt ts=2026-10-03T13:31:05.574600+00:00
 [00053/125] modify simple     /srv/fim-watch/critico/gen_00004.txt ts=2026-10-03T13:31:05.672915+00:00
 [00054/125] modify simple     /srv/fim-watch/critico/gen_00006.txt ts=2026-10-03T13:31:05.772788+00:00
 [00055/125] modify simple     /srv/fim-watch/gen_00001.txt ts=2026-10-03T13:31:05.873861+00:00
 [00056/125] modify simple     /srv/fim-watch/gen_00012.txt ts=2026-10-03T13:31:05.974450+00:00
 [00057/125] modify simple     /srv/fim-watch/critico/gen_00006.txt ts=2026-10-03T13:31:06.072201+00:00
 [00058/125] modify simple     /srv/fim-watch/critico/gen_00004.txt ts=2026-10-03T13:31:06.172821+00:00
 [00059/125] modify simple     /srv/fim-watch/gen_00008.txt ts=2026-10-03T13:31:06.272827+00:00
 [00060/125] modify simple     /srv/fim-watch/gen_00011.txt ts=2026-10-03T13:31:06.373044+00:00
 [00061/125] modify simple     /srv/fim-watch/gen_00002.txt ts=2026-10-03T13:31:06.473858+00:00
 [00062/125] modify simple     /srv/fim-watch/gen_00011.txt ts=2026-10-03T13:31:06.572869+00:00
 [00063/125] create simple     /srv/fim-watch/gen_00013.txt ts=2026-10-03T13:31:06.673107+00:00
 [00064/125] modify simple     /srv/fim-watch/gen_00010.txt ts=2026-10-03T13:31:06.772069+00:00
 [00065/125] modify simple     /srv/fim-watch/gen_00008.txt ts=2026-10-03T13:31:06.871859+00:00
 [00066/125] create simple     /srv/fim-watch/critico/gen_00014.txt ts=2026-10-03T13:31:06.971891+00:00
 [00067/125] modify simple     /srv/fim-watch/gen_00009.txt ts=2026-10-03T13:31:07.071226+00:00
 [00068/125] modify simple     /srv/fim-watch/gen_00013.txt ts=2026-10-03T13:31:07.172079+00:00
 [00069/125] modify simple     /srv/fim-watch/critico/gen_00006.txt ts=2026-10-03T13:31:07.271266+00:00
 [00070/125] modify simple     /srv/fim-watch/critico/gen_00006.txt ts=2026-10-03T13:31:07.372427+00:00
 [00071/125] create simple     /srv/fim-watch/gen_00015.txt ts=2026-10-03T13:31:07.471505+00:00
 [00072/125] modify simple     /srv/fim-watch/critico/gen_00014.txt ts=2026-10-03T13:31:07.572421+00:00
 [00073/125] modify simple     /srv/fim-watch/gen_00003.txt ts=2026-10-03T13:31:07.674089+00:00
 [00074/125] create simple     /srv/fim-watch/gen_00016.txt ts=2026-10-03T13:31:07.773628+00:00
 [00075/125] modify simple     /srv/fim-watch/critico/gen_00006.txt ts=2026-10-03T13:31:07.872408+00:00
 [00076/125] modify simple     /srv/fim-watch/gen_00001.txt ts=2026-10-03T13:31:07.972834+00:00
 [00077/125] modify simple     /srv/fim-watch/gen_00013.txt ts=2026-10-03T13:31:08.071618+00:00
 [00078/125] modify simple     /srv/fim-watch/gen_00005.txt ts=2026-10-03T13:31:08.172137+00:00
 [00079/125] modify simple     /srv/fim-watch/critico/gen_00004.txt ts=2026-10-03T13:31:08.271257+00:00
 [00080/125] create simple     /srv/fim-watch/gen_00017.txt ts=2026-10-03T13:31:08.372930+00:00
 [00081/125] modify simple     /srv/fim-watch/gen_00012.txt ts=2026-10-03T13:31:08.472782+00:00
 [00082/125] modify simple     /srv/fim-watch/gen_00009.txt ts=2026-10-03T13:31:08.574660+00:00
 [00083/125] modify simple     /srv/fim-watch/gen_00015.txt ts=2026-10-03T13:31:08.673334+00:00
 [00084/125] modify simple     /srv/fim-watch/gen_00007.txt ts=2026-10-03T13:31:08.772849+00:00
 [00085/125] modify simple     /srv/fim-watch/critico/gen_00006.txt ts=2026-10-03T13:31:08.873502+00:00
 [00086/125] modify simple     /srv/fim-watch/gen_00003.txt ts=2026-10-03T13:31:08.971895+00:00
 [00087/125] modify simple     /srv/fim-watch/gen_00016.txt ts=2026-10-03T13:31:09.072295+00:00
 [00088/125] modify simple     /srv/fim-watch/critico/gen_00004.txt ts=2026-10-03T13:31:09.174391+00:00
 [00089/125] modify simple     /srv/fim-watch/gen_00005.txt ts=2026-10-03T13:31:09.272856+00:00
 [00090/125] modify simple     /srv/fim-watch/critico/gen_00006.txt ts=2026-10-03T13:31:09.373154+00:00
 [00091/125] create simple     /srv/fim-watch/gen_00018.txt ts=2026-10-03T13:31:09.473255+00:00
 [00092/125] modify simple     /srv/fim-watch/gen_00009.txt ts=2026-10-03T13:31:09.571833+00:00
 [00093/125] modify simple     /srv/fim-watch/critico/gen_00014.txt ts=2026-10-03T13:31:09.673887+00:00
 [00094/125] modify simple     /srv/fim-watch/gen_00001.txt ts=2026-10-03T13:31:09.773477+00:00
 [00095/125] modify simple     /srv/fim-watch/gen_00017.txt ts=2026-10-03T13:31:09.871851+00:00
 [00096/125] modify simple     /srv/fim-watch/gen_00010.txt ts=2026-10-03T13:31:09.973180+00:00
 [00097/125] modify simple     /srv/fim-watch/gen_00005.txt ts=2026-10-03T13:31:10.071527+00:00
 [00098/125] modify simple     /srv/fim-watch/gen_00009.txt ts=2026-10-03T13:31:10.172825+00:00
 [00099/125] modify simple     /srv/fim-watch/gen_00013.txt ts=2026-10-03T13:31:10.272822+00:00
 [00100/125] modify simple     /srv/fim-watch/gen_00001.txt ts=2026-10-03T13:31:10.372137+00:00
 [00101/125] modify simple     /srv/fim-watch/gen_00007.txt ts=2026-10-03T13:31:10.473483+00:00
 [00102/125] modify simple     /srv/fim-watch/gen_00005.txt ts=2026-10-03T13:31:10.572845+00:00
 [00103/125] create simple     /srv/fim-watch/critico/gen_00019.txt ts=2026-10-03T13:31:10.672804+00:00
 [00104/125] create simple     /srv/fim-watch/gen_00020.txt ts=2026-10-03T13:31:10.773232+00:00
 [00105/125] create simple     /srv/fim-watch/gen_00021.txt ts=2026-10-03T13:31:10.873114+00:00
 [00106/125] modify simple     /srv/fim-watch/gen_00015.txt ts=2026-10-03T13:31:10.974284+00:00
 [00107/125] create simple     /srv/fim-watch/critico/gen_00022.txt ts=2026-10-03T13:31:11.075347+00:00
 [00108/125] modify simple     /srv/fim-watch/gen_00001.txt ts=2026-10-03T13:31:11.172828+00:00
 [00109/125] modify simple     /srv/fim-watch/gen_00015.txt ts=2026-10-03T13:31:11.272864+00:00
 [00110/125] create simple     /srv/fim-watch/gen_00023.txt ts=2026-10-03T13:31:11.373034+00:00
 [00111/125] create simple     /srv/fim-watch/critico/gen_00024.txt ts=2026-10-03T13:31:11.472878+00:00
 [00112/125] modify simple     /srv/fim-watch/gen_00005.txt ts=2026-10-03T13:31:11.573844+00:00
 [00113/125] create simple     /srv/fim-watch/critico/gen_00025.txt ts=2026-10-03T13:31:11.673855+00:00
 [00114/125] modify simple     /srv/fim-watch/gen_00001.txt ts=2026-10-03T13:31:11.773465+00:00
 [00115/125] modify simple     /srv/fim-watch/critico/gen_00006.txt ts=2026-10-03T13:31:11.872584+00:00
 [00116/125] modify simple     /srv/fim-watch/gen_00002.txt ts=2026-10-03T13:31:11.971788+00:00
 [00117/125] modify simple     /srv/fim-watch/gen_00015.txt ts=2026-10-03T13:31:12.074869+00:00
 [00118/125] modify simple     /srv/fim-watch/critico/gen_00014.txt ts=2026-10-03T13:31:12.172371+00:00
 [00119/125] modify simple     /srv/fim-watch/gen_00020.txt ts=2026-10-03T13:31:12.272835+00:00
 [00120/125] modify simple     /srv/fim-watch/gen_00021.txt ts=2026-10-03T13:31:12.373975+00:00
 [00121/125] modify simple     /srv/fim-watch/gen_00021.txt ts=2026-10-03T13:31:12.472214+00:00
 [00122/125] modify simple     /srv/fim-watch/gen_00008.txt ts=2026-10-03T13:31:12.573848+00:00
 [00123/125] modify simple     /srv/fim-watch/critico/gen_00025.txt ts=2026-10-03T13:31:12.673624+00:00
 [00124/125] modify simple     /srv/fim-watch/gen_00021.txt ts=2026-10-03T13:31:12.772269+00:00
 [00125/125] modify simple     /srv/fim-watch/critico/gen_00019.txt ts=2026-10-03T13:31:12.872788+00:00
========================================================================
fin_utc = 2026-10-03T13:31:12.873103+00:00  duracion_s = 12.403
cambios_registrados = 125  errores = 0
manifiesto = /srv/evidencia/b1_strace_v51_manifiesto.json
manifiesto incremental = /srv/evidencia/b1_strace_v51_manifiesto.jsonl
========================================================================
