{
  "completed": true,
  "controls_active": {
    "audit_note": "No rejection or operator action occurred; rejection/operator audit rows are not applicable to this success path.",
    "hmac_signing_and_validation": true,
    "notification_check": true,
    "postgresql_persistence": true,
    "signed_event_ack_and_local_queue_removal": true,
    "valkey_consumer_group_xack": true
  },
  "duplicate_event_stream_messages": 0,
  "evaluation": "drenaje-20260910-run4-unit1",
  "event_stream_messages": 3000,
  "historical": {
    "events": 2988,
    "seconds": 153,
    "throughput_events_s": 19.529411764705884
  },
  "new_evaluation_not_historical_reinterpretation": true,
  "persisted_events": 3000,
  "planned_events": 3000,
  "queue_build_seconds_excluded_from_drain": 0.241672909,
  "queue_remaining": 0,
  "queued_events": 3000,
  "rate_limit": {
    "experimental_events": 100000,
    "experimental_window_seconds": 60.0,
    "production_default_events": 100,
    "production_default_window_seconds": 60.0
  },
  "reconnect_to_last_agent_ack_seconds": 29.037287285,
  "reconnect_to_last_commit_seconds": 29.036148826,
  "reconnect_to_last_xack_seconds": 29.037000749,
  "reconnect_to_last_xadd_seconds": 28.03716329,
  "reconnect_to_queue_empty_seconds": 29.188456585,
  "rejected_events": 0,
  "stage_latency": {
    "ack_publish_to_agent_apply": {
      "max_ms": 97.526214,
      "mean_ms": 4.128680119666667,
      "n": 3000,
      "p50_ms": 5.755604999999999,
      "p95_ms": 8.5480966,
      "p99_ms": 29.784283559999796
    },
    "commit_to_xack": {
      "max_ms": 93.368006,
      "mean_ms": 3.079512149,
      "n": 3000,
      "p50_ms": 1.11179,
      "p95_ms": 18.69851299999999,
      "p99_ms": 40.72328320999997
    },
    "consumer_before_persist": {
      "max_ms": 592.461258,
      "mean_ms": 202.94878800466668,
      "n": 3000,
      "p50_ms": 175.5639075,
      "p95_ms": 459.35956414999987,
      "p99_ms": 519.68112959
    },
    "persistence": {
      "max_ms": 17.480526,
      "mean_ms": 4.529682008333333,
      "n": 3000,
      "p50_ms": 4.456736,
      "p95_ms": 5.8687496999999995,
      "p99_ms": 6.643354549999997
    },
    "valkey_to_consumer": {
      "max_ms": 940.575566,
      "mean_ms": 304.5167026346667,
      "n": 3000,
      "p50_ms": 273.44226,
      "p95_ms": 718.0797583499998,
      "p99_ms": 858.641323
    },
    "xack_to_ack_publish": {
      "max_ms": 0.0,
      "mean_ms": 0.0,
      "n": 3000,
      "p50_ms": 0.0,
      "p95_ms": 0.0,
      "p99_ms": 0.0
    },
    "xadd": {
      "max_ms": 101.628608,
      "mean_ms": 8.849712908666667,
      "n": 3000,
      "p50_ms": 7.063266499999999,
      "p95_ms": 23.983725399999912,
      "p99_ms": 46.35252057999995
    },
    "xadd_to_agent_apply": {
      "max_ms": 1014.876459,
      "mean_ms": 528.053077825,
      "n": 3000,
      "p50_ms": 547.131523,
      "p95_ms": 911.7552579499999,
      "p99_ms": 988.8063104099996
    }
  },
  "started_at_utc": "2026-09-12T00:57:01.610786+00:00",
  "threshold": {
    "events": 2988,
    "minimum_events_s": 99.6,
    "seconds_strictly_less_than": 30
  },
  "throughput_events_s": 102.78035740819901
}
