
 RUN  v2.1.9 [HOME]/Facultad/tesis/tesis-fim-serio-worktrees/l5-agents/frontend

 ✓ src/api/events.test.ts (4 tests) 7ms
 ✓ src/utils/eventFilters.test.ts (13 tests) 11ms
 ✓ src/stores/auth.store.test.ts (4 tests) 15ms
 ✓ src/utils/timeDisplay.test.ts (11 tests) 60ms
 ✓ src/hooks/useAlertsSSE.test.tsx (2 tests) 53ms
 ✓ src/components/ui/EventsTable.test.tsx (11 tests) 907ms
   ✓ EventsTable — US-25 selección en lote > permite seleccionar una fila individual sin seleccionar las demás 396ms
 ✓ src/components/ui/AgentCard.test.tsx (14 tests) 962ms
   ✓ AgentCard — indicador de drenaje graceful (US-30) > el botón de rescan tiene el tooltip canónico exacto durante el drenaje 354ms
 ✓ src/pages/EventDetail.test.tsx (5 tests) 567ms
   ✓ EventDetail — evento sin ruta (D51/RN-145) > el detalle de un evento sin ruta muestra el tipo de evento y su causa, no rompe al renderizar 336ms
 ✓ src/pages/Dashboard.test.tsx (11 tests) 1534ms
   ✓ Dashboard — US-04: metricas generales > carga las metricas al entrar al dashboard, sin interaccion del usuario 583ms
 ✓ src/components/ui/BulkActionBar.test.tsx (4 tests) 1492ms
   ✓ BulkActionBar — bulk reject con acción por ítem (8.7) > rechazar 3 eventos emite event_ids y una única action, sin items legacy 714ms
   ✓ BulkActionBar — bulk reject con acción por ítem (8.7) > aplica el resultado sobre la selección actual sin perder cambios hechos durante la petición 352ms
 ✓ src/pages/Events.test.tsx (4 tests) 1592ms
   ✓ Events — filtro por severidad (8.6) > activar un checkbox de severidad lo deja marcado y dispara una petición con esa severidad 753ms
   ✓ Events — US-31 toggle superseded > está desmarcado por defecto y al activarlo persiste en la URL lógica y llega a la petición 434ms
 ✓ src/api/events.contract.test.ts (1 test) 9ms
 ✓ src/components/layout/SystemBanner.test.tsx (4 tests) 422ms
 ✓ src/components/layout/Navbar.test.tsx (2 tests) 424ms
   ✓ Navbar — US-02 logout del cliente > muestra el botón y al usarlo limpia el token y el usuario, solicita logout y navega a /login con replace 370ms
 ✓ src/api/auth.test.ts (3 tests) 9ms
 ✓ src/api/client.test.ts (1 test) 13ms
 ✓ src/components/layout/AlertsBanner.test.tsx (5 tests) 574ms
   ✓ AlertsBanner — US-05: banner amarillo de notificaciones fallidas > muestra un banner amarillo con la cantidad de alertas fallidas en la DLQ 337ms
 ✓ src/utils/severity.test.ts (5 tests) 11ms
 ✓ src/pages/Rules.test.tsx (2 tests) 751ms
   ✓ Rules — US-16 edición y US-17 eliminación > abre el formulario de edición precargado con patrón, severidad y acción de la regla elegida 550ms
 ✓ src/utils/discardedEvents.test.ts (7 tests) 9ms
 ✓ src/api/actions.test.ts (3 tests) 14ms
 ✓ src/components/ui/RescanConfirmModal.test.tsx (3 tests) 445ms
   ✓ RescanConfirmModal — paths seleccionados (US-22) > confirmar dispara onConfirm 328ms
 ✓ src/utils/actionError.test.ts (5 tests) 9ms
 ✓ src/utils/watchPathStatus.test.ts (6 tests) 9ms
 ✓ src/config/viteProxy.test.ts (1 test) 4ms
 ✓ src/components/layout/ProtectedRoute.test.tsx (1 test) 48ms
 ✓ src/utils/actionFailed.test.ts (2 tests) 4ms
 ✓ src/utils/ackStatus.test.ts (3 tests) 3ms
 ✓ src/components/ui/DiffViewer.test.ts (2 tests) 163ms
 ✓ src/components/ui/RuleForm.test.tsx (2 tests) 210ms

 Test Files  30 passed (30)
      Tests  141 passed (141)
   Start at  17:29:12
   Duration  8.70s (transform 2.35s, setup 11.38s, collect 8.33s, tests 10.33s, environment 42.61s, prepare 3.79s)

