========================================================================
generador_carga.py — arranque 2026-09-17T21:57:50.842390+00:00
========================================================================
  generador                    = scripts/generador_carga.py
  seed                         = 20260917
  rate_eventos_por_segundo     = 0.2778
  count                        = 500
  mix                          = {'creacion': 0.2, 'modificacion': 0.7, 'borrado': 0.1}
  revert_frac                  = 0.2
  burst_frac                   = 0.2
  burst_size                   = 5
  ephemeral_frac               = 0.2
  critical_subdir              = critico
  critical_frac                = 0.2
  file_size_bytes              = 64
  prefix                       = gen
  dir_host                     = /srv/fim-watch
  agent_prefix                 = /srv/fim-watch
  intervalo_s                  = 3.599712023038157
  duracion_estimada_s          = 1796.2562994960404
  manifiesto                   = /srv/evidencia/bateria3_manifiesto.json
  log                          = /srv/evidencia/bateria3_generador.log
  dry_run                      = False
  python                       = 3.13.15
  host                         = fim-host
  plan.creaciones              = 100
  plan.modificaciones          = 350
  plan.borrados                = 50
  plan.grupos_efimeros         = 10
  plan.pares_revertidos        = 35
  plan.rafagas                 = 14
  plan.tamano_rafaga           = 5
  plan.operaciones_planificadas = 500
  plan.archivos_distintos      = 100
========================================================================
inicio_utc = 2026-09-17T21:57:50.843424+00:00
 [00001/500] create simple     /srv/fim-watch/critico/gen_00001.txt ts=2026-09-17T21:57:50.843522+00:00
 [00002/500] delete simple     /srv/fim-watch/critico/gen_00001.txt ts=2026-09-17T21:57:54.443618+00:00
 [00003/500] create simple     /srv/fim-watch/gen_00002.txt ts=2026-09-17T21:57:58.043324+00:00
 [00004/500] modify simple     /srv/fim-watch/gen_00002.txt ts=2026-09-17T21:58:01.643381+00:00
 [00005/500] modify revertido  /srv/fim-watch/gen_00002.txt ts=2026-09-17T21:58:05.242988+00:00
 [00006/500] modify revertido  /srv/fim-watch/gen_00002.txt ts=2026-09-17T21:58:08.842618+00:00
 [00007/500] modify simple     /srv/fim-watch/gen_00002.txt ts=2026-09-17T21:58:12.442413+00:00
 [00008/500] create simple     /srv/fim-watch/gen_00003.txt ts=2026-09-17T21:58:16.041983+00:00
 [00009/500] modify simple     /srv/fim-watch/gen_00002.txt ts=2026-09-17T21:58:19.641777+00:00
 [00010/500] modify simple     /srv/fim-watch/gen_00003.txt ts=2026-09-17T21:58:23.241369+00:00
 [00011/500] modify simple     /srv/fim-watch/gen_00002.txt ts=2026-09-17T21:58:26.841232+00:00
 [00012/500] modify simple     /srv/fim-watch/gen_00003.txt ts=2026-09-17T21:58:30.440656+00:00
 [00013/500] modify simple     /srv/fim-watch/gen_00003.txt ts=2026-09-17T21:58:34.040626+00:00
 [00014/500] modify colapsado  /srv/fim-watch/gen_00002.txt ts=2026-09-17T21:58:37.640379+00:00
 [00015/500] modify colapsado  /srv/fim-watch/gen_00002.txt ts=2026-09-17T21:58:41.239798+00:00
 [00016/500] modify colapsado  /srv/fim-watch/gen_00002.txt ts=2026-09-17T21:58:44.839751+00:00
 [00017/500] modify colapsado  /srv/fim-watch/gen_00002.txt ts=2026-09-17T21:58:48.439420+00:00
 [00018/500] modify colapsado  /srv/fim-watch/gen_00002.txt ts=2026-09-17T21:58:52.039333+00:00
 [00019/500] modify simple     /srv/fim-watch/gen_00003.txt ts=2026-09-17T21:58:55.638972+00:00
 [00020/500] modify revertido  /srv/fim-watch/gen_00003.txt ts=2026-09-17T21:58:59.238576+00:00
 [00021/500] modify revertido  /srv/fim-watch/gen_00003.txt ts=2026-09-17T21:59:02.838526+00:00
 [00022/500] modify simple     /srv/fim-watch/gen_00002.txt ts=2026-09-17T21:59:06.438064+00:00
 [00023/500] create simple     /srv/fim-watch/gen_00004.txt ts=2026-09-17T21:59:10.037642+00:00
 [00024/500] create simple     /srv/fim-watch/gen_00005.txt ts=2026-09-17T21:59:13.637299+00:00
 [00025/500] modify simple     /srv/fim-watch/gen_00003.txt ts=2026-09-17T21:59:17.237366+00:00
 [00026/500] delete simple     /srv/fim-watch/gen_00002.txt ts=2026-09-17T21:59:20.836963+00:00
 [00027/500] create simple     /srv/fim-watch/gen_00006.txt ts=2026-09-17T21:59:24.436480+00:00
 [00028/500] modify simple     /srv/fim-watch/gen_00003.txt ts=2026-09-17T21:59:28.036213+00:00
 [00029/500] create simple     /srv/fim-watch/gen_00007.txt ts=2026-09-17T21:59:31.636006+00:00
 [00030/500] modify simple     /srv/fim-watch/gen_00003.txt ts=2026-09-17T21:59:35.235749+00:00
 [00031/500] modify simple     /srv/fim-watch/gen_00003.txt ts=2026-09-17T21:59:38.835564+00:00
 [00032/500] delete simple     /srv/fim-watch/gen_00006.txt ts=2026-09-17T21:59:42.434974+00:00
 [00033/500] create simple     /srv/fim-watch/gen_00008.txt ts=2026-09-17T21:59:46.034572+00:00
 [00034/500] create simple     /srv/fim-watch/critico/gen_00009.txt ts=2026-09-17T21:59:49.634369+00:00
 [00035/500] modify simple     /srv/fim-watch/gen_00007.txt ts=2026-09-17T21:59:53.234351+00:00
 [00036/500] modify simple     /srv/fim-watch/critico/gen_00009.txt ts=2026-09-17T21:59:56.834077+00:00
 [00037/500] modify simple     /srv/fim-watch/gen_00003.txt ts=2026-09-17T22:00:00.433730+00:00
 [00038/500] modify simple     /srv/fim-watch/gen_00007.txt ts=2026-09-17T22:00:04.033307+00:00
 [00039/500] modify revertido  /srv/fim-watch/gen_00007.txt ts=2026-09-17T22:00:07.633339+00:00
 [00040/500] modify revertido  /srv/fim-watch/gen_00007.txt ts=2026-09-17T22:00:11.232796+00:00
 [00041/500] create simple     /srv/fim-watch/critico/gen_00010.txt ts=2026-09-17T22:00:14.832546+00:00
 [00042/500] modify simple     /srv/fim-watch/gen_00004.txt ts=2026-09-17T22:00:18.432272+00:00
 [00043/500] modify simple     /srv/fim-watch/gen_00008.txt ts=2026-09-17T22:00:22.032166+00:00
 [00044/500] modify simple     /srv/fim-watch/critico/gen_00009.txt ts=2026-09-17T22:00:25.631721+00:00
 [00045/500] modify simple     /srv/fim-watch/critico/gen_00009.txt ts=2026-09-17T22:00:29.231301+00:00
 [00046/500] modify simple     /srv/fim-watch/gen_00007.txt ts=2026-09-17T22:00:32.831237+00:00
 [00047/500] modify simple     /srv/fim-watch/critico/gen_00010.txt ts=2026-09-17T22:00:36.430908+00:00
 [00048/500] modify simple     /srv/fim-watch/critico/gen_00009.txt ts=2026-09-17T22:00:40.030544+00:00
 [00049/500] create simple     /srv/fim-watch/critico/gen_00011.txt ts=2026-09-17T22:00:43.630182+00:00
 [00050/500] create simple     /srv/fim-watch/gen_00012.txt ts=2026-09-17T22:00:47.230232+00:00
 [00051/500] modify simple     /srv/fim-watch/gen_00008.txt ts=2026-09-17T22:00:50.829476+00:00
 [00052/500] delete simple     /srv/fim-watch/gen_00004.txt ts=2026-09-17T22:00:54.429242+00:00
 [00053/500] create simple     /srv/fim-watch/gen_00013.txt ts=2026-09-17T22:00:58.028779+00:00
 [00054/500] modify simple     /srv/fim-watch/gen_00005.txt ts=2026-09-17T22:01:01.629029+00:00
 [00055/500] modify simple     /srv/fim-watch/gen_00003.txt ts=2026-09-17T22:01:05.228781+00:00
 [00056/500] modify simple     /srv/fim-watch/gen_00012.txt ts=2026-09-17T22:01:08.828251+00:00
 [00057/500] modify colapsado  /srv/fim-watch/gen_00012.txt ts=2026-09-17T22:01:12.427965+00:00
 [00058/500] modify colapsado  /srv/fim-watch/gen_00012.txt ts=2026-09-17T22:01:16.027890+00:00
 [00059/500] modify colapsado  /srv/fim-watch/gen_00012.txt ts=2026-09-17T22:01:19.627434+00:00
 [00060/500] modify colapsado  /srv/fim-watch/gen_00012.txt ts=2026-09-17T22:01:23.227430+00:00
 [00061/500] modify colapsado  /srv/fim-watch/gen_00012.txt ts=2026-09-17T22:01:26.826681+00:00
 [00062/500] create simple     /srv/fim-watch/gen_00014.txt ts=2026-09-17T22:01:30.426640+00:00
 [00063/500] modify revertido  /srv/fim-watch/critico/gen_00011.txt ts=2026-09-17T22:01:34.026458+00:00
 [00064/500] modify revertido  /srv/fim-watch/critico/gen_00011.txt ts=2026-09-17T22:01:37.625895+00:00
 [00065/500] modify simple     /srv/fim-watch/gen_00014.txt ts=2026-09-17T22:01:41.226072+00:00
 [00066/500] create simple     /srv/fim-watch/gen_00015.txt ts=2026-09-17T22:01:44.825285+00:00
 [00067/500] modify simple     /srv/fim-watch/gen_00015.txt ts=2026-09-17T22:01:48.425127+00:00
 [00068/500] modify simple     /srv/fim-watch/critico/gen_00009.txt ts=2026-09-17T22:01:52.025082+00:00
 [00069/500] modify simple     /srv/fim-watch/gen_00005.txt ts=2026-09-17T22:01:55.624743+00:00
 [00070/500] modify revertido  /srv/fim-watch/gen_00014.txt ts=2026-09-17T22:01:59.224337+00:00
 [00071/500] modify revertido  /srv/fim-watch/gen_00014.txt ts=2026-09-17T22:02:02.824055+00:00
 [00072/500] modify revertido  /srv/fim-watch/gen_00005.txt ts=2026-09-17T22:02:06.423678+00:00
 [00073/500] modify revertido  /srv/fim-watch/gen_00005.txt ts=2026-09-17T22:02:10.023348+00:00
 [00074/500] create simple     /srv/fim-watch/gen_00016.txt ts=2026-09-17T22:02:13.623033+00:00
 [00075/500] modify colapsado  /srv/fim-watch/critico/gen_00011.txt ts=2026-09-17T22:02:17.222781+00:00
 [00076/500] modify colapsado  /srv/fim-watch/critico/gen_00011.txt ts=2026-09-17T22:02:20.822267+00:00
 [00077/500] modify colapsado  /srv/fim-watch/critico/gen_00011.txt ts=2026-09-17T22:02:24.422267+00:00
 [00078/500] modify colapsado  /srv/fim-watch/critico/gen_00011.txt ts=2026-09-17T22:02:28.022066+00:00
 [00079/500] modify colapsado  /srv/fim-watch/critico/gen_00011.txt ts=2026-09-17T22:02:31.621405+00:00
 [00080/500] create simple     /srv/fim-watch/gen_00017.txt ts=2026-09-17T22:02:35.221438+00:00
 [00081/500] modify simple     /srv/fim-watch/gen_00003.txt ts=2026-09-17T22:02:38.821204+00:00
 [00082/500] modify simple     /srv/fim-watch/gen_00003.txt ts=2026-09-17T22:02:42.420501+00:00
 [00083/500] modify simple     /srv/fim-watch/critico/gen_00010.txt ts=2026-09-17T22:02:46.020562+00:00
 [00084/500] delete simple     /srv/fim-watch/gen_00008.txt ts=2026-09-17T22:02:49.620075+00:00
 [00085/500] modify simple     /srv/fim-watch/critico/gen_00010.txt ts=2026-09-17T22:02:53.220347+00:00
 [00086/500] modify simple     /srv/fim-watch/gen_00013.txt ts=2026-09-17T22:02:56.819468+00:00
 [00087/500] delete simple     /srv/fim-watch/gen_00012.txt ts=2026-09-17T22:03:00.419444+00:00
 [00088/500] delete simple     /srv/fim-watch/gen_00016.txt ts=2026-09-17T22:03:04.018916+00:00
 [00089/500] modify simple     /srv/fim-watch/gen_00015.txt ts=2026-09-17T22:03:07.618731+00:00
 [00090/500] create efimero    /srv/fim-watch/critico/gen_00018.txt ts=2026-09-17T22:03:11.218535+00:00
 [00091/500] delete efimero    /srv/fim-watch/critico/gen_00018.txt ts=2026-09-17T22:03:14.817974+00:00
 [00092/500] modify simple     /srv/fim-watch/critico/gen_00010.txt ts=2026-09-17T22:03:18.417695+00:00
 [00093/500] delete simple     /srv/fim-watch/gen_00003.txt ts=2026-09-17T22:03:22.017844+00:00
 [00094/500] create simple     /srv/fim-watch/gen_00019.txt ts=2026-09-17T22:03:25.617010+00:00
 [00095/500] modify simple     /srv/fim-watch/critico/gen_00011.txt ts=2026-09-17T22:03:29.217035+00:00
 [00096/500] create simple     /srv/fim-watch/gen_00020.txt ts=2026-09-17T22:03:32.816837+00:00
 [00097/500] modify simple     /srv/fim-watch/gen_00017.txt ts=2026-09-17T22:03:36.416279+00:00
 [00098/500] modify simple     /srv/fim-watch/gen_00015.txt ts=2026-09-17T22:03:40.016207+00:00
 [00099/500] create simple     /srv/fim-watch/critico/gen_00021.txt ts=2026-09-17T22:03:43.615762+00:00
 [00100/500] create simple     /srv/fim-watch/critico/gen_00022.txt ts=2026-09-17T22:03:47.215418+00:00
 [00101/500] modify simple     /srv/fim-watch/critico/gen_00011.txt ts=2026-09-17T22:03:50.815352+00:00
 [00102/500] modify simple     /srv/fim-watch/gen_00005.txt ts=2026-09-17T22:03:54.415035+00:00
 [00103/500] create simple     /srv/fim-watch/gen_00023.txt ts=2026-09-17T22:03:58.014491+00:00
 [00104/500] modify simple     /srv/fim-watch/gen_00014.txt ts=2026-09-17T22:04:01.614487+00:00
 [00105/500] delete simple     /srv/fim-watch/gen_00015.txt ts=2026-09-17T22:04:05.214254+00:00
 [00106/500] modify simple     /srv/fim-watch/gen_00019.txt ts=2026-09-17T22:04:08.813597+00:00
 [00107/500] modify simple     /srv/fim-watch/gen_00007.txt ts=2026-09-17T22:04:12.413657+00:00
 [00108/500] modify colapsado  /srv/fim-watch/gen_00023.txt ts=2026-09-17T22:04:16.013097+00:00
 [00109/500] modify colapsado  /srv/fim-watch/gen_00023.txt ts=2026-09-17T22:04:19.613041+00:00
 [00110/500] modify colapsado  /srv/fim-watch/gen_00023.txt ts=2026-09-17T22:04:23.212986+00:00
 [00111/500] modify colapsado  /srv/fim-watch/gen_00023.txt ts=2026-09-17T22:04:26.812213+00:00
 [00112/500] modify colapsado  /srv/fim-watch/gen_00023.txt ts=2026-09-17T22:04:30.412177+00:00
 [00113/500] modify simple     /srv/fim-watch/gen_00013.txt ts=2026-09-17T22:04:34.011771+00:00
 [00114/500] modify simple     /srv/fim-watch/gen_00005.txt ts=2026-09-17T22:04:37.611477+00:00
 [00115/500] modify simple     /srv/fim-watch/critico/gen_00022.txt ts=2026-09-17T22:04:41.211255+00:00
 [00116/500] modify simple     /srv/fim-watch/gen_00023.txt ts=2026-09-17T22:04:44.811030+00:00
 [00117/500] create simple     /srv/fim-watch/critico/gen_00024.txt ts=2026-09-17T22:04:48.410766+00:00
 [00118/500] modify simple     /srv/fim-watch/critico/gen_00024.txt ts=2026-09-17T22:04:52.010389+00:00
 [00119/500] delete simple     /srv/fim-watch/critico/gen_00010.txt ts=2026-09-17T22:04:55.610008+00:00
 [00120/500] create simple     /srv/fim-watch/gen_00025.txt ts=2026-09-17T22:04:59.209687+00:00
 [00121/500] modify simple     /srv/fim-watch/critico/gen_00021.txt ts=2026-09-17T22:05:02.809618+00:00
 [00122/500] delete simple     /srv/fim-watch/critico/gen_00021.txt ts=2026-09-17T22:05:06.409119+00:00
 [00123/500] modify simple     /srv/fim-watch/gen_00017.txt ts=2026-09-17T22:05:10.009266+00:00
 [00124/500] modify revertido  /srv/fim-watch/gen_00017.txt ts=2026-09-17T22:05:13.608658+00:00
 [00125/500] modify revertido  /srv/fim-watch/gen_00017.txt ts=2026-09-17T22:05:17.208276+00:00
 [00126/500] modify simple     /srv/fim-watch/critico/gen_00024.txt ts=2026-09-17T22:05:20.808142+00:00
 [00127/500] delete simple     /srv/fim-watch/gen_00007.txt ts=2026-09-17T22:05:24.407638+00:00
 [00128/500] modify simple     /srv/fim-watch/gen_00017.txt ts=2026-09-17T22:05:28.007468+00:00
 [00129/500] modify simple     /srv/fim-watch/gen_00014.txt ts=2026-09-17T22:05:31.607296+00:00
 [00130/500] create simple     /srv/fim-watch/gen_00026.txt ts=2026-09-17T22:05:35.206887+00:00
 [00131/500] delete simple     /srv/fim-watch/gen_00005.txt ts=2026-09-17T22:05:38.806527+00:00
 [00132/500] modify simple     /srv/fim-watch/gen_00023.txt ts=2026-09-17T22:05:42.406356+00:00
 [00133/500] delete simple     /srv/fim-watch/critico/gen_00022.txt ts=2026-09-17T22:05:46.005937+00:00
 [00134/500] modify simple     /srv/fim-watch/gen_00026.txt ts=2026-09-17T22:05:49.606031+00:00
 [00135/500] modify simple     /srv/fim-watch/critico/gen_00009.txt ts=2026-09-17T22:05:53.205242+00:00
 [00136/500] modify simple     /srv/fim-watch/gen_00020.txt ts=2026-09-17T22:05:56.805248+00:00
 [00137/500] modify simple     /srv/fim-watch/gen_00025.txt ts=2026-09-17T22:06:00.405089+00:00
 [00138/500] modify revertido  /srv/fim-watch/gen_00019.txt ts=2026-09-17T22:06:04.005082+00:00
 [00139/500] modify revertido  /srv/fim-watch/gen_00019.txt ts=2026-09-17T22:06:07.604161+00:00
 [00140/500] modify simple     /srv/fim-watch/gen_00014.txt ts=2026-09-17T22:06:11.204541+00:00
 [00141/500] modify revertido  /srv/fim-watch/gen_00014.txt ts=2026-09-17T22:06:14.803799+00:00
 [00142/500] modify revertido  /srv/fim-watch/gen_00014.txt ts=2026-09-17T22:06:18.403800+00:00
 [00143/500] create simple     /srv/fim-watch/critico/gen_00027.txt ts=2026-09-17T22:06:22.003534+00:00
 [00144/500] modify simple     /srv/fim-watch/gen_00025.txt ts=2026-09-17T22:06:25.603269+00:00
 [00145/500] modify simple     /srv/fim-watch/critico/gen_00024.txt ts=2026-09-17T22:06:29.202822+00:00
 [00146/500] modify simple     /srv/fim-watch/critico/gen_00024.txt ts=2026-09-17T22:06:32.802689+00:00
 [00147/500] delete simple     /srv/fim-watch/gen_00019.txt ts=2026-09-17T22:06:36.402648+00:00
 [00148/500] modify simple     /srv/fim-watch/gen_00014.txt ts=2026-09-17T22:06:40.002759+00:00
 [00149/500] create simple     /srv/fim-watch/gen_00028.txt ts=2026-09-17T22:06:43.601425+00:00
 [00150/500] create simple     /srv/fim-watch/critico/gen_00029.txt ts=2026-09-17T22:06:47.201218+00:00
 [00151/500] modify simple     /srv/fim-watch/critico/gen_00011.txt ts=2026-09-17T22:06:50.801150+00:00
 [00152/500] modify simple     /srv/fim-watch/gen_00013.txt ts=2026-09-17T22:06:54.400711+00:00
 [00153/500] modify simple     /srv/fim-watch/critico/gen_00024.txt ts=2026-09-17T22:06:58.000570+00:00
 [00154/500] create simple     /srv/fim-watch/gen_00030.txt ts=2026-09-17T22:07:01.599972+00:00
 [00155/500] modify simple     /srv/fim-watch/gen_00020.txt ts=2026-09-17T22:07:05.199836+00:00
 [00156/500] modify simple     /srv/fim-watch/critico/gen_00029.txt ts=2026-09-17T22:07:08.799483+00:00
 [00157/500] modify simple     /srv/fim-watch/critico/gen_00011.txt ts=2026-09-17T22:07:12.399501+00:00
 [00158/500] create simple     /srv/fim-watch/gen_00031.txt ts=2026-09-17T22:07:15.998783+00:00
 [00159/500] create simple     /srv/fim-watch/gen_00032.txt ts=2026-09-17T22:07:19.598495+00:00
 [00160/500] modify simple     /srv/fim-watch/gen_00026.txt ts=2026-09-17T22:07:23.198231+00:00
 [00161/500] create efimero    /srv/fim-watch/critico/gen_00033.txt ts=2026-09-17T22:07:26.798305+00:00
 [00162/500] delete efimero    /srv/fim-watch/critico/gen_00033.txt ts=2026-09-17T22:07:30.397600+00:00
 [00163/500] create simple     /srv/fim-watch/gen_00034.txt ts=2026-09-17T22:07:33.997442+00:00
 [00164/500] delete simple     /srv/fim-watch/gen_00028.txt ts=2026-09-17T22:07:37.597542+00:00
 [00165/500] create simple     /srv/fim-watch/critico/gen_00035.txt ts=2026-09-17T22:07:41.196702+00:00
 [00166/500] create simple     /srv/fim-watch/gen_00036.txt ts=2026-09-17T22:07:44.796644+00:00
 [00167/500] create simple     /srv/fim-watch/gen_00037.txt ts=2026-09-17T22:07:48.396321+00:00
 [00168/500] modify simple     /srv/fim-watch/gen_00025.txt ts=2026-09-17T22:07:51.995907+00:00
 [00169/500] modify revertido  /srv/fim-watch/critico/gen_00009.txt ts=2026-09-17T22:07:55.595497+00:00
 [00170/500] modify revertido  /srv/fim-watch/critico/gen_00009.txt ts=2026-09-17T22:07:59.195668+00:00
 [00171/500] delete simple     /srv/fim-watch/critico/gen_00035.txt ts=2026-09-17T22:08:02.795083+00:00
 [00172/500] modify simple     /srv/fim-watch/gen_00026.txt ts=2026-09-17T22:08:06.395200+00:00
 [00173/500] modify simple     /srv/fim-watch/gen_00036.txt ts=2026-09-17T22:08:09.994610+00:00
 [00174/500] modify simple     /srv/fim-watch/gen_00017.txt ts=2026-09-17T22:08:13.594368+00:00
 [00175/500] delete simple     /srv/fim-watch/gen_00023.txt ts=2026-09-17T22:08:17.193800+00:00
 [00176/500] modify simple     /srv/fim-watch/gen_00014.txt ts=2026-09-17T22:08:20.793826+00:00
 [00177/500] modify simple     /srv/fim-watch/critico/gen_00029.txt ts=2026-09-17T22:08:24.393511+00:00
 [00178/500] modify simple     /srv/fim-watch/gen_00032.txt ts=2026-09-17T22:08:27.993374+00:00
 [00179/500] modify simple     /srv/fim-watch/gen_00025.txt ts=2026-09-17T22:08:31.592570+00:00
 [00180/500] delete simple     /srv/fim-watch/gen_00017.txt ts=2026-09-17T22:08:35.192311+00:00
 [00181/500] delete simple     /srv/fim-watch/gen_00030.txt ts=2026-09-17T22:08:38.792318+00:00
 [00182/500] modify simple     /srv/fim-watch/gen_00034.txt ts=2026-09-17T22:08:42.392099+00:00
 [00183/500] delete simple     /srv/fim-watch/gen_00037.txt ts=2026-09-17T22:08:45.991502+00:00
 [00184/500] create simple     /srv/fim-watch/gen_00038.txt ts=2026-09-17T22:08:49.591329+00:00
 [00185/500] modify simple     /srv/fim-watch/gen_00025.txt ts=2026-09-17T22:08:53.191271+00:00
 [00186/500] modify simple     /srv/fim-watch/critico/gen_00011.txt ts=2026-09-17T22:08:56.790591+00:00
 [00187/500] modify simple     /srv/fim-watch/gen_00036.txt ts=2026-09-17T22:09:00.390620+00:00
 [00188/500] modify simple     /srv/fim-watch/critico/gen_00027.txt ts=2026-09-17T22:09:03.990334+00:00
 [00189/500] modify simple     /srv/fim-watch/gen_00031.txt ts=2026-09-17T22:09:07.590350+00:00
 [00190/500] modify revertido  /srv/fim-watch/gen_00034.txt ts=2026-09-17T22:09:11.189811+00:00
 [00191/500] modify revertido  /srv/fim-watch/gen_00034.txt ts=2026-09-17T22:09:14.789284+00:00
 [00192/500] create simple     /srv/fim-watch/critico/gen_00039.txt ts=2026-09-17T22:09:18.389089+00:00
 [00193/500] create simple     /srv/fim-watch/gen_00040.txt ts=2026-09-17T22:09:21.988769+00:00
 [00194/500] create simple     /srv/fim-watch/gen_00041.txt ts=2026-09-17T22:09:25.588674+00:00
 [00195/500] delete simple     /srv/fim-watch/critico/gen_00011.txt ts=2026-09-17T22:09:29.188167+00:00
 [00196/500] modify simple     /srv/fim-watch/gen_00034.txt ts=2026-09-17T22:09:32.787964+00:00
 [00197/500] modify simple     /srv/fim-watch/critico/gen_00029.txt ts=2026-09-17T22:09:36.387640+00:00
 [00198/500] create simple     /srv/fim-watch/critico/gen_00042.txt ts=2026-09-17T22:09:39.987612+00:00
 [00199/500] modify revertido  /srv/fim-watch/critico/gen_00027.txt ts=2026-09-17T22:09:43.587332+00:00
 [00200/500] modify revertido  /srv/fim-watch/critico/gen_00027.txt ts=2026-09-17T22:09:47.186928+00:00
 [00201/500] modify simple     /srv/fim-watch/gen_00034.txt ts=2026-09-17T22:09:50.786613+00:00
 [00202/500] delete simple     /srv/fim-watch/gen_00031.txt ts=2026-09-17T22:09:54.386264+00:00
 [00203/500] modify colapsado  /srv/fim-watch/gen_00034.txt ts=2026-09-17T22:09:57.986320+00:00
 [00204/500] modify colapsado  /srv/fim-watch/gen_00034.txt ts=2026-09-17T22:10:01.586235+00:00
 [00205/500] modify colapsado  /srv/fim-watch/gen_00034.txt ts=2026-09-17T22:10:05.185555+00:00
 [00206/500] modify colapsado  /srv/fim-watch/gen_00034.txt ts=2026-09-17T22:10:08.785008+00:00
 [00207/500] modify colapsado  /srv/fim-watch/gen_00034.txt ts=2026-09-17T22:10:12.384939+00:00
 [00208/500] modify simple     /srv/fim-watch/gen_00032.txt ts=2026-09-17T22:10:15.985181+00:00
 [00209/500] delete simple     /srv/fim-watch/gen_00038.txt ts=2026-09-17T22:10:19.584516+00:00
 [00210/500] modify revertido  /srv/fim-watch/gen_00034.txt ts=2026-09-17T22:10:23.184289+00:00
 [00211/500] modify revertido  /srv/fim-watch/gen_00034.txt ts=2026-09-17T22:10:26.783748+00:00
 [00212/500] modify simple     /srv/fim-watch/critico/gen_00027.txt ts=2026-09-17T22:10:30.383364+00:00
 [00213/500] modify colapsado  /srv/fim-watch/critico/gen_00027.txt ts=2026-09-17T22:10:33.983154+00:00
 [00214/500] modify colapsado  /srv/fim-watch/critico/gen_00027.txt ts=2026-09-17T22:10:37.582602+00:00
 [00215/500] modify colapsado  /srv/fim-watch/critico/gen_00027.txt ts=2026-09-17T22:10:41.182634+00:00
 [00216/500] modify colapsado  /srv/fim-watch/critico/gen_00027.txt ts=2026-09-17T22:10:44.782290+00:00
 [00217/500] modify colapsado  /srv/fim-watch/critico/gen_00027.txt ts=2026-09-17T22:10:48.382110+00:00
 [00218/500] modify simple     /srv/fim-watch/gen_00014.txt ts=2026-09-17T22:10:51.981794+00:00
 [00219/500] modify simple     /srv/fim-watch/critico/gen_00029.txt ts=2026-09-17T22:10:55.581459+00:00
 [00220/500] modify simple     /srv/fim-watch/gen_00025.txt ts=2026-09-17T22:10:59.181345+00:00
 [00221/500] modify simple     /srv/fim-watch/critico/gen_00027.txt ts=2026-09-17T22:11:02.780746+00:00
 [00222/500] modify revertido  /srv/fim-watch/critico/gen_00024.txt ts=2026-09-17T22:11:06.380291+00:00
 [00223/500] modify revertido  /srv/fim-watch/critico/gen_00024.txt ts=2026-09-17T22:11:09.980145+00:00
 [00224/500] modify simple     /srv/fim-watch/gen_00034.txt ts=2026-09-17T22:11:13.579815+00:00
 [00225/500] modify simple     /srv/fim-watch/gen_00026.txt ts=2026-09-17T22:11:17.179637+00:00
 [00226/500] modify simple     /srv/fim-watch/gen_00013.txt ts=2026-09-17T22:11:20.779570+00:00
 [00227/500] create simple     /srv/fim-watch/gen_00043.txt ts=2026-09-17T22:11:24.378960+00:00
 [00228/500] modify revertido  /srv/fim-watch/critico/gen_00029.txt ts=2026-09-17T22:11:27.978641+00:00
 [00229/500] modify revertido  /srv/fim-watch/critico/gen_00029.txt ts=2026-09-17T22:11:31.578199+00:00
 [00230/500] modify simple     /srv/fim-watch/gen_00013.txt ts=2026-09-17T22:11:35.178403+00:00
 [00231/500] modify simple     /srv/fim-watch/gen_00041.txt ts=2026-09-17T22:11:38.777909+00:00
 [00232/500] modify simple     /srv/fim-watch/critico/gen_00009.txt ts=2026-09-17T22:11:42.377487+00:00
 [00233/500] modify simple     /srv/fim-watch/gen_00013.txt ts=2026-09-17T22:11:45.977396+00:00
 [00234/500] modify simple     /srv/fim-watch/critico/gen_00024.txt ts=2026-09-17T22:11:49.577065+00:00
 [00235/500] modify simple     /srv/fim-watch/gen_00020.txt ts=2026-09-17T22:11:53.176764+00:00
 [00236/500] modify simple     /srv/fim-watch/gen_00043.txt ts=2026-09-17T22:11:56.776646+00:00
 [00237/500] modify simple     /srv/fim-watch/gen_00020.txt ts=2026-09-17T22:12:00.376083+00:00
 [00238/500] delete simple     /srv/fim-watch/gen_00043.txt ts=2026-09-17T22:12:03.975738+00:00
 [00239/500] delete simple     /srv/fim-watch/gen_00026.txt ts=2026-09-17T22:12:07.575459+00:00
 [00240/500] modify simple     /srv/fim-watch/critico/gen_00029.txt ts=2026-09-17T22:12:11.175359+00:00
 [00241/500] modify simple     /srv/fim-watch/gen_00032.txt ts=2026-09-17T22:12:14.775088+00:00
 [00242/500] create simple     /srv/fim-watch/gen_00044.txt ts=2026-09-17T22:12:18.374618+00:00
 [00243/500] modify simple     /srv/fim-watch/gen_00040.txt ts=2026-09-17T22:12:21.974303+00:00
 [00244/500] modify simple     /srv/fim-watch/gen_00041.txt ts=2026-09-17T22:12:25.574055+00:00
 [00245/500] modify colapsado  /srv/fim-watch/gen_00013.txt ts=2026-09-17T22:12:29.173614+00:00
 [00246/500] modify colapsado  /srv/fim-watch/gen_00013.txt ts=2026-09-17T22:12:32.773350+00:00
 [00247/500] modify colapsado  /srv/fim-watch/gen_00013.txt ts=2026-09-17T22:12:36.373339+00:00
 [00248/500] modify colapsado  /srv/fim-watch/gen_00013.txt ts=2026-09-17T22:12:39.972769+00:00
 [00249/500] modify colapsado  /srv/fim-watch/gen_00013.txt ts=2026-09-17T22:12:43.573113+00:00
 [00250/500] modify simple     /srv/fim-watch/gen_00013.txt ts=2026-09-17T22:12:47.172390+00:00
 [00251/500] modify colapsado  /srv/fim-watch/gen_00025.txt ts=2026-09-17T22:12:50.772197+00:00
 [00252/500] modify colapsado  /srv/fim-watch/gen_00025.txt ts=2026-09-17T22:12:54.372187+00:00
 [00253/500] modify colapsado  /srv/fim-watch/gen_00025.txt ts=2026-09-17T22:12:57.971373+00:00
 [00254/500] modify colapsado  /srv/fim-watch/gen_00025.txt ts=2026-09-17T22:13:01.571229+00:00
 [00255/500] modify colapsado  /srv/fim-watch/gen_00025.txt ts=2026-09-17T22:13:05.170968+00:00
 [00256/500] modify simple     /srv/fim-watch/gen_00040.txt ts=2026-09-17T22:13:08.770695+00:00
 [00257/500] modify simple     /srv/fim-watch/critico/gen_00027.txt ts=2026-09-17T22:13:12.370447+00:00
 [00258/500] modify simple     /srv/fim-watch/gen_00034.txt ts=2026-09-17T22:13:15.970195+00:00
 [00259/500] modify simple     /srv/fim-watch/gen_00025.txt ts=2026-09-17T22:13:19.570089+00:00
 [00260/500] modify revertido  /srv/fim-watch/gen_00040.txt ts=2026-09-17T22:13:23.169597+00:00
 [00261/500] modify revertido  /srv/fim-watch/gen_00040.txt ts=2026-09-17T22:13:26.769152+00:00
 [00262/500] modify simple     /srv/fim-watch/gen_00044.txt ts=2026-09-17T22:13:30.369464+00:00
 [00263/500] create simple     /srv/fim-watch/gen_00045.txt ts=2026-09-17T22:13:33.968779+00:00
 [00264/500] create simple     /srv/fim-watch/gen_00046.txt ts=2026-09-17T22:13:37.568381+00:00
 [00265/500] create efimero    /srv/fim-watch/critico/gen_00047.txt ts=2026-09-17T22:13:41.167902+00:00
 [00266/500] delete efimero    /srv/fim-watch/critico/gen_00047.txt ts=2026-09-17T22:13:44.769813+00:00
 [00267/500] modify simple     /srv/fim-watch/critico/gen_00024.txt ts=2026-09-17T22:13:48.368088+00:00
 [00268/500] create efimero    /srv/fim-watch/critico/gen_00048.txt ts=2026-09-17T22:13:51.967615+00:00
 [00269/500] delete efimero    /srv/fim-watch/critico/gen_00048.txt ts=2026-09-17T22:13:55.567539+00:00
 [00270/500] modify simple     /srv/fim-watch/critico/gen_00039.txt ts=2026-09-17T22:13:59.167377+00:00
 [00271/500] delete simple     /srv/fim-watch/gen_00032.txt ts=2026-09-17T22:14:02.766309+00:00
 [00272/500] delete simple     /srv/fim-watch/gen_00046.txt ts=2026-09-17T22:14:06.366029+00:00
 [00273/500] modify revertido  /srv/fim-watch/gen_00025.txt ts=2026-09-17T22:14:09.965806+00:00
 [00274/500] modify revertido  /srv/fim-watch/gen_00025.txt ts=2026-09-17T22:14:13.565549+00:00
 [00275/500] create simple     /srv/fim-watch/gen_00049.txt ts=2026-09-17T22:14:17.164904+00:00
 [00276/500] modify simple     /srv/fim-watch/gen_00034.txt ts=2026-09-17T22:14:20.764644+00:00
 [00277/500] modify revertido  /srv/fim-watch/critico/gen_00039.txt ts=2026-09-17T22:14:24.364465+00:00
 [00278/500] modify revertido  /srv/fim-watch/critico/gen_00039.txt ts=2026-09-17T22:14:27.964349+00:00
 [00279/500] delete simple     /srv/fim-watch/gen_00036.txt ts=2026-09-17T22:14:31.563834+00:00
 [00280/500] create efimero    /srv/fim-watch/gen_00050.txt ts=2026-09-17T22:14:35.163574+00:00
 [00281/500] delete efimero    /srv/fim-watch/gen_00050.txt ts=2026-09-17T22:14:38.763350+00:00
 [00282/500] delete simple     /srv/fim-watch/critico/gen_00009.txt ts=2026-09-17T22:14:42.363006+00:00
 [00283/500] create simple     /srv/fim-watch/gen_00051.txt ts=2026-09-17T22:14:45.962952+00:00
 [00284/500] create simple     /srv/fim-watch/gen_00052.txt ts=2026-09-17T22:14:49.562448+00:00
 [00285/500] modify simple     /srv/fim-watch/critico/gen_00027.txt ts=2026-09-17T22:14:53.162379+00:00
 [00286/500] create simple     /srv/fim-watch/gen_00053.txt ts=2026-09-17T22:14:56.761839+00:00
 [00287/500] modify revertido  /srv/fim-watch/gen_00040.txt ts=2026-09-17T22:15:00.361734+00:00
 [00288/500] modify revertido  /srv/fim-watch/gen_00040.txt ts=2026-09-17T22:15:03.961490+00:00
 [00289/500] modify simple     /srv/fim-watch/gen_00014.txt ts=2026-09-17T22:15:07.561231+00:00
 [00290/500] modify simple     /srv/fim-watch/critico/gen_00039.txt ts=2026-09-17T22:15:11.160960+00:00
 [00291/500] create efimero    /srv/fim-watch/gen_00054.txt ts=2026-09-17T22:15:14.760346+00:00
 [00292/500] delete efimero    /srv/fim-watch/gen_00054.txt ts=2026-09-17T22:15:18.360262+00:00
 [00293/500] create simple     /srv/fim-watch/gen_00055.txt ts=2026-09-17T22:15:21.960043+00:00
 [00294/500] create simple     /srv/fim-watch/gen_00056.txt ts=2026-09-17T22:15:25.559575+00:00
 [00295/500] modify simple     /srv/fim-watch/gen_00045.txt ts=2026-09-17T22:15:29.159521+00:00
 [00296/500] modify simple     /srv/fim-watch/gen_00041.txt ts=2026-09-17T22:15:32.759185+00:00
 [00297/500] modify simple     /srv/fim-watch/gen_00053.txt ts=2026-09-17T22:15:36.358985+00:00
 [00298/500] modify simple     /srv/fim-watch/gen_00049.txt ts=2026-09-17T22:15:39.958596+00:00
 [00299/500] modify simple     /srv/fim-watch/gen_00051.txt ts=2026-09-17T22:15:43.558546+00:00
 [00300/500] create efimero    /srv/fim-watch/critico/gen_00057.txt ts=2026-09-17T22:15:47.157824+00:00
 [00301/500] delete efimero    /srv/fim-watch/critico/gen_00057.txt ts=2026-09-17T22:15:50.757511+00:00
 [00302/500] modify revertido  /srv/fim-watch/gen_00053.txt ts=2026-09-17T22:15:54.357518+00:00
 [00303/500] modify revertido  /srv/fim-watch/gen_00053.txt ts=2026-09-17T22:15:57.957174+00:00
 [00304/500] modify simple     /srv/fim-watch/gen_00044.txt ts=2026-09-17T22:16:01.556980+00:00
 [00305/500] create simple     /srv/fim-watch/critico/gen_00058.txt ts=2026-09-17T22:16:05.156482+00:00
 [00306/500] modify simple     /srv/fim-watch/gen_00056.txt ts=2026-09-17T22:16:08.756371+00:00
 [00307/500] modify simple     /srv/fim-watch/critico/gen_00039.txt ts=2026-09-17T22:16:12.355895+00:00
 [00308/500] modify simple     /srv/fim-watch/gen_00041.txt ts=2026-09-17T22:16:15.955778+00:00
 [00309/500] modify colapsado  /srv/fim-watch/gen_00013.txt ts=2026-09-17T22:16:19.555440+00:00
 [00310/500] modify colapsado  /srv/fim-watch/gen_00013.txt ts=2026-09-17T22:16:23.155316+00:00
 [00311/500] modify colapsado  /srv/fim-watch/gen_00013.txt ts=2026-09-17T22:16:26.754813+00:00
 [00312/500] modify colapsado  /srv/fim-watch/gen_00013.txt ts=2026-09-17T22:16:30.354538+00:00
 [00313/500] modify colapsado  /srv/fim-watch/gen_00013.txt ts=2026-09-17T22:16:33.954235+00:00
 [00314/500] modify simple     /srv/fim-watch/gen_00013.txt ts=2026-09-17T22:16:37.553939+00:00
 [00315/500] modify simple     /srv/fim-watch/gen_00020.txt ts=2026-09-17T22:16:41.153667+00:00
 [00316/500] modify simple     /srv/fim-watch/critico/gen_00058.txt ts=2026-09-17T22:16:44.753631+00:00
 [00317/500] create simple     /srv/fim-watch/gen_00059.txt ts=2026-09-17T22:16:48.353172+00:00
 [00318/500] create simple     /srv/fim-watch/gen_00060.txt ts=2026-09-17T22:16:51.952711+00:00
 [00319/500] modify simple     /srv/fim-watch/critico/gen_00029.txt ts=2026-09-17T22:16:55.552669+00:00
 [00320/500] create simple     /srv/fim-watch/gen_00061.txt ts=2026-09-17T22:16:59.152215+00:00
 [00321/500] modify simple     /srv/fim-watch/critico/gen_00029.txt ts=2026-09-17T22:17:02.752324+00:00
 [00322/500] create simple     /srv/fim-watch/gen_00062.txt ts=2026-09-17T22:17:06.351681+00:00
 [00323/500] create simple     /srv/fim-watch/gen_00063.txt ts=2026-09-17T22:17:09.951422+00:00
 [00324/500] modify simple     /srv/fim-watch/gen_00062.txt ts=2026-09-17T22:17:13.551491+00:00
 [00325/500] create simple     /srv/fim-watch/gen_00064.txt ts=2026-09-17T22:17:17.151027+00:00
 [00326/500] modify simple     /srv/fim-watch/gen_00014.txt ts=2026-09-17T22:17:20.750561+00:00
 [00327/500] modify simple     /srv/fim-watch/gen_00052.txt ts=2026-09-17T22:17:24.350452+00:00
 [00328/500] modify simple     /srv/fim-watch/critico/gen_00027.txt ts=2026-09-17T22:17:27.950159+00:00
 [00329/500] modify revertido  /srv/fim-watch/gen_00064.txt ts=2026-09-17T22:17:31.549907+00:00
 [00330/500] modify revertido  /srv/fim-watch/gen_00064.txt ts=2026-09-17T22:17:35.149650+00:00
 [00331/500] modify revertido  /srv/fim-watch/gen_00025.txt ts=2026-09-17T22:17:38.749356+00:00
 [00332/500] modify revertido  /srv/fim-watch/gen_00025.txt ts=2026-09-17T22:17:42.349165+00:00
 [00333/500] modify simple     /srv/fim-watch/gen_00051.txt ts=2026-09-17T22:17:45.948578+00:00
 [00334/500] create simple     /srv/fim-watch/gen_00065.txt ts=2026-09-17T22:17:49.548169+00:00
 [00335/500] modify simple     /srv/fim-watch/critico/gen_00027.txt ts=2026-09-17T22:17:53.147966+00:00
 [00336/500] modify simple     /srv/fim-watch/gen_00045.txt ts=2026-09-17T22:17:56.747640+00:00
 [00337/500] modify simple     /srv/fim-watch/gen_00020.txt ts=2026-09-17T22:18:00.347384+00:00
 [00338/500] create simple     /srv/fim-watch/gen_00066.txt ts=2026-09-17T22:18:03.947276+00:00
 [00339/500] modify simple     /srv/fim-watch/gen_00049.txt ts=2026-09-17T22:18:07.546843+00:00
 [00340/500] modify simple     /srv/fim-watch/gen_00060.txt ts=2026-09-17T22:18:11.146566+00:00
 [00341/500] create simple     /srv/fim-watch/gen_00067.txt ts=2026-09-17T22:18:14.745964+00:00
 [00342/500] create simple     /srv/fim-watch/gen_00068.txt ts=2026-09-17T22:18:18.346126+00:00
 [00343/500] modify simple     /srv/fim-watch/gen_00053.txt ts=2026-09-17T22:18:21.948899+00:00
 [00344/500] create simple     /srv/fim-watch/gen_00069.txt ts=2026-09-17T22:18:25.545262+00:00
 [00345/500] modify revertido  /srv/fim-watch/gen_00056.txt ts=2026-09-17T22:18:29.145106+00:00
 [00346/500] modify revertido  /srv/fim-watch/gen_00056.txt ts=2026-09-17T22:18:32.744755+00:00
 [00347/500] modify simple     /srv/fim-watch/critico/gen_00058.txt ts=2026-09-17T22:18:36.344408+00:00
 [00348/500] modify simple     /srv/fim-watch/gen_00063.txt ts=2026-09-17T22:18:39.944250+00:00
 [00349/500] modify revertido  /srv/fim-watch/critico/gen_00042.txt ts=2026-09-17T22:18:43.543988+00:00
 [00350/500] modify revertido  /srv/fim-watch/critico/gen_00042.txt ts=2026-09-17T22:18:47.143598+00:00
 [00351/500] modify simple     /srv/fim-watch/gen_00067.txt ts=2026-09-17T22:18:50.743402+00:00
 [00352/500] create simple     /srv/fim-watch/gen_00070.txt ts=2026-09-17T22:18:54.343281+00:00
 [00353/500] modify simple     /srv/fim-watch/gen_00068.txt ts=2026-09-17T22:18:57.942528+00:00
 [00354/500] create simple     /srv/fim-watch/gen_00071.txt ts=2026-09-17T22:19:01.542387+00:00
 [00355/500] delete simple     /srv/fim-watch/critico/gen_00042.txt ts=2026-09-17T22:19:05.142130+00:00
 [00356/500] create efimero    /srv/fim-watch/gen_00072.txt ts=2026-09-17T22:19:08.741800+00:00
 [00357/500] delete efimero    /srv/fim-watch/gen_00072.txt ts=2026-09-17T22:19:12.341405+00:00
 [00358/500] modify revertido  /srv/fim-watch/gen_00068.txt ts=2026-09-17T22:19:15.941445+00:00
 [00359/500] modify revertido  /srv/fim-watch/gen_00068.txt ts=2026-09-17T22:19:19.541663+00:00
 [00360/500] delete simple     /srv/fim-watch/gen_00070.txt ts=2026-09-17T22:19:23.140586+00:00
 [00361/500] delete simple     /srv/fim-watch/gen_00044.txt ts=2026-09-17T22:19:26.740380+00:00
 [00362/500] modify simple     /srv/fim-watch/gen_00034.txt ts=2026-09-17T22:19:30.340564+00:00
 [00363/500] modify simple     /srv/fim-watch/gen_00059.txt ts=2026-09-17T22:19:33.939974+00:00
 [00364/500] create simple     /srv/fim-watch/gen_00073.txt ts=2026-09-17T22:19:37.539505+00:00
 [00365/500] modify simple     /srv/fim-watch/gen_00063.txt ts=2026-09-17T22:19:41.139306+00:00
 [00366/500] create simple     /srv/fim-watch/gen_00074.txt ts=2026-09-17T22:19:44.738949+00:00
 [00367/500] modify simple     /srv/fim-watch/gen_00067.txt ts=2026-09-17T22:19:48.338781+00:00
 [00368/500] modify simple     /srv/fim-watch/critico/gen_00058.txt ts=2026-09-17T22:19:51.938529+00:00
 [00369/500] create simple     /srv/fim-watch/gen_00075.txt ts=2026-09-17T22:19:55.538016+00:00
 [00370/500] create simple     /srv/fim-watch/gen_00076.txt ts=2026-09-17T22:19:59.137746+00:00
 [00371/500] modify simple     /srv/fim-watch/gen_00071.txt ts=2026-09-17T22:20:02.737592+00:00
 [00372/500] create simple     /srv/fim-watch/gen_00077.txt ts=2026-09-17T22:20:06.337240+00:00
 [00373/500] modify simple     /srv/fim-watch/gen_00064.txt ts=2026-09-17T22:20:09.937084+00:00
 [00374/500] modify simple     /srv/fim-watch/gen_00062.txt ts=2026-09-17T22:20:13.536808+00:00
 [00375/500] modify simple     /srv/fim-watch/gen_00034.txt ts=2026-09-17T22:20:17.136415+00:00
 [00376/500] modify revertido  /srv/fim-watch/critico/gen_00029.txt ts=2026-09-17T22:20:20.735980+00:00
 [00377/500] modify revertido  /srv/fim-watch/critico/gen_00029.txt ts=2026-09-17T22:20:24.335840+00:00
 [00378/500] modify simple     /srv/fim-watch/critico/gen_00039.txt ts=2026-09-17T22:20:27.935788+00:00
 [00379/500] modify simple     /srv/fim-watch/gen_00052.txt ts=2026-09-17T22:20:31.535524+00:00
 [00380/500] modify simple     /srv/fim-watch/gen_00056.txt ts=2026-09-17T22:20:35.135394+00:00
 [00381/500] modify simple     /srv/fim-watch/critico/gen_00039.txt ts=2026-09-17T22:20:38.735025+00:00
 [00382/500] modify simple     /srv/fim-watch/gen_00061.txt ts=2026-09-17T22:20:42.334337+00:00
 [00383/500] modify simple     /srv/fim-watch/gen_00049.txt ts=2026-09-17T22:20:45.934474+00:00
 [00384/500] modify simple     /srv/fim-watch/gen_00067.txt ts=2026-09-17T22:20:49.533844+00:00
 [00385/500] modify simple     /srv/fim-watch/gen_00075.txt ts=2026-09-17T22:20:53.133610+00:00
 [00386/500] modify simple     /srv/fim-watch/gen_00074.txt ts=2026-09-17T22:20:56.733256+00:00
 [00387/500] modify colapsado  /srv/fim-watch/gen_00041.txt ts=2026-09-17T22:21:00.333378+00:00
 [00388/500] modify colapsado  /srv/fim-watch/gen_00041.txt ts=2026-09-17T22:21:03.932678+00:00
 [00389/500] modify colapsado  /srv/fim-watch/gen_00041.txt ts=2026-09-17T22:21:07.532473+00:00
 [00390/500] modify colapsado  /srv/fim-watch/gen_00041.txt ts=2026-09-17T22:21:11.132480+00:00
 [00391/500] modify colapsado  /srv/fim-watch/gen_00041.txt ts=2026-09-17T22:21:14.732571+00:00
 [00392/500] modify simple     /srv/fim-watch/critico/gen_00029.txt ts=2026-09-17T22:21:18.332600+00:00
 [00393/500] create simple     /srv/fim-watch/gen_00078.txt ts=2026-09-17T22:21:21.931665+00:00
 [00394/500] modify revertido  /srv/fim-watch/critico/gen_00058.txt ts=2026-09-17T22:21:25.531265+00:00
 [00395/500] modify revertido  /srv/fim-watch/critico/gen_00058.txt ts=2026-09-17T22:21:29.130713+00:00
 [00396/500] modify simple     /srv/fim-watch/gen_00065.txt ts=2026-09-17T22:21:32.730576+00:00
 [00397/500] modify simple     /srv/fim-watch/gen_00069.txt ts=2026-09-17T22:21:36.329979+00:00
 [00398/500] modify revertido  /srv/fim-watch/critico/gen_00027.txt ts=2026-09-17T22:21:39.930081+00:00
 [00399/500] modify revertido  /srv/fim-watch/critico/gen_00027.txt ts=2026-09-17T22:21:43.529703+00:00
 [00400/500] modify simple     /srv/fim-watch/critico/gen_00039.txt ts=2026-09-17T22:21:47.129269+00:00
 [00401/500] create simple     /srv/fim-watch/gen_00079.txt ts=2026-09-17T22:21:50.728982+00:00
 [00402/500] modify revertido  /srv/fim-watch/gen_00013.txt ts=2026-09-17T22:21:54.328792+00:00
 [00403/500] modify revertido  /srv/fim-watch/gen_00013.txt ts=2026-09-17T22:21:57.928730+00:00
 [00404/500] modify colapsado  /srv/fim-watch/gen_00063.txt ts=2026-09-17T22:22:01.527998+00:00
 [00405/500] modify colapsado  /srv/fim-watch/gen_00063.txt ts=2026-09-17T22:22:05.127985+00:00
 [00406/500] modify colapsado  /srv/fim-watch/gen_00063.txt ts=2026-09-17T22:22:08.727516+00:00
 [00407/500] modify colapsado  /srv/fim-watch/gen_00063.txt ts=2026-09-17T22:22:12.327886+00:00
 [00408/500] modify colapsado  /srv/fim-watch/gen_00063.txt ts=2026-09-17T22:22:15.927074+00:00
 [00409/500] modify simple     /srv/fim-watch/gen_00077.txt ts=2026-09-17T22:22:19.526827+00:00
 [00410/500] delete simple     /srv/fim-watch/gen_00041.txt ts=2026-09-17T22:22:23.126156+00:00
 [00411/500] modify simple     /srv/fim-watch/gen_00067.txt ts=2026-09-17T22:22:26.726142+00:00
 [00412/500] modify simple     /srv/fim-watch/gen_00020.txt ts=2026-09-17T22:22:30.325528+00:00
 [00413/500] create simple     /srv/fim-watch/gen_00080.txt ts=2026-09-17T22:22:33.925266+00:00
 [00414/500] modify simple     /srv/fim-watch/gen_00067.txt ts=2026-09-17T22:22:37.524948+00:00
 [00415/500] modify simple     /srv/fim-watch/gen_00052.txt ts=2026-09-17T22:22:41.124732+00:00
 [00416/500] create simple     /srv/fim-watch/gen_00081.txt ts=2026-09-17T22:22:44.724524+00:00
 [00417/500] modify simple     /srv/fim-watch/gen_00066.txt ts=2026-09-17T22:22:48.324204+00:00
 [00418/500] modify colapsado  /srv/fim-watch/gen_00079.txt ts=2026-09-17T22:22:51.924103+00:00
 [00419/500] modify colapsado  /srv/fim-watch/gen_00079.txt ts=2026-09-17T22:22:55.524326+00:00
 [00420/500] modify colapsado  /srv/fim-watch/gen_00079.txt ts=2026-09-17T22:22:59.123487+00:00
 [00421/500] modify colapsado  /srv/fim-watch/gen_00079.txt ts=2026-09-17T22:23:02.723191+00:00
 [00422/500] modify colapsado  /srv/fim-watch/gen_00079.txt ts=2026-09-17T22:23:06.323036+00:00
 [00423/500] create simple     /srv/fim-watch/gen_00082.txt ts=2026-09-17T22:23:09.922518+00:00
 [00424/500] modify simple     /srv/fim-watch/gen_00034.txt ts=2026-09-17T22:23:13.522464+00:00
 [00425/500] modify revertido  /srv/fim-watch/critico/gen_00029.txt ts=2026-09-17T22:23:17.121954+00:00
 [00426/500] modify revertido  /srv/fim-watch/critico/gen_00029.txt ts=2026-09-17T22:23:20.721603+00:00
 [00427/500] create simple     /srv/fim-watch/gen_00083.txt ts=2026-09-17T22:23:24.321356+00:00
 [00428/500] modify revertido  /srv/fim-watch/gen_00065.txt ts=2026-09-17T22:23:27.921293+00:00
 [00429/500] modify revertido  /srv/fim-watch/gen_00065.txt ts=2026-09-17T22:23:31.521026+00:00
 [00430/500] modify colapsado  /srv/fim-watch/gen_00059.txt ts=2026-09-17T22:23:35.120670+00:00
 [00431/500] modify colapsado  /srv/fim-watch/gen_00059.txt ts=2026-09-17T22:23:38.720359+00:00
 [00432/500] modify colapsado  /srv/fim-watch/gen_00059.txt ts=2026-09-17T22:23:42.319890+00:00
 [00433/500] modify colapsado  /srv/fim-watch/gen_00059.txt ts=2026-09-17T22:23:45.919732+00:00
 [00434/500] modify colapsado  /srv/fim-watch/gen_00059.txt ts=2026-09-17T22:23:49.520087+00:00
 [00435/500] modify revertido  /srv/fim-watch/gen_00066.txt ts=2026-09-17T22:23:53.119347+00:00
 [00436/500] modify revertido  /srv/fim-watch/gen_00066.txt ts=2026-09-17T22:23:56.718976+00:00
 [00437/500] modify simple     /srv/fim-watch/gen_00071.txt ts=2026-09-17T22:24:00.318559+00:00
 [00438/500] modify simple     /srv/fim-watch/gen_00068.txt ts=2026-09-17T22:24:03.918414+00:00
 [00439/500] modify colapsado  /srv/fim-watch/gen_00077.txt ts=2026-09-17T22:24:07.518021+00:00
 [00440/500] modify colapsado  /srv/fim-watch/gen_00077.txt ts=2026-09-17T22:24:11.117830+00:00
 [00441/500] modify colapsado  /srv/fim-watch/gen_00077.txt ts=2026-09-17T22:24:14.718032+00:00
 [00442/500] modify colapsado  /srv/fim-watch/gen_00077.txt ts=2026-09-17T22:24:18.317194+00:00
 [00443/500] modify colapsado  /srv/fim-watch/gen_00077.txt ts=2026-09-17T22:24:21.916753+00:00
 [00444/500] delete simple     /srv/fim-watch/gen_00075.txt ts=2026-09-17T22:24:25.516684+00:00
 [00445/500] modify simple     /srv/fim-watch/gen_00061.txt ts=2026-09-17T22:24:29.116728+00:00
 [00446/500] delete simple     /srv/fim-watch/gen_00064.txt ts=2026-09-17T22:24:32.716464+00:00
 [00447/500] create simple     /srv/fim-watch/critico/gen_00084.txt ts=2026-09-17T22:24:36.315735+00:00
 [00448/500] create simple     /srv/fim-watch/gen_00085.txt ts=2026-09-17T22:24:39.915397+00:00
 [00449/500] modify simple     /srv/fim-watch/gen_00034.txt ts=2026-09-17T22:24:43.515302+00:00
 [00450/500] modify simple     /srv/fim-watch/gen_00045.txt ts=2026-09-17T22:24:47.115623+00:00
 [00451/500] modify simple     /srv/fim-watch/critico/gen_00024.txt ts=2026-09-17T22:24:50.714661+00:00
 [00452/500] create simple     /srv/fim-watch/gen_00086.txt ts=2026-09-17T22:24:54.314474+00:00
 [00453/500] modify simple     /srv/fim-watch/gen_00068.txt ts=2026-09-17T22:24:57.914123+00:00
 [00454/500] modify simple     /srv/fim-watch/gen_00074.txt ts=2026-09-17T22:25:01.513753+00:00
 [00455/500] create simple     /srv/fim-watch/gen_00087.txt ts=2026-09-17T22:25:05.113291+00:00
 [00456/500] create simple     /srv/fim-watch/gen_00088.txt ts=2026-09-17T22:25:08.714000+00:00
 [00457/500] create simple     /srv/fim-watch/gen_00089.txt ts=2026-09-17T22:25:12.312778+00:00
 [00458/500] delete simple     /srv/fim-watch/gen_00089.txt ts=2026-09-17T22:25:15.912374+00:00
 [00459/500] modify simple     /srv/fim-watch/gen_00051.txt ts=2026-09-17T22:25:19.512379+00:00
 [00460/500] create simple     /srv/fim-watch/gen_00090.txt ts=2026-09-17T22:25:23.112109+00:00
 [00461/500] modify simple     /srv/fim-watch/gen_00074.txt ts=2026-09-17T22:25:26.711687+00:00
 [00462/500] modify simple     /srv/fim-watch/gen_00034.txt ts=2026-09-17T22:25:30.311776+00:00
 [00463/500] modify simple     /srv/fim-watch/gen_00013.txt ts=2026-09-17T22:25:33.911653+00:00
 [00464/500] create efimero    /srv/fim-watch/critico/gen_00091.txt ts=2026-09-17T22:25:37.510721+00:00
 [00465/500] delete efimero    /srv/fim-watch/critico/gen_00091.txt ts=2026-09-17T22:25:41.110676+00:00
 [00466/500] modify simple     /srv/fim-watch/gen_00059.txt ts=2026-09-17T22:25:44.710447+00:00
 [00467/500] modify revertido  /srv/fim-watch/gen_00013.txt ts=2026-09-17T22:25:48.310349+00:00
 [00468/500] modify revertido  /srv/fim-watch/gen_00013.txt ts=2026-09-17T22:25:51.909584+00:00
 [00469/500] delete simple     /srv/fim-watch/gen_00085.txt ts=2026-09-17T22:25:55.509289+00:00
 [00470/500] create simple     /srv/fim-watch/gen_00092.txt ts=2026-09-17T22:25:59.109230+00:00
 [00471/500] modify simple     /srv/fim-watch/gen_00069.txt ts=2026-09-17T22:26:02.708760+00:00
 [00472/500] create simple     /srv/fim-watch/gen_00093.txt ts=2026-09-17T22:26:06.308549+00:00
 [00473/500] modify revertido  /srv/fim-watch/gen_00014.txt ts=2026-09-17T22:26:09.908441+00:00
 [00474/500] modify revertido  /srv/fim-watch/gen_00014.txt ts=2026-09-17T22:26:13.507772+00:00
 [00475/500] modify simple     /srv/fim-watch/gen_00014.txt ts=2026-09-17T22:26:17.107605+00:00
 [00476/500] modify simple     /srv/fim-watch/critico/gen_00029.txt ts=2026-09-17T22:26:20.707953+00:00
 [00477/500] modify revertido  /srv/fim-watch/gen_00071.txt ts=2026-09-17T22:26:24.307136+00:00
 [00478/500] modify revertido  /srv/fim-watch/gen_00071.txt ts=2026-09-17T22:26:27.906817+00:00
 [00479/500] modify simple     /srv/fim-watch/gen_00040.txt ts=2026-09-17T22:26:31.506604+00:00
 [00480/500] modify simple     /srv/fim-watch/gen_00071.txt ts=2026-09-17T22:26:35.106372+00:00
 [00481/500] modify simple     /srv/fim-watch/gen_00014.txt ts=2026-09-17T22:26:38.706334+00:00
 [00482/500] create simple     /srv/fim-watch/critico/gen_00094.txt ts=2026-09-17T22:26:42.305696+00:00
 [00483/500] modify simple     /srv/fim-watch/gen_00066.txt ts=2026-09-17T22:26:45.905480+00:00
 [00484/500] create simple     /srv/fim-watch/gen_00095.txt ts=2026-09-17T22:26:49.504922+00:00
 [00485/500] modify simple     /srv/fim-watch/gen_00063.txt ts=2026-09-17T22:26:53.105179+00:00
 [00486/500] modify simple     /srv/fim-watch/gen_00073.txt ts=2026-09-17T22:26:56.704736+00:00
 [00487/500] delete simple     /srv/fim-watch/critico/gen_00094.txt ts=2026-09-17T22:27:00.304048+00:00
 [00488/500] modify simple     /srv/fim-watch/gen_00071.txt ts=2026-09-17T22:27:03.904358+00:00
 [00489/500] modify simple     /srv/fim-watch/gen_00092.txt ts=2026-09-17T22:27:07.504369+00:00
 [00490/500] create simple     /srv/fim-watch/critico/gen_00096.txt ts=2026-09-17T22:27:11.103602+00:00
 [00491/500] create efimero    /srv/fim-watch/gen_00097.txt ts=2026-09-17T22:27:14.703027+00:00
 [00492/500] delete efimero    /srv/fim-watch/gen_00097.txt ts=2026-09-17T22:27:18.302832+00:00
 [00493/500] create simple     /srv/fim-watch/gen_00098.txt ts=2026-09-17T22:27:21.902349+00:00
 [00494/500] modify simple     /srv/fim-watch/critico/gen_00058.txt ts=2026-09-17T22:27:25.502281+00:00
 [00495/500] create simple     /srv/fim-watch/gen_00099.txt ts=2026-09-17T22:27:29.101926+00:00
 [00496/500] delete simple     /srv/fim-watch/gen_00076.txt ts=2026-09-17T22:27:32.701659+00:00
 [00497/500] modify simple     /srv/fim-watch/gen_00078.txt ts=2026-09-17T22:27:36.301380+00:00
 [00498/500] modify simple     /srv/fim-watch/gen_00056.txt ts=2026-09-17T22:27:39.901181+00:00
 [00499/500] create simple     /srv/fim-watch/gen_00100.txt ts=2026-09-17T22:27:43.500682+00:00
 [00500/500] modify simple     /srv/fim-watch/gen_00061.txt ts=2026-09-17T22:27:47.100338+00:00
========================================================================
fin_utc = 2026-09-17T22:27:47.100672+00:00  duracion_s = 1796.257
cambios_registrados = 500  errores = 0
manifiesto = /srv/evidencia/bateria3_manifiesto.json
manifiesto incremental = /srv/evidencia/bateria3_manifiesto.jsonl
========================================================================
