 Image fim-acceptance-backend:local Building 
 Image fim-acceptance-frontend:local Building 
#1 [internal] load local bake definitions
#1 reading from stdin 1.22kB done
#1 DONE 0.0s

#2 [frontend internal] load build definition from Dockerfile
#2 transferring dockerfile: 783B done
#2 DONE 0.0s

#3 [backend internal] load build definition from Dockerfile
#3 transferring dockerfile: 3.49kB done
#3 DONE 0.0s

#4 [frontend internal] load metadata for docker.io/library/nginx:alpine
#4 DONE 0.0s

#5 [backend internal] load metadata for docker.io/library/python:3.13-slim
#5 DONE 0.0s

#6 [backend internal] load .dockerignore
#6 transferring context: 162B done
#6 DONE 0.0s

#7 [backend internal] load build context
#7 transferring context: 309.77kB done
#7 DONE 0.0s

#8 [backend builder 1/5] FROM docker.io/library/python:3.13-slim@sha256:[REDACTED-OPAQUE]
#8 resolve docker.io/library/python:3.13-slim@sha256:[REDACTED-OPAQUE]
#8 resolve docker.io/library/python:3.13-slim@sha256:[REDACTED-OPAQUE] 0.0s done
#8 DONE 0.0s

#9 [backend builder 3/5] WORKDIR /build
#9 CACHED

#10 [backend builder 2/5] RUN python -m venv /opt/venv
#10 CACHED

#11 [backend builder 4/5] COPY requirements.txt .
#11 CACHED

#12 [backend runtime 4/6] WORKDIR /app
#12 CACHED

#13 [backend runtime 2/6] RUN useradd --create-home --uid 10001 app
#13 CACHED

#14 [backend builder 5/5] RUN pip install --no-cache-dir --upgrade pip  && pip install --no-cache-dir -r requirements.txt
#14 CACHED

#15 [backend runtime 3/6] COPY --from=builder /opt/venv /opt/venv
#15 CACHED

#16 [backend runtime 5/6] RUN mkdir /certs && chown app:app /certs
#16 CACHED

#17 [backend runtime 6/6] COPY --chown=app:app app/ /app/app/
#17 CACHED

#18 [backend] exporting to image
#18 exporting layers done
#18 exporting manifest sha256:[REDACTED-OPAQUE] done
#18 exporting config sha256:[REDACTED-OPAQUE] done
#18 exporting attestation manifest sha256:[REDACTED-OPAQUE] done
#18 exporting manifest list sha256:[REDACTED-OPAQUE] done
#18 naming to docker.io/library/fim-acceptance-backend:local done
#18 unpacking to docker.io/library/fim-acceptance-backend:local
#18 unpacking to docker.io/library/fim-acceptance-backend:local 1.2s done
#18 DONE 1.2s

#19 [frontend internal] load metadata for docker.io/library/node:22-alpine
#19 DONE 1.3s

#20 [frontend internal] load .dockerignore
#20 transferring context: 58B done
#20 DONE 0.0s

#21 [frontend internal] load build context
#21 transferring context: 553.56kB 0.0s done
#21 DONE 0.0s

#22 [frontend build 1/7] FROM docker.io/library/node:22-alpine@sha256:[REDACTED-OPAQUE]
#22 resolve docker.io/library/node:22-alpine@sha256:[REDACTED-OPAQUE] 0.0s done
#22 DONE 0.0s

#23 [frontend serve 1/3] FROM docker.io/library/nginx:alpine@sha256:[REDACTED-OPAQUE]
#23 resolve docker.io/library/nginx:alpine@sha256:[REDACTED-OPAQUE] 0.0s done
#23 DONE 0.0s

#24 [frontend build 2/7] RUN corepack enable
#24 CACHED

#25 [frontend build 3/7] WORKDIR /app
#25 CACHED

#26 [frontend build 4/7] COPY package.json pnpm-lock.yaml ./
#26 CACHED

#27 [frontend build 5/7] RUN pnpm install --frozen-lockfile
#27 CACHED

#28 [backend] resolving provenance for metadata file
#28 DONE 0.0s

#29 [frontend build 6/7] COPY . .
#29 DONE 0.1s

#30 [frontend build 7/7] RUN pnpm build
#30 0.610 
#30 0.610 > fim-frontend@0.0.1 build /app
#30 0.610 > tsc -b && vite build
#30 0.610 
#30 4.704 vite v6.4.3 building for production...
#30 4.795 transforming...
#30 6.938 ✓ 277 modules transformed.
#30 7.337 rendering chunks...
#30 7.357 computing gzip size...
#30 7.403 dist/index.html                   0.46 kB │ gzip:   0.30 kB
#30 7.403 dist/assets/index-CJO_eB-P.css   27.77 kB │ gzip:   6.13 kB
#30 7.403 dist/assets/index-DUwWxOTW.js   505.83 kB │ gzip: 156.29 kB
#30 7.403 
#30 7.403 (!) Some chunks are larger than 500 kB after minification. Consider:
#30 7.403 - Using dynamic import() to code-split the application
#30 7.403 - Use build.rollupOptions.output.manualChunks to improve chunking: https://rollupjs.org/configuration-options/#output-manualchunks
#30 7.403 - Adjust chunk size limit for this warning via build.chunkSizeWarningLimit.
#30 7.403 ✓ built in 2.67s
#30 DONE 7.5s

#31 [frontend serve 2/3] COPY --from=build /app/dist /usr/share/nginx/html
#31 CACHED

#32 [frontend serve 3/3] COPY nginx.conf /etc/nginx/conf.d/default.conf
#32 CACHED

#33 [frontend] exporting to image
#33 exporting layers done
#33 exporting manifest sha256:[REDACTED-OPAQUE] done
#33 exporting config sha256:[REDACTED-OPAQUE] done
#33 exporting attestation manifest sha256:[REDACTED-OPAQUE] done
#33 exporting manifest list sha256:[REDACTED-OPAQUE] done
#33 naming to docker.io/library/fim-acceptance-frontend:local done
#33 unpacking to docker.io/library/fim-acceptance-frontend:local 0.0s done
#33 DONE 0.1s

#34 [frontend] resolving provenance for metadata file
#34 DONE 0.0s
 Image fim-acceptance-backend:local Built 
 Image fim-acceptance-frontend:local Built 
