 Image fim-acceptance-backend:local Building 
 Image fim-acceptance-frontend:local Building 
#1 [internal] load local bake definitions
#1 reading from stdin 1.20kB done
#1 DONE 0.0s

#2 [backend internal] load build definition from Dockerfile
#2 transferring dockerfile: 3.49kB done
#2 DONE 0.0s

#3 [frontend internal] load build definition from Dockerfile
#3 transferring dockerfile: 783B done
#3 DONE 0.0s

#4 [frontend internal] load metadata for docker.io/library/nginx:alpine
#4 DONE 0.0s

#5 [frontend internal] load metadata for docker.io/library/node:22-alpine
#5 ...

#6 [backend internal] load metadata for docker.io/library/python:3.13-slim
#6 DONE 1.2s

#7 [backend internal] load .dockerignore
#7 transferring context: 162B done
#7 DONE 0.0s

#5 [frontend internal] load metadata for docker.io/library/node:22-alpine
#5 DONE 1.2s

#8 [frontend internal] load .dockerignore
#8 transferring context: 58B done
#8 DONE 0.0s

#9 [backend builder 1/5] FROM docker.io/library/python:3.13-slim@sha256:[REDACTED-OPAQUE]
#9 resolve docker.io/library/python:3.13-slim@sha256:[REDACTED-OPAQUE] 0.0s done
#9 DONE 0.0s

#10 [backend internal] load build context
#10 transferring context: 1.02MB 0.0s done
#10 DONE 0.0s

#11 [frontend build 1/7] FROM docker.io/library/node:22-alpine@sha256:[REDACTED-OPAQUE]
#11 resolve docker.io/library/node:22-alpine@sha256:[REDACTED-OPAQUE] 0.0s done
#11 DONE 0.0s

#12 [frontend internal] load build context
#12 transferring context: 1.99MB 0.0s done
#12 DONE 0.1s

#13 [frontend serve 1/3] FROM docker.io/library/nginx:alpine@sha256:[REDACTED-OPAQUE]
#13 resolve docker.io/library/nginx:alpine@sha256:[REDACTED-OPAQUE] 0.0s done
#13 DONE 0.0s

#14 [backend builder 4/5] COPY requirements.txt .
#14 CACHED

#15 [backend builder 3/5] WORKDIR /build
#15 CACHED

#16 [backend builder 2/5] RUN python -m venv /opt/venv
#16 CACHED

#17 [backend builder 5/5] RUN pip install --no-cache-dir --upgrade pip  && pip install --no-cache-dir -r requirements.txt
#17 CACHED

#18 [backend runtime 2/6] RUN useradd --create-home --uid 10001 app
#18 CACHED

#19 [backend runtime 3/6] COPY --from=builder /opt/venv /opt/venv
#19 CACHED

#20 [backend runtime 4/6] WORKDIR /app
#20 CACHED

#21 [backend runtime 5/6] RUN mkdir /certs && chown app:app /certs
#21 CACHED

#22 [frontend build 2/7] RUN corepack enable
#22 CACHED

#23 [frontend build 3/7] WORKDIR /app
#23 CACHED

#24 [frontend build 4/7] COPY package.json pnpm-lock.yaml ./
#24 CACHED

#25 [frontend build 5/7] RUN pnpm install --frozen-lockfile
#25 CACHED

#26 [backend runtime 6/6] COPY --chown=app:app app/ /app/app/
#26 DONE 0.1s

#27 [frontend build 6/7] COPY . .
#27 DONE 0.1s

#28 [backend] exporting to image
#28 exporting layers
#28 exporting layers 0.1s done
#28 exporting manifest sha256:[REDACTED-OPAQUE] done
#28 exporting config sha256:[REDACTED-OPAQUE] done
#28 exporting attestation manifest sha256:[REDACTED-OPAQUE]
#28 exporting attestation manifest sha256:[REDACTED-OPAQUE] done
#28 exporting manifest list sha256:[REDACTED-OPAQUE] done
#28 naming to docker.io/library/fim-acceptance-backend:local done
#28 unpacking to docker.io/library/fim-acceptance-backend:local 0.0s done
#28 DONE 0.2s

#29 [frontend build 7/7] RUN pnpm build
#29 ...

#30 [backend] resolving provenance for metadata file
#30 DONE 0.0s

#29 [frontend build 7/7] RUN pnpm build
#29 0.869 
#29 0.869 > fim-frontend@0.0.1 build /app
#29 0.869 > tsc -b && vite build
#29 0.869 
#29 4.941 vite v6.4.3 building for production...
#29 5.026 transforming...
#29 6.972 ✓ 205 modules transformed.
#29 7.310 rendering chunks...
#29 7.323 computing gzip size...
#29 7.363 dist/index.html                   0.46 kB │ gzip:   0.29 kB
#29 7.363 dist/assets/index-XvTQjFnu.css   26.80 kB │ gzip:   5.98 kB
#29 7.363 dist/assets/index-Bi2wU2eU.js   437.57 kB │ gzip: 133.09 kB
#29 7.363 ✓ built in 2.39s
#29 DONE 7.5s

#31 [frontend serve 2/3] COPY --from=build /app/dist /usr/share/nginx/html
#31 CACHED

#32 [frontend serve 3/3] COPY nginx.conf /etc/nginx/conf.d/default.conf
#32 CACHED

#33 [frontend] exporting to image
#33 exporting layers done
#33 exporting manifest sha256:[REDACTED-OPAQUE] done
#33 exporting config sha256:[REDACTED-OPAQUE] done
#33 exporting attestation manifest sha256:[REDACTED-OPAQUE] done
#33 exporting manifest list sha256:[REDACTED-OPAQUE] done
#33 naming to docker.io/library/fim-acceptance-frontend:local done
#33 unpacking to docker.io/library/fim-acceptance-frontend:local done
#33 DONE 0.1s

#34 [frontend] resolving provenance for metadata file
#34 DONE 0.0s
 Image fim-acceptance-backend:local Built 
 Image fim-acceptance-frontend:local Built 
