 Container fimlatexperimentsclosure20260912t004612z-agent-1 Stopping 
 Container fimlatexperimentsclosure20260912t004612z-agent-1 Stopped 
 Container fimlatexperimentsclosure20260912t004612z-agent-1 Removing 
 Container fimlatexperimentsclosure20260912t004612z-agent-1 Removed 
 Container fimlatexperimentsclosure20260912t004612z-backend-1 Stopping 
 Container fimlatexperimentsclosure20260912t004612z-backend-1 Stopped 
 Container fimlatexperimentsclosure20260912t004612z-backend-1 Removing 
 Container fimlatexperimentsclosure20260912t004612z-backend-1 Removed 
 Container fimlatexperimentsclosure20260912t004612z-valkey-1 Stopping 
 Container fimlatexperimentsclosure20260912t004612z-db-1 Stopping 
 Container fimlatexperimentsclosure20260912t004612z-db-1 Stopped 
 Container fimlatexperimentsclosure20260912t004612z-db-1 Removing 
 Container fimlatexperimentsclosure20260912t004612z-valkey-1 Stopped 
 Container fimlatexperimentsclosure20260912t004612z-valkey-1 Removing 
 Container fimlatexperimentsclosure20260912t004612z-db-1 Removed 
 Container fimlatexperimentsclosure20260912t004612z-valkey-1 Removed 
 Volume fimlatexperimentsclosure20260912t004612z_valkey_data Removing 
 Volume fimlatexperimentsclosure20260912t004612z_backend_certs Removing 
 Volume fimlatexperimentsclosure20260912t004612z_agent_state Removing 
 Volume fimlatexperimentsclosure20260912t004612z_pg_data Removing 
 Volume fimlatexperimentsclosure20260912t004612z_backend_certs Removed 
 Network fimlatexperimentsclosure20260912t004612z_lab_internal Removing 
 Volume fimlatexperimentsclosure20260912t004612z_valkey_data Removed 
 Volume fimlatexperimentsclosure20260912t004612z_agent_state Removed 
 Volume fimlatexperimentsclosure20260912t004612z_pg_data Removed 
 Network fimlatexperimentsclosure20260912t004612z_lab_internal Removed 
