 Image fim-experiments-agent:local Building 
 Image fim-experiments-backend:local Building 
#1 [internal] load local bake definitions
#1 reading from stdin 1.09kB done
#1 DONE 0.0s

#2 [backend internal] load build definition from Dockerfile
#2 transferring dockerfile: 3.49kB done
#2 DONE 0.0s

#3 [agent internal] load build definition from Dockerfile
#3 transferring dockerfile: 2.86kB done
#3 DONE 0.0s

#4 [backend internal] load metadata for docker.io/library/python:3.13-slim
#4 DONE 1.1s

#5 [backend internal] load .dockerignore
#5 transferring context: 162B done
#5 DONE 0.0s

#6 [agent internal] load .dockerignore
#6 transferring context: 228B done
#6 DONE 0.0s

#7 [backend internal] load build context
#7 transferring context: 423.44kB 0.0s done
#7 DONE 0.0s

#8 [agent builder 1/5] FROM docker.io/library/python:3.13-slim@sha256:9d2e5553305c7c7b0097999bb17187c69b921ccd6bc9d40e4bb5ebe652c00285
#8 resolve docker.io/library/python:3.13-slim@sha256:9d2e5553305c7c7b0097999bb17187c69b921ccd6bc9d40e4bb5ebe652c00285 0.0s done
#8 DONE 0.0s

#9 [agent internal] load build context
#9 transferring context: 267.65kB done
#9 DONE 0.0s

#10 [backend builder 2/5] RUN python -m venv /opt/venv
#10 CACHED

#11 [backend runtime 2/6] RUN useradd --create-home --uid 10001 app
#11 CACHED

#12 [backend runtime 3/6] COPY --from=builder /opt/venv /opt/venv
#12 CACHED

#13 [backend runtime 4/6] WORKDIR /app
#13 CACHED

#14 [backend builder 3/5] WORKDIR /build
#14 CACHED

#15 [backend builder 4/5] COPY requirements.txt .
#15 CACHED

#16 [backend builder 5/5] RUN pip install --no-cache-dir --upgrade pip  && pip install --no-cache-dir -r requirements.txt
#16 CACHED

#17 [backend runtime 5/6] RUN mkdir /certs && chown app:app /certs
#17 CACHED

#18 [agent builder 4/5] COPY requirements.txt .
#18 CACHED

#10 [agent builder 2/5] RUN python -m venv /opt/venv
#10 CACHED

#14 [agent builder 3/5] WORKDIR /build
#14 CACHED

#19 [agent runtime 2/5] COPY --from=builder /opt/venv /opt/venv
#19 CACHED

#20 [agent builder 5/5] RUN pip install --no-cache-dir --upgrade pip  && pip install --no-cache-dir -r requirements.txt
#20 CACHED

#21 [agent runtime 3/5] WORKDIR /app
#21 CACHED

#22 [agent runtime 4/5] COPY . /app/agent/
#22 DONE 0.0s

#23 [backend runtime 6/6] COPY --chown=app:app app/ /app/app/
#23 DONE 0.0s

#24 [backend] exporting to image
#24 exporting layers 0.1s done
#24 exporting manifest sha256:bd6b95b05a3babeb73549dc17bf252cc70d8bdc1d2641ab7b5659976ff85e49d 0.0s done
#24 exporting config sha256:e3b8efa331f264cc33c1820c76e85e1f3b79c3af56ec9dd20bf8fbab0a363966 done
#24 exporting attestation manifest sha256:0f7d58c6818f6af0314c9f8e0c5061929aa4483d7a834564a4424f7ee88217e6 done
#24 exporting manifest list sha256:0d40f6b602124c73d86812f1a8487a09a1485f7fa8292312fe3660c38bfef385 done
#24 naming to docker.io/library/fim-experiments-backend:local done
#24 unpacking to docker.io/library/fim-experiments-backend:local 0.0s done
#24 DONE 0.2s

#25 [agent runtime 5/5] RUN mkdir -p /var/lib/fim-agent /watch
#25 DONE 0.3s

#26 [agent] exporting to image
#26 ...

#27 [backend] resolving provenance for metadata file
#27 DONE 0.0s

#26 [agent] exporting to image
#26 exporting layers 0.1s done
#26 exporting manifest sha256:28093bbb2a4a3a0ab8c86146df16888803bbf09ec51f91136747f9776e2ad14b done
#26 exporting config sha256:9318ba00cd13e4247845b863f5cc4af351e4cfe9a178c0a6d56523d28651c0ec done
#26 exporting attestation manifest sha256:2bc6899e5f765720600935f083c792616f011d7194c1324c967c7e5cd98230b9 done
#26 exporting manifest list sha256:513afdbd132cb8502d66ce40d09125dc83bf36d5fb38c7e815a28606f6cff716 done
#26 naming to docker.io/library/fim-experiments-agent:local
#26 naming to docker.io/library/fim-experiments-agent:local done
#26 unpacking to docker.io/library/fim-experiments-agent:local 0.0s done
#26 DONE 0.1s

#28 [agent] resolving provenance for metadata file
#28 DONE 0.0s
 Image fim-experiments-backend:local Built 
 Image fim-experiments-agent:local Built 
