time="2026-09-10T02:11:18-03:00" level=warning msg="The \"N8N_HEALTH_URL\" variable is not set. Defaulting to a blank string."
time="2026-09-10T02:11:18-03:00" level=warning msg="The \"SMTP_HOST\" variable is not set. Defaulting to a blank string."
time="2026-09-10T02:11:18-03:00" level=warning msg="The \"SMTP_PORT\" variable is not set. Defaulting to a blank string."
time="2026-09-10T02:11:18-03:00" level=warning msg="The \"SMTP_USER\" variable is not set. Defaulting to a blank string."
time="2026-09-10T02:11:18-03:00" level=warning msg="The \"SMTP_FROM\" variable is not set. Defaulting to a blank string."
time="2026-09-10T02:11:18-03:00" level=warning msg="The \"N8N_WEBHOOK_URL\" variable is not set. Defaulting to a blank string."
time="2026-09-10T02:11:18-03:00" level=warning msg="The \"SMTP_PASSWORD\" variable is not set. Defaulting to a blank string."
time="2026-09-10T02:11:18-03:00" level=warning msg="The \"SMTP_TO\" variable is not set. Defaulting to a blank string."
time="2026-09-10T02:11:18-03:00" level=warning msg="The \"SMTP_SSL\" variable is not set. Defaulting to a blank string."
time="2026-09-10T02:11:18-03:00" level=warning msg="The \"SMTP_STARTTLS\" variable is not set. Defaulting to a blank string."
time="2026-09-10T02:11:18-03:00" level=warning msg="The \"WEBHOOK_FALLBACK_URL\" variable is not set. Defaulting to a blank string."
 Image fim-agent:dev Building 
 Image fim-backend:dev Building 
#1 [internal] load local bake definitions
#1 reading from stdin 1.04kB done
#1 DONE 0.0s

#2 [backend internal] load build definition from Dockerfile
#2 transferring dockerfile: 3.49kB done
#2 DONE 0.0s

#3 [agent internal] load build definition from Dockerfile
#3 transferring dockerfile: 2.86kB done
#3 DONE 0.0s

#4 [agent internal] load metadata for docker.io/library/python:3.13-slim
#4 DONE 1.9s

#5 [agent internal] load .dockerignore
#5 transferring context: 228B done
#5 DONE 0.0s

#6 [backend internal] load .dockerignore
#6 transferring context: 162B done
#6 DONE 0.0s

#7 [backend internal] load build context
#7 transferring context: 823.02kB 0.0s done
#7 DONE 0.0s

#8 [agent internal] load build context
#8 transferring context: 276.23kB done
#8 DONE 0.0s

#9 [agent builder 1/5] FROM docker.io/library/python:3.13-slim@sha256:9d2e5553305c7c7b0097999bb17187c69b921ccd6bc9d40e4bb5ebe652c00285
#9 resolve docker.io/library/python:3.13-slim@sha256:9d2e5553305c7c7b0097999bb17187c69b921ccd6bc9d40e4bb5ebe652c00285 0.0s done
#9 sha256:5bbcb35ea63ee8dd9b96c06b0f78b33c9a32e06e5b14e1bfeb46b498a93edb5d 0B / 4.27MB 0.2s
#9 sha256:9b83eae799b831086df12d4da65c2edb0e6c713caa4312455bc8ee4b1a256c39 0B / 249B 0.2s
#9 sha256:237e12970bdcabcdd95dab0f8dc59cda22b450156ee0bd01c58e0cf3b9c43885 0B / 11.91MB 0.2s
#9 sha256:9b83eae799b831086df12d4da65c2edb0e6c713caa4312455bc8ee4b1a256c39 249B / 249B 0.4s done
#9 sha256:9b83eae799b831086df12d4da65c2edb0e6c713caa4312455bc8ee4b1a256c39 249B / 249B 0.4s done
#9 sha256:237e12970bdcabcdd95dab0f8dc59cda22b450156ee0bd01c58e0cf3b9c43885 8.39MB / 11.91MB 0.6s
#9 sha256:237e12970bdcabcdd95dab0f8dc59cda22b450156ee0bd01c58e0cf3b9c43885 11.91MB / 11.91MB 0.7s done
#9 sha256:5bbcb35ea63ee8dd9b96c06b0f78b33c9a32e06e5b14e1bfeb46b498a93edb5d 3.15MB / 4.27MB 0.9s
#9 sha256:5bbcb35ea63ee8dd9b96c06b0f78b33c9a32e06e5b14e1bfeb46b498a93edb5d 4.27MB / 4.27MB 0.9s done
#9 extracting sha256:5bbcb35ea63ee8dd9b96c06b0f78b33c9a32e06e5b14e1bfeb46b498a93edb5d 0.1s done
#9 extracting sha256:5bbcb35ea63ee8dd9b96c06b0f78b33c9a32e06e5b14e1bfeb46b498a93edb5d 0.1s done
#9 extracting sha256:237e12970bdcabcdd95dab0f8dc59cda22b450156ee0bd01c58e0cf3b9c43885
#9 extracting sha256:237e12970bdcabcdd95dab0f8dc59cda22b450156ee0bd01c58e0cf3b9c43885 0.4s done
#9 extracting sha256:237e12970bdcabcdd95dab0f8dc59cda22b450156ee0bd01c58e0cf3b9c43885 0.4s done
#9 extracting sha256:9b83eae799b831086df12d4da65c2edb0e6c713caa4312455bc8ee4b1a256c39 done
#9 DONE 1.6s

#10 [backend builder 2/5] RUN python -m venv /opt/venv
#10 ...

#11 [backend runtime 2/6] RUN useradd --create-home --uid 10001 app
#11 DONE 0.3s

#10 [backend builder 2/5] RUN python -m venv /opt/venv
#10 DONE 3.1s

#12 [backend builder 3/5] WORKDIR /build
#12 DONE 0.0s

#13 [backend builder 4/5] COPY requirements.txt .
#13 DONE 0.0s

#14 [agent builder 4/5] COPY requirements.txt .
#14 DONE 0.0s

#15 [agent builder 5/5] RUN pip install --no-cache-dir --upgrade pip  && pip install --no-cache-dir -r requirements.txt
#15 0.525 Requirement already satisfied: pip in /opt/venv/lib/python3.13/site-packages (26.2.1)
#15 1.754 Collecting structlog==25.1.0 (from -r requirements.txt (line 11))
#15 1.904   Downloading structlog-25.1.0-py3-none-any.whl.metadata (10 kB)
#15 2.085 Collecting valkey==6.1.0 (from -r requirements.txt (line 12))
#15 2.246   Downloading valkey-6.1.0-py3-none-any.whl.metadata (8.3 kB)
#15 2.534 Collecting cryptography==44.0.2 (from -r requirements.txt (line 13))
#15 2.554   Downloading cryptography-44.0.2-cp39-abi3-manylinux_2_34_x86_64.whl.metadata (5.7 kB)
#15 2.590 Collecting pydantic-settings==2.7.1 (from -r requirements.txt (line 14))
#15 2.611   Downloading pydantic_settings-2.7.1-py3-none-any.whl.metadata (3.5 kB)
#15 2.726 Collecting pydantic==2.10.6 (from -r requirements.txt (line 15))
#15 2.747   Downloading pydantic-2.10.6-py3-none-any.whl.metadata (30 kB)
#15 2.810 Collecting PyYAML==6.0.2 (from -r requirements.txt (line 16))
#15 2.830   Downloading PyYAML-6.0.2-cp313-cp313-manylinux_2_17_x86_64.manylinux2014_x86_64.whl.metadata (2.1 kB)
#15 2.865 Collecting httpx==0.28.1 (from -r requirements.txt (line 17))
#15 2.885   Downloading httpx-0.28.1-py3-none-any.whl.metadata (7.1 kB)
#15 3.012 Collecting cffi>=1.12 (from cryptography==44.0.2->-r requirements.txt (line 13))
#15 3.032   Downloading cffi-2.1.1-cp313-cp313-manylinux2014_x86_64.manylinux_2_17_x86_64.whl.metadata (2.5 kB)
#15 3.068 Collecting python-dotenv>=0.21.0 (from pydantic-settings==2.7.1->-r requirements.txt (line 14))
#15 3.088   Downloading python_dotenv-1.2.3-py3-none-any.whl.metadata (29 kB)
#15 3.123 Collecting annotated-types>=0.6.0 (from pydantic==2.10.6->-r requirements.txt (line 15))
#15 3.143   Downloading annotated_types-0.8.0-py3-none-any.whl.metadata (15 kB)
#15 3.807 Collecting pydantic-core==2.27.2 (from pydantic==2.10.6->-r requirements.txt (line 15))
#15 3.828   Downloading pydantic_core-2.27.2-cp313-cp313-manylinux_2_17_x86_64.manylinux2014_x86_64.whl.metadata (6.6 kB)
#15 3.863 Collecting typing-extensions>=4.12.2 (from pydantic==2.10.6->-r requirements.txt (line 15))
#15 3.882   Downloading typing_extensions-4.16.0-py3-none-any.whl.metadata (3.3 kB)
#15 3.920 Collecting anyio (from httpx==0.28.1->-r requirements.txt (line 17))
#15 3.939   Downloading anyio-4.15.1-py3-none-any.whl.metadata (4.7 kB)
#15 3.976 Collecting certifi (from httpx==0.28.1->-r requirements.txt (line 17))
#15 3.996   Downloading certifi-2026.7.22-py3-none-any.whl.metadata (2.5 kB)
#15 4.031 Collecting httpcore==1.* (from httpx==0.28.1->-r requirements.txt (line 17))
#15 4.052   Downloading httpcore-1.0.9-py3-none-any.whl.metadata (21 kB)
#15 4.095 Collecting idna (from httpx==0.28.1->-r requirements.txt (line 17))
#15 4.115   Downloading idna-3.19-py3-none-any.whl.metadata (9.2 kB)
#15 4.156 Collecting h11>=0.16 (from httpcore==1.*->httpx==0.28.1->-r requirements.txt (line 17))
#15 4.184   Downloading h11-0.16.0-py3-none-any.whl.metadata (8.3 kB)
#15 4.222 Collecting pycparser (from cffi>=1.12->cryptography==44.0.2->-r requirements.txt (line 13))
#15 4.244   Downloading pycparser-3.0-py3-none-any.whl.metadata (8.2 kB)
#15 4.277 Downloading structlog-25.1.0-py3-none-any.whl (68 kB)
#15 4.314 Downloading valkey-6.1.0-py3-none-any.whl (259 kB)
#15 4.505 Downloading cryptography-44.0.2-cp39-abi3-manylinux_2_34_x86_64.whl (4.2 MB)
#15 4.821    ━━━━━━━━━━━━━━━━━━━━━━━━━━━━━━━━━━━━━━━━ 4.2/4.2 MB 12.8 MB/s  0:00:00
#15 4.843 Downloading pydantic_settings-2.7.1-py3-none-any.whl (29 kB)
#15 4.865 Downloading pydantic-2.10.6-py3-none-any.whl (431 kB)
#15 4.902 Downloading PyYAML-6.0.2-cp313-cp313-manylinux_2_17_x86_64.manylinux2014_x86_64.whl (759 kB)
#15 4.926    ━━━━━━━━━━━━━━━━━━━━━━━━━━━━━━━━━━━━━━━━ 759.5/759.5 kB 33.4 MB/s  0:00:00
#15 4.946 Downloading httpx-0.28.1-py3-none-any.whl (73 kB)
#15 4.971 Downloading pydantic_core-2.27.2-cp313-cp313-manylinux_2_17_x86_64.manylinux2014_x86_64.whl (2.0 MB)
#15 5.066    ━━━━━━━━━━━━━━━━━━━━━━━━━━━━━━━━━━━━━━━━ 2.0/2.0 MB 20.9 MB/s  0:00:00
#15 5.085 Downloading httpcore-1.0.9-py3-none-any.whl (78 kB)
#15 5.106 Downloading annotated_types-0.8.0-py3-none-any.whl (13 kB)
#15 5.126 Downloading cffi-2.1.1-cp313-cp313-manylinux2014_x86_64.manylinux_2_17_x86_64.whl (221 kB)
#15 5.151 Downloading h11-0.16.0-py3-none-any.whl (37 kB)
#15 5.172 Downloading python_dotenv-1.2.3-py3-none-any.whl (22 kB)
#15 5.192 Downloading typing_extensions-4.16.0-py3-none-any.whl (45 kB)
#15 5.213 Downloading anyio-4.15.1-py3-none-any.whl (132 kB)
#15 5.235 Downloading idna-3.19-py3-none-any.whl (68 kB)
#15 5.258 Downloading certifi-2026.7.22-py3-none-any.whl (136 kB)
#15 5.280 Downloading pycparser-3.0-py3-none-any.whl (48 kB)
#15 5.377 Installing collected packages: valkey, typing-extensions, structlog, PyYAML, python-dotenv, pycparser, idna, h11, certifi, annotated-types, pydantic-core, httpcore, cffi, anyio, pydantic, httpx, cryptography, pydantic-settings
#15 6.590 
#15 6.593 Successfully installed PyYAML-6.0.2 annotated-types-0.8.0 anyio-4.15.1 certifi-2026.7.22 cffi-2.1.1 cryptography-44.0.2 h11-0.16.0 httpcore-1.0.9 httpx-0.28.1 idna-3.19 pycparser-3.0 pydantic-2.10.6 pydantic-core-2.27.2 pydantic-settings-2.7.1 python-dotenv-1.2.3 structlog-25.1.0 typing-extensions-4.16.0 valkey-6.1.0
#15 DONE 6.8s

#16 [backend builder 5/5] RUN pip install --no-cache-dir --upgrade pip  && pip install --no-cache-dir -r requirements.txt
#16 0.511 Requirement already satisfied: pip in /opt/venv/lib/python3.13/site-packages (26.2.1)
#16 1.700 Collecting fastapi==0.136.0 (from -r requirements.txt (line 5))
#16 1.880   Downloading fastapi-0.136.0-py3-none-any.whl.metadata (28 kB)
#16 1.927 Collecting sqlmodel==0.0.22 (from -r requirements.txt (line 6))
#16 1.957   Downloading sqlmodel-0.0.22-py3-none-any.whl.metadata (10 kB)
#16 1.999 Collecting psycopg==3.2.4 (from psycopg[binary]==3.2.4->-r requirements.txt (line 7))
#16 2.028   Downloading psycopg-3.2.4-py3-none-any.whl.metadata (4.3 kB)
#16 2.204 Collecting python-jose==3.3.0 (from python-jose[cryptography]==3.3.0->-r requirements.txt (line 8))
#16 2.234   Downloading python_jose-3.3.0-py2.py3-none-any.whl.metadata (5.4 kB)
#16 2.278 Collecting argon2-cffi==23.1.0 (from -r requirements.txt (line 9))
#16 2.308   Downloading argon2_cffi-23.1.0-py3-none-any.whl.metadata (5.2 kB)
#16 2.345 Collecting structlog==25.1.0 (from -r requirements.txt (line 10))
#16 2.374   Downloading structlog-25.1.0-py3-none-any.whl.metadata (10 kB)
#16 2.411 Collecting valkey==6.1.0 (from -r requirements.txt (line 11))
#16 2.440   Downloading valkey-6.1.0-py3-none-any.whl.metadata (8.3 kB)
#16 2.647 Collecting cryptography==44.0.2 (from -r requirements.txt (line 12))
#16 2.676   Downloading cryptography-44.0.2-cp39-abi3-manylinux_2_34_x86_64.whl.metadata (5.7 kB)
#16 2.703 Collecting pydantic-settings==2.7.1 (from -r requirements.txt (line 13))
#16 2.732   Downloading pydantic_settings-2.7.1-py3-none-any.whl.metadata (3.5 kB)
#16 2.756 Collecting email-validator==2.2.0 (from -r requirements.txt (line 14))
#16 2.784   Downloading email_validator-2.2.0-py3-none-any.whl.metadata (25 kB)
#16 2.824 Collecting uvicorn==0.34.0 (from uvicorn[standard]==0.34.0->-r requirements.txt (line 15))
#16 2.853   Downloading uvicorn-0.34.0-py3-none-any.whl.metadata (6.5 kB)
#16 2.882 Collecting httpx==0.28.1 (from httpx[asyncio]==0.28.1->-r requirements.txt (line 16))
#16 2.909   Downloading httpx-0.28.1-py3-none-any.whl.metadata (7.1 kB)
#16 2.941 Collecting aiosmtplib==3.0.2 (from -r requirements.txt (line 17))
#16 2.969   Downloading aiosmtplib-3.0.2-py3-none-any.whl.metadata (3.6 kB)
#16 3.001 Collecting sse-starlette==2.1.3 (from -r requirements.txt (line 18))
#16 3.029   Downloading sse_starlette-2.1.3-py3-none-any.whl.metadata (5.8 kB)
#16 3.065 Collecting starlette>=0.46.0 (from fastapi==0.136.0->-r requirements.txt (line 5))
#16 3.092   Downloading starlette-1.6.0-py3-none-any.whl.metadata (6.4 kB)
#16 3.207 Collecting pydantic>=2.9.0 (from fastapi==0.136.0->-r requirements.txt (line 5))
#16 3.235   Downloading pydantic-2.13.5-py3-none-any.whl.metadata (110 kB)
#16 3.306 Collecting typing-extensions>=4.8.0 (from fastapi==0.136.0->-r requirements.txt (line 5))
#16 3.334   Downloading typing_extensions-4.16.0-py3-none-any.whl.metadata (3.3 kB)
#16 3.361 Collecting typing-inspection>=0.4.2 (from fastapi==0.136.0->-r requirements.txt (line 5))
#16 3.389   Downloading typing_inspection-0.4.4-py3-none-any.whl.metadata (2.6 kB)
#16 3.423 Collecting annotated-doc>=0.0.2 (from fastapi==0.136.0->-r requirements.txt (line 5))
#16 3.451   Downloading annotated_doc-0.0.5-py3-none-any.whl.metadata (6.5 kB)
#16 3.732 Collecting SQLAlchemy<2.1.0,>=2.0.14 (from sqlmodel==0.0.22->-r requirements.txt (line 6))
#16 3.760   Downloading sqlalchemy-2.0.52-cp313-cp313-manylinux2014_x86_64.manylinux_2_17_x86_64.manylinux_2_28_x86_64.whl.metadata (9.6 kB)
#16 3.792 Collecting ecdsa!=0.15 (from python-jose==3.3.0->python-jose[cryptography]==3.3.0->-r requirements.txt (line 8))
#16 3.821   Downloading ecdsa-0.19.2-py2.py3-none-any.whl.metadata (29 kB)
#16 3.849 Collecting rsa (from python-jose==3.3.0->python-jose[cryptography]==3.3.0->-r requirements.txt (line 8))
#16 3.877   Downloading rsa-4.9.1-py3-none-any.whl.metadata (5.6 kB)
#16 3.910 Collecting pyasn1 (from python-jose==3.3.0->python-jose[cryptography]==3.3.0->-r requirements.txt (line 8))
#16 3.938   Downloading pyasn1-0.6.4-py3-none-any.whl.metadata (8.4 kB)
#16 3.965 Collecting argon2-cffi-bindings (from argon2-cffi==23.1.0->-r requirements.txt (line 9))
#16 3.993   Downloading argon2_cffi_bindings-26.1.0-cp310-abi3-manylinux_2_26_x86_64.manylinux_2_28_x86_64.whl.metadata (7.5 kB)
#16 4.106 Collecting cffi>=1.12 (from cryptography==44.0.2->-r requirements.txt (line 12))
#16 4.135   Downloading cffi-2.1.1-cp313-cp313-manylinux2014_x86_64.manylinux_2_17_x86_64.whl.metadata (2.5 kB)
#16 4.164 Collecting python-dotenv>=0.21.0 (from pydantic-settings==2.7.1->-r requirements.txt (line 13))
#16 4.193   Downloading python_dotenv-1.2.3-py3-none-any.whl.metadata (29 kB)
#16 4.221 Collecting dnspython>=2.0.0 (from email-validator==2.2.0->-r requirements.txt (line 14))
#16 4.249   Downloading dnspython-2.8.0-py3-none-any.whl.metadata (5.7 kB)
#16 4.276 Collecting idna>=2.0.0 (from email-validator==2.2.0->-r requirements.txt (line 14))
#16 4.304   Downloading idna-3.19-py3-none-any.whl.metadata (9.2 kB)
#16 4.333 Collecting click>=7.0 (from uvicorn==0.34.0->uvicorn[standard]==0.34.0->-r requirements.txt (line 15))
#16 4.362   Downloading click-8.5.0-py3-none-any.whl.metadata (2.6 kB)
#16 4.390 Collecting h11>=0.8 (from uvicorn==0.34.0->uvicorn[standard]==0.34.0->-r requirements.txt (line 15))
#16 4.418   Downloading h11-0.16.0-py3-none-any.whl.metadata (8.3 kB)
#16 4.465 Collecting anyio (from httpx==0.28.1->httpx[asyncio]==0.28.1->-r requirements.txt (line 16))
#16 4.494   Downloading anyio-4.15.1-py3-none-any.whl.metadata (4.7 kB)
#16 4.537 Collecting certifi (from httpx==0.28.1->httpx[asyncio]==0.28.1->-r requirements.txt (line 16))
#16 4.571   Downloading certifi-2026.7.22-py3-none-any.whl.metadata (2.5 kB)
#16 4.607 Collecting httpcore==1.* (from httpx==0.28.1->httpx[asyncio]==0.28.1->-r requirements.txt (line 16))
#16 4.635   Downloading httpcore-1.0.9-py3-none-any.whl.metadata (21 kB)
#16 4.647 WARNING: httpx 0.28.1 does not provide the extra 'asyncio'
#16 4.836 Collecting psycopg-binary==3.2.4 (from psycopg[binary]==3.2.4->-r requirements.txt (line 7))
#16 4.864   Downloading psycopg_binary-3.2.4-cp313-cp313-manylinux_2_17_x86_64.manylinux2014_x86_64.whl.metadata (2.8 kB)
#16 4.924 Collecting httptools>=0.6.3 (from uvicorn[standard]==0.34.0->-r requirements.txt (line 15))
#16 4.952   Downloading httptools-0.8.0-cp313-cp313-manylinux1_x86_64.manylinux_2_28_x86_64.manylinux_2_5_x86_64.whl.metadata (3.5 kB)
#16 5.009 Collecting pyyaml>=5.1 (from uvicorn[standard]==0.34.0->-r requirements.txt (line 15))
#16 5.044   Downloading pyyaml-6.0.3-cp313-cp313-manylinux2014_x86_64.manylinux_2_17_x86_64.manylinux_2_28_x86_64.whl.metadata (2.4 kB)
#16 5.100 Collecting uvloop!=0.15.0,!=0.15.1,>=0.14.0 (from uvicorn[standard]==0.34.0->-r requirements.txt (line 15))
#16 5.128   Downloading uvloop-0.22.1-cp313-cp313-manylinux2014_x86_64.manylinux_2_17_x86_64.manylinux_2_28_x86_64.whl.metadata (4.9 kB)
#16 5.214 Collecting watchfiles>=0.13 (from uvicorn[standard]==0.34.0->-r requirements.txt (line 15))
#16 5.245   Downloading watchfiles-1.2.0-cp313-cp313-manylinux_2_17_x86_64.manylinux2014_x86_64.whl.metadata (4.9 kB)
#16 5.396 Collecting websockets>=10.4 (from uvicorn[standard]==0.34.0->-r requirements.txt (line 15))
#16 5.424   Downloading websockets-17.1-cp313-cp313-manylinux1_x86_64.manylinux_2_28_x86_64.manylinux_2_5_x86_64.whl.metadata (6.3 kB)
#16 5.450 Collecting annotated-types>=0.6.0 (from pydantic>=2.9.0->fastapi==0.136.0->-r requirements.txt (line 5))
#16 5.477   Downloading annotated_types-0.8.0-py3-none-any.whl.metadata (15 kB)
#16 6.138 Collecting pydantic-core==2.46.5 (from pydantic>=2.9.0->fastapi==0.136.0->-r requirements.txt (line 5))
#16 6.166   Downloading pydantic_core-2.46.5-cp313-cp313-manylinux_2_17_x86_64.manylinux2014_x86_64.whl.metadata (6.6 kB)
#16 6.319 Collecting greenlet>=1 (from SQLAlchemy<2.1.0,>=2.0.14->sqlmodel==0.0.22->-r requirements.txt (line 6))
#16 6.346   Downloading greenlet-3.5.5-cp313-cp313-manylinux_2_24_x86_64.manylinux_2_28_x86_64.whl.metadata (3.8 kB)
#16 6.373 Collecting pycparser (from cffi>=1.12->cryptography==44.0.2->-r requirements.txt (line 12))
#16 6.401   Downloading pycparser-3.0-py3-none-any.whl.metadata (8.2 kB)
#16 6.429 Collecting six>=1.9.0 (from ecdsa!=0.15->python-jose==3.3.0->python-jose[cryptography]==3.3.0->-r requirements.txt (line 8))
#16 6.457   Downloading six-1.17.0-py2.py3-none-any.whl.metadata (1.7 kB)
#16 6.505 Downloading fastapi-0.136.0-py3-none-any.whl (117 kB)
#16 6.541 Downloading sqlmodel-0.0.22-py3-none-any.whl (28 kB)
#16 6.570 Downloading psycopg-3.2.4-py3-none-any.whl (198 kB)
#16 6.609 Downloading python_jose-3.3.0-py2.py3-none-any.whl (33 kB)
#16 6.638 Downloading argon2_cffi-23.1.0-py3-none-any.whl (15 kB)
#16 6.665 Downloading structlog-25.1.0-py3-none-any.whl (68 kB)
#16 6.696 Downloading valkey-6.1.0-py3-none-any.whl (259 kB)
#16 6.733 Downloading cryptography-44.0.2-cp39-abi3-manylinux_2_34_x86_64.whl (4.2 MB)
#16 6.962    ━━━━━━━━━━━━━━━━━━━━━━━━━━━━━━━━━━━━━━━━ 4.2/4.2 MB 18.3 MB/s  0:00:00
#16 6.991 Downloading pydantic_settings-2.7.1-py3-none-any.whl (29 kB)
#16 7.021 Downloading email_validator-2.2.0-py3-none-any.whl (33 kB)
#16 7.049 Downloading uvicorn-0.34.0-py3-none-any.whl (62 kB)
#16 7.080 Downloading httpx-0.28.1-py3-none-any.whl (73 kB)
#16 7.109 Downloading aiosmtplib-3.0.2-py3-none-any.whl (27 kB)
#16 7.137 Downloading sse_starlette-2.1.3-py3-none-any.whl (9.4 kB)
#16 7.165 Downloading psycopg_binary-3.2.4-cp313-cp313-manylinux_2_17_x86_64.manylinux2014_x86_64.whl (4.3 MB)
#16 ...

#17 [agent runtime 2/5] COPY --from=builder /opt/venv /opt/venv
#17 DONE 0.3s

#18 [agent runtime 3/5] WORKDIR /app
#18 DONE 0.0s

#19 [agent runtime 4/5] COPY . /app/agent/
#19 DONE 0.0s

#20 [agent runtime 5/5] RUN mkdir -p /var/lib/fim-agent /watch
#20 DONE 0.2s

#16 [backend builder 5/5] RUN pip install --no-cache-dir --upgrade pip  && pip install --no-cache-dir -r requirements.txt
#16 7.404    ━━━━━━━━━━━━━━━━━━━━━━━━━━━━━━━━━━━━━━━━ 4.3/4.3 MB 17.9 MB/s  0:00:00
#16 7.432 Downloading httpcore-1.0.9-py3-none-any.whl (78 kB)
#16 7.464 Downloading pydantic-2.13.5-py3-none-any.whl (472 kB)
#16 7.508 Downloading pydantic_core-2.46.5-cp313-cp313-manylinux_2_17_x86_64.manylinux2014_x86_64.whl (2.1 MB)
#16 7.584    ━━━━━━━━━━━━━━━━━━━━━━━━━━━━━━━━━━━━━━━━ 2.1/2.1 MB 26.8 MB/s  0:00:00
#16 7.611 Downloading sqlalchemy-2.0.52-cp313-cp313-manylinux2014_x86_64.manylinux_2_17_x86_64.manylinux_2_28_x86_64.whl (3.3 MB)
#16 7.754    ━━━━━━━━━━━━━━━━━━━━━━━━━━━━━━━━━━━━━━━━ 3.3/3.3 MB 23.5 MB/s  0:00:00
#16 7.780 Downloading annotated_doc-0.0.5-py3-none-any.whl (5.3 kB)
#16 7.812 Downloading annotated_types-0.8.0-py3-none-any.whl (13 kB)
#16 7.841 Downloading cffi-2.1.1-cp313-cp313-manylinux2014_x86_64.manylinux_2_17_x86_64.whl (221 kB)
#16 7.881 Downloading click-8.5.0-py3-none-any.whl (125 kB)
#16 7.911 Downloading dnspython-2.8.0-py3-none-any.whl (331 kB)
#16 7.950 Downloading ecdsa-0.19.2-py2.py3-none-any.whl (150 kB)
#16 7.984 Downloading greenlet-3.5.5-cp313-cp313-manylinux_2_24_x86_64.manylinux_2_28_x86_64.whl (623 kB)
#16 8.005    ━━━━━━━━━━━━━━━━━━━━━━━━━━━━━━━━━━━━━━━━ 623.9/623.9 kB 37.1 MB/s  0:00:00
#16 8.032 Downloading h11-0.16.0-py3-none-any.whl (37 kB)
#16 8.061 Downloading httptools-0.8.0-cp313-cp313-manylinux1_x86_64.manylinux_2_28_x86_64.manylinux_2_5_x86_64.whl (486 kB)
#16 8.103 Downloading idna-3.19-py3-none-any.whl (68 kB)
#16 8.131 Downloading python_dotenv-1.2.3-py3-none-any.whl (22 kB)
#16 8.161 Downloading pyyaml-6.0.3-cp313-cp313-manylinux2014_x86_64.manylinux_2_17_x86_64.manylinux_2_28_x86_64.whl (801 kB)
#16 8.187    ━━━━━━━━━━━━━━━━━━━━━━━━━━━━━━━━━━━━━━━━ 801.6/801.6 kB 43.7 MB/s  0:00:00
#16 8.219 Downloading six-1.17.0-py2.py3-none-any.whl (11 kB)
#16 8.247 Downloading starlette-1.6.0-py3-none-any.whl (75 kB)
#16 8.277 Downloading anyio-4.15.1-py3-none-any.whl (132 kB)
#16 8.307 Downloading typing_extensions-4.16.0-py3-none-any.whl (45 kB)
#16 8.335 Downloading typing_inspection-0.4.4-py3-none-any.whl (14 kB)
#16 8.364 Downloading uvloop-0.22.1-cp313-cp313-manylinux2014_x86_64.manylinux_2_17_x86_64.manylinux_2_28_x86_64.whl (4.4 MB)
#16 8.541    ━━━━━━━━━━━━━━━━━━━━━━━━━━━━━━━━━━━━━━━━ 4.4/4.4 MB 24.7 MB/s  0:00:00
#16 8.571 Downloading watchfiles-1.2.0-cp313-cp313-manylinux_2_17_x86_64.manylinux2014_x86_64.whl (454 kB)
#16 8.610 Downloading websockets-17.1-cp313-cp313-manylinux1_x86_64.manylinux_2_28_x86_64.manylinux_2_5_x86_64.whl (224 kB)
#16 8.645 Downloading argon2_cffi_bindings-26.1.0-cp310-abi3-manylinux_2_26_x86_64.manylinux_2_28_x86_64.whl (26 kB)
#16 8.674 Downloading certifi-2026.7.22-py3-none-any.whl (136 kB)
#16 8.704 Downloading pyasn1-0.6.4-py3-none-any.whl (84 kB)
#16 8.736 Downloading pycparser-3.0-py3-none-any.whl (48 kB)
#16 8.765 Downloading rsa-4.9.1-py3-none-any.whl (34 kB)
#16 8.971 Installing collected packages: websockets, valkey, uvloop, typing-extensions, structlog, six, pyyaml, python-dotenv, pycparser, pyasn1, psycopg-binary, psycopg, idna, httptools, h11, greenlet, dnspython, click, certifi, annotated-types, annotated-doc, aiosmtplib, uvicorn, typing-inspection, SQLAlchemy, rsa, pydantic-core, httpcore, email-validator, ecdsa, cffi, anyio, watchfiles, starlette, python-jose, pydantic, httpx, cryptography, argon2-cffi-bindings, sse-starlette, sqlmodel, pydantic-settings, fastapi, argon2-cffi
#16 ...

#21 [agent] exporting to image
#21 exporting layers 2.2s done
#21 exporting manifest sha256:6f18c53d7ca2bc90b2fd63a841a035eab788d1a7f5c29810f5f58978a826acd1 done
#21 exporting config sha256:ca953bf36117d89ea8e630ad0f206d0ab10ac939dbf248de598672f40dee23c1 done
#21 exporting attestation manifest sha256:6254b6d9362d60079de27958c7ff9a989db34429b0ded59b5c238fc7bcd6e620 done
#21 exporting manifest list sha256:484c82b0e4e78956bcd5a46bca0cea69d88fb68a0c7def65821b15fe79e4d1a7 done
#21 naming to docker.io/library/fim-agent:dev done
#21 unpacking to docker.io/library/fim-agent:dev 0.5s done
#21 DONE 2.8s

#22 [agent] resolving provenance for metadata file
#22 DONE 0.0s

#16 [backend builder 5/5] RUN pip install --no-cache-dir --upgrade pip  && pip install --no-cache-dir -r requirements.txt
#16 13.01 
#16 13.01 Successfully installed SQLAlchemy-2.0.52 aiosmtplib-3.0.2 annotated-doc-0.0.5 annotated-types-0.8.0 anyio-4.15.1 argon2-cffi-23.1.0 argon2-cffi-bindings-26.1.0 certifi-2026.7.22 cffi-2.1.1 click-8.5.0 cryptography-44.0.2 dnspython-2.8.0 ecdsa-0.19.2 email-validator-2.2.0 fastapi-0.136.0 greenlet-3.5.5 h11-0.16.0 httpcore-1.0.9 httptools-0.8.0 httpx-0.28.1 idna-3.19 psycopg-3.2.4 psycopg-binary-3.2.4 pyasn1-0.6.4 pycparser-3.0 pydantic-2.13.5 pydantic-core-2.46.5 pydantic-settings-2.7.1 python-dotenv-1.2.3 python-jose-3.3.0 pyyaml-6.0.3 rsa-4.9.1 six-1.17.0 sqlmodel-0.0.22 sse-starlette-2.1.3 starlette-1.6.0 structlog-25.1.0 typing-extensions-4.16.0 typing-inspection-0.4.4 uvicorn-0.34.0 uvloop-0.22.1 valkey-6.1.0 watchfiles-1.2.0 websockets-17.1
#16 DONE 13.3s

#23 [backend runtime 3/6] COPY --from=builder /opt/venv /opt/venv
#23 DONE 0.7s

#24 [backend runtime 4/6] WORKDIR /app
#24 DONE 0.0s

#25 [backend runtime 5/6] RUN mkdir /certs && chown app:app /certs
#25 DONE 0.2s

#26 [backend runtime 6/6] COPY --chown=app:app app/ /app/app/
#26 DONE 0.1s

#27 [backend] exporting to image
#27 exporting layers 4.7s done
#27 exporting manifest sha256:a78a3e52d6cb0ee6f91611e85529b56a3ac5a8c15af094d098faea89acabe606 done
#27 exporting config sha256:b44ac80c158d59fd076bda8b9e4c1f663c267c7ea37cf68c59d9cc6ba4e8b0ed done
#27 exporting attestation manifest sha256:c456ddec94ef1ede4121ac4e855f2e01773933848c23398ed35c3bdb25215f70 done
#27 exporting manifest list sha256:9228e128c7251d89fb78ce2557a96578dacbec02e84a6a7a83f3fb49672537d8 done
#27 naming to docker.io/library/fim-backend:dev done
#27 unpacking to docker.io/library/fim-backend:dev
#27 unpacking to docker.io/library/fim-backend:dev 1.1s done
#27 DONE 5.8s

#28 [backend] resolving provenance for metadata file
#28 DONE 0.0s
 Image fim-agent:dev Built 
 Image fim-backend:dev Built 
