========================================================================
generador_carga.py — arranque 2026-09-18T20:53:57.965728+00:00
========================================================================
  generador                    = scripts/generador_carga.py
  seed                         = 20260918
  rate_eventos_por_segundo     = 10.0
  count                        = 400
  mix                          = {'creacion': 0.2, 'modificacion': 0.7, 'borrado': 0.1}
  revert_frac                  = 0.2
  burst_frac                   = 0.2
  burst_size                   = 5
  ephemeral_frac               = 0.2
  critical_subdir              = critico
  critical_frac                = 0.2
  file_size_bytes              = 64
  prefix                       = gen
  dir_host                     = /srv/fim-watch
  agent_prefix                 = /srv/fim-watch
  intervalo_s                  = 0.1
  duracion_estimada_s          = 39.900000000000006
  manifiesto                   = /srv/evidencia/item42_manifiesto.json
  log                          = /srv/evidencia/item42_generador.log
  dry_run                      = False
  python                       = 3.13.15
  host                         = fim-host
  plan.creaciones              = 80
  plan.modificaciones          = 280
  plan.borrados                = 40
  plan.grupos_efimeros         = 8
  plan.pares_revertidos        = 28
  plan.rafagas                 = 11
  plan.tamano_rafaga           = 5
  plan.operaciones_planificadas = 400
  plan.archivos_distintos      = 80
========================================================================
inicio_utc = 2026-09-18T20:53:57.966913+00:00
 [00001/400] create simple     /srv/fim-watch/gen_00001.txt ts=2026-09-18T20:53:57.967066+00:00
 [00002/400] modify revertido  /srv/fim-watch/gen_00001.txt ts=2026-09-18T20:53:58.067613+00:00
 [00003/400] modify revertido  /srv/fim-watch/gen_00001.txt ts=2026-09-18T20:53:58.167549+00:00
 [00004/400] modify simple     /srv/fim-watch/gen_00001.txt ts=2026-09-18T20:53:58.267611+00:00
 [00005/400] modify simple     /srv/fim-watch/gen_00001.txt ts=2026-09-18T20:53:58.367603+00:00
 [00006/400] delete simple     /srv/fim-watch/gen_00001.txt ts=2026-09-18T20:53:58.467453+00:00
 [00007/400] create simple     /srv/fim-watch/gen_00002.txt ts=2026-09-18T20:53:58.567379+00:00
 [00008/400] create efimero    /srv/fim-watch/gen_00003.txt ts=2026-09-18T20:53:58.667440+00:00
 [00009/400] delete efimero    /srv/fim-watch/gen_00003.txt ts=2026-09-18T20:53:58.767208+00:00
 [00010/400] modify revertido  /srv/fim-watch/gen_00002.txt ts=2026-09-18T20:53:58.867310+00:00
 [00011/400] modify revertido  /srv/fim-watch/gen_00002.txt ts=2026-09-18T20:53:58.967523+00:00
 [00012/400] create efimero    /srv/fim-watch/gen_00004.txt ts=2026-09-18T20:53:59.067253+00:00
 [00013/400] delete efimero    /srv/fim-watch/gen_00004.txt ts=2026-09-18T20:53:59.167218+00:00
 [00014/400] modify simple     /srv/fim-watch/gen_00002.txt ts=2026-09-18T20:53:59.267294+00:00
 [00015/400] modify simple     /srv/fim-watch/gen_00002.txt ts=2026-09-18T20:53:59.367283+00:00
 [00016/400] modify simple     /srv/fim-watch/gen_00002.txt ts=2026-09-18T20:53:59.467462+00:00
 [00017/400] modify colapsado  /srv/fim-watch/gen_00002.txt ts=2026-09-18T20:53:59.567426+00:00
 [00018/400] modify colapsado  /srv/fim-watch/gen_00002.txt ts=2026-09-18T20:53:59.667693+00:00
 [00019/400] modify colapsado  /srv/fim-watch/gen_00002.txt ts=2026-09-18T20:53:59.767587+00:00
 [00020/400] modify colapsado  /srv/fim-watch/gen_00002.txt ts=2026-09-18T20:53:59.867472+00:00
 [00021/400] modify colapsado  /srv/fim-watch/gen_00002.txt ts=2026-09-18T20:53:59.967326+00:00
 [00022/400] modify simple     /srv/fim-watch/gen_00002.txt ts=2026-09-18T20:54:00.067474+00:00
 [00023/400] modify simple     /srv/fim-watch/gen_00002.txt ts=2026-09-18T20:54:00.167454+00:00
 [00024/400] modify simple     /srv/fim-watch/gen_00002.txt ts=2026-09-18T20:54:00.267433+00:00
 [00025/400] modify simple     /srv/fim-watch/gen_00002.txt ts=2026-09-18T20:54:00.367482+00:00
 [00026/400] modify simple     /srv/fim-watch/gen_00002.txt ts=2026-09-18T20:54:00.467584+00:00
 [00027/400] modify revertido  /srv/fim-watch/gen_00002.txt ts=2026-09-18T20:54:00.567664+00:00
 [00028/400] modify revertido  /srv/fim-watch/gen_00002.txt ts=2026-09-18T20:54:00.667433+00:00
 [00029/400] modify simple     /srv/fim-watch/gen_00002.txt ts=2026-09-18T20:54:00.767662+00:00
 [00030/400] modify simple     /srv/fim-watch/gen_00002.txt ts=2026-09-18T20:54:00.867467+00:00
 [00031/400] delete simple     /srv/fim-watch/gen_00002.txt ts=2026-09-18T20:54:00.967333+00:00
 [00032/400] create simple     /srv/fim-watch/gen_00005.txt ts=2026-09-18T20:54:01.067369+00:00
 [00033/400] modify simple     /srv/fim-watch/gen_00005.txt ts=2026-09-18T20:54:01.167512+00:00
 [00034/400] modify simple     /srv/fim-watch/gen_00005.txt ts=2026-09-18T20:54:01.267484+00:00
 [00035/400] create simple     /srv/fim-watch/gen_00006.txt ts=2026-09-18T20:54:01.367342+00:00
 [00036/400] modify simple     /srv/fim-watch/gen_00006.txt ts=2026-09-18T20:54:01.467409+00:00
 [00037/400] create simple     /srv/fim-watch/gen_00007.txt ts=2026-09-18T20:54:01.567481+00:00
 [00038/400] modify simple     /srv/fim-watch/gen_00005.txt ts=2026-09-18T20:54:01.667591+00:00
 [00039/400] modify simple     /srv/fim-watch/gen_00005.txt ts=2026-09-18T20:54:01.767645+00:00
 [00040/400] modify simple     /srv/fim-watch/gen_00005.txt ts=2026-09-18T20:54:01.867476+00:00
 [00041/400] modify colapsado  /srv/fim-watch/gen_00005.txt ts=2026-09-18T20:54:01.967531+00:00
 [00042/400] modify colapsado  /srv/fim-watch/gen_00005.txt ts=2026-09-18T20:54:02.067579+00:00
 [00043/400] modify colapsado  /srv/fim-watch/gen_00005.txt ts=2026-09-18T20:54:02.167448+00:00
 [00044/400] modify colapsado  /srv/fim-watch/gen_00005.txt ts=2026-09-18T20:54:02.267466+00:00
 [00045/400] modify colapsado  /srv/fim-watch/gen_00005.txt ts=2026-09-18T20:54:02.367479+00:00
 [00046/400] modify simple     /srv/fim-watch/gen_00007.txt ts=2026-09-18T20:54:02.467375+00:00
 [00047/400] delete simple     /srv/fim-watch/gen_00006.txt ts=2026-09-18T20:54:02.567207+00:00
 [00048/400] modify colapsado  /srv/fim-watch/gen_00005.txt ts=2026-09-18T20:54:02.667461+00:00
 [00049/400] modify colapsado  /srv/fim-watch/gen_00005.txt ts=2026-09-18T20:54:02.767488+00:00
 [00050/400] modify colapsado  /srv/fim-watch/gen_00005.txt ts=2026-09-18T20:54:02.867482+00:00
 [00051/400] modify colapsado  /srv/fim-watch/gen_00005.txt ts=2026-09-18T20:54:02.967493+00:00
 [00052/400] modify colapsado  /srv/fim-watch/gen_00005.txt ts=2026-09-18T20:54:03.067497+00:00
 [00053/400] modify simple     /srv/fim-watch/gen_00007.txt ts=2026-09-18T20:54:03.167701+00:00
 [00054/400] modify simple     /srv/fim-watch/gen_00007.txt ts=2026-09-18T20:54:03.267664+00:00
 [00055/400] modify colapsado  /srv/fim-watch/gen_00005.txt ts=2026-09-18T20:54:03.367584+00:00
 [00056/400] modify colapsado  /srv/fim-watch/gen_00005.txt ts=2026-09-18T20:54:03.467664+00:00
 [00057/400] modify colapsado  /srv/fim-watch/gen_00005.txt ts=2026-09-18T20:54:03.567789+00:00
 [00058/400] modify colapsado  /srv/fim-watch/gen_00005.txt ts=2026-09-18T20:54:03.667530+00:00
 [00059/400] modify colapsado  /srv/fim-watch/gen_00005.txt ts=2026-09-18T20:54:03.767576+00:00
 [00060/400] delete simple     /srv/fim-watch/gen_00005.txt ts=2026-09-18T20:54:03.867494+00:00
 [00061/400] create simple     /srv/fim-watch/gen_00008.txt ts=2026-09-18T20:54:03.967502+00:00
 [00062/400] modify simple     /srv/fim-watch/gen_00007.txt ts=2026-09-18T20:54:04.067608+00:00
 [00063/400] delete simple     /srv/fim-watch/gen_00008.txt ts=2026-09-18T20:54:04.167445+00:00
 [00064/400] modify simple     /srv/fim-watch/gen_00007.txt ts=2026-09-18T20:54:04.267614+00:00
 [00065/400] modify colapsado  /srv/fim-watch/gen_00007.txt ts=2026-09-18T20:54:04.367573+00:00
 [00066/400] modify colapsado  /srv/fim-watch/gen_00007.txt ts=2026-09-18T20:54:04.467552+00:00
 [00067/400] modify colapsado  /srv/fim-watch/gen_00007.txt ts=2026-09-18T20:54:04.567778+00:00
 [00068/400] modify colapsado  /srv/fim-watch/gen_00007.txt ts=2026-09-18T20:54:04.667614+00:00
 [00069/400] modify colapsado  /srv/fim-watch/gen_00007.txt ts=2026-09-18T20:54:04.767755+00:00
 [00070/400] modify simple     /srv/fim-watch/gen_00007.txt ts=2026-09-18T20:54:04.867573+00:00
 [00071/400] modify simple     /srv/fim-watch/gen_00007.txt ts=2026-09-18T20:54:04.967600+00:00
 [00072/400] modify simple     /srv/fim-watch/gen_00007.txt ts=2026-09-18T20:54:05.067606+00:00
 [00073/400] modify simple     /srv/fim-watch/gen_00007.txt ts=2026-09-18T20:54:05.167685+00:00
 [00074/400] create simple     /srv/fim-watch/gen_00009.txt ts=2026-09-18T20:54:05.267432+00:00
 [00075/400] modify revertido  /srv/fim-watch/gen_00007.txt ts=2026-09-18T20:54:05.367620+00:00
 [00076/400] modify revertido  /srv/fim-watch/gen_00007.txt ts=2026-09-18T20:54:05.467631+00:00
 [00077/400] modify simple     /srv/fim-watch/gen_00009.txt ts=2026-09-18T20:54:05.567597+00:00
 [00078/400] modify simple     /srv/fim-watch/gen_00007.txt ts=2026-09-18T20:54:05.667670+00:00
 [00079/400] modify simple     /srv/fim-watch/gen_00007.txt ts=2026-09-18T20:54:05.767770+00:00
 [00080/400] modify simple     /srv/fim-watch/gen_00009.txt ts=2026-09-18T20:54:05.867630+00:00
 [00081/400] modify colapsado  /srv/fim-watch/gen_00007.txt ts=2026-09-18T20:54:05.967719+00:00
 [00082/400] modify colapsado  /srv/fim-watch/gen_00007.txt ts=2026-09-18T20:54:06.067936+00:00
 [00083/400] modify colapsado  /srv/fim-watch/gen_00007.txt ts=2026-09-18T20:54:06.167598+00:00
 [00084/400] modify colapsado  /srv/fim-watch/gen_00007.txt ts=2026-09-18T20:54:06.267644+00:00
 [00085/400] modify colapsado  /srv/fim-watch/gen_00007.txt ts=2026-09-18T20:54:06.367480+00:00
 [00086/400] delete simple     /srv/fim-watch/gen_00009.txt ts=2026-09-18T20:54:06.467408+00:00
 [00087/400] modify simple     /srv/fim-watch/gen_00007.txt ts=2026-09-18T20:54:06.567408+00:00
 [00088/400] create simple     /srv/fim-watch/gen_00010.txt ts=2026-09-18T20:54:06.667548+00:00
 [00089/400] create simple     /srv/fim-watch/gen_00011.txt ts=2026-09-18T20:54:06.767452+00:00
 [00090/400] delete simple     /srv/fim-watch/gen_00007.txt ts=2026-09-18T20:54:06.867378+00:00
 [00091/400] modify revertido  /srv/fim-watch/gen_00011.txt ts=2026-09-18T20:54:06.967403+00:00
 [00092/400] modify revertido  /srv/fim-watch/gen_00011.txt ts=2026-09-18T20:54:07.067578+00:00
 [00093/400] modify simple     /srv/fim-watch/gen_00010.txt ts=2026-09-18T20:54:07.167370+00:00
 [00094/400] modify simple     /srv/fim-watch/gen_00010.txt ts=2026-09-18T20:54:07.267312+00:00
 [00095/400] delete simple     /srv/fim-watch/gen_00010.txt ts=2026-09-18T20:54:07.367449+00:00
 [00096/400] modify simple     /srv/fim-watch/gen_00011.txt ts=2026-09-18T20:54:07.467465+00:00
 [00097/400] delete simple     /srv/fim-watch/gen_00011.txt ts=2026-09-18T20:54:07.567355+00:00
 [00098/400] create simple     /srv/fim-watch/critico/gen_00012.txt ts=2026-09-18T20:54:07.667481+00:00
 [00099/400] modify simple     /srv/fim-watch/critico/gen_00012.txt ts=2026-09-18T20:54:07.767430+00:00
 [00100/400] modify simple     /srv/fim-watch/critico/gen_00012.txt ts=2026-09-18T20:54:07.867602+00:00
 [00101/400] delete simple     /srv/fim-watch/critico/gen_00012.txt ts=2026-09-18T20:54:07.967490+00:00
 [00102/400] create simple     /srv/fim-watch/critico/gen_00013.txt ts=2026-09-18T20:54:08.067553+00:00
 [00103/400] modify simple     /srv/fim-watch/critico/gen_00013.txt ts=2026-09-18T20:54:08.167346+00:00
 [00104/400] modify simple     /srv/fim-watch/critico/gen_00013.txt ts=2026-09-18T20:54:08.267765+00:00
 [00105/400] modify simple     /srv/fim-watch/critico/gen_00013.txt ts=2026-09-18T20:54:08.367705+00:00
 [00106/400] modify colapsado  /srv/fim-watch/critico/gen_00013.txt ts=2026-09-18T20:54:08.467553+00:00
 [00107/400] modify colapsado  /srv/fim-watch/critico/gen_00013.txt ts=2026-09-18T20:54:08.567479+00:00
 [00108/400] modify colapsado  /srv/fim-watch/critico/gen_00013.txt ts=2026-09-18T20:54:08.667903+00:00
 [00109/400] modify colapsado  /srv/fim-watch/critico/gen_00013.txt ts=2026-09-18T20:54:08.767761+00:00
 [00110/400] modify colapsado  /srv/fim-watch/critico/gen_00013.txt ts=2026-09-18T20:54:08.867605+00:00
 [00111/400] modify simple     /srv/fim-watch/critico/gen_00013.txt ts=2026-09-18T20:54:08.967762+00:00
 [00112/400] modify simple     /srv/fim-watch/critico/gen_00013.txt ts=2026-09-18T20:54:09.067597+00:00
 [00113/400] modify simple     /srv/fim-watch/critico/gen_00013.txt ts=2026-09-18T20:54:09.167441+00:00
 [00114/400] modify colapsado  /srv/fim-watch/critico/gen_00013.txt ts=2026-09-18T20:54:09.267659+00:00
 [00115/400] modify colapsado  /srv/fim-watch/critico/gen_00013.txt ts=2026-09-18T20:54:09.367570+00:00
 [00116/400] modify colapsado  /srv/fim-watch/critico/gen_00013.txt ts=2026-09-18T20:54:09.467680+00:00
 [00117/400] modify colapsado  /srv/fim-watch/critico/gen_00013.txt ts=2026-09-18T20:54:09.567603+00:00
 [00118/400] modify colapsado  /srv/fim-watch/critico/gen_00013.txt ts=2026-09-18T20:54:09.667602+00:00
 [00119/400] create simple     /srv/fim-watch/gen_00014.txt ts=2026-09-18T20:54:09.767535+00:00
 [00120/400] modify simple     /srv/fim-watch/gen_00014.txt ts=2026-09-18T20:54:09.867543+00:00
 [00121/400] create simple     /srv/fim-watch/gen_00015.txt ts=2026-09-18T20:54:09.967602+00:00
 [00122/400] modify simple     /srv/fim-watch/gen_00014.txt ts=2026-09-18T20:54:10.067311+00:00
 [00123/400] modify simple     /srv/fim-watch/gen_00014.txt ts=2026-09-18T20:54:10.168145+00:00
 [00124/400] create simple     /srv/fim-watch/critico/gen_00016.txt ts=2026-09-18T20:54:10.267648+00:00
 [00125/400] create simple     /srv/fim-watch/gen_00017.txt ts=2026-09-18T20:54:10.367380+00:00
 [00126/400] create simple     /srv/fim-watch/gen_00018.txt ts=2026-09-18T20:54:10.467421+00:00
 [00127/400] create efimero    /srv/fim-watch/gen_00019.txt ts=2026-09-18T20:54:10.567483+00:00
 [00128/400] delete efimero    /srv/fim-watch/gen_00019.txt ts=2026-09-18T20:54:10.667421+00:00
 [00129/400] modify simple     /srv/fim-watch/critico/gen_00016.txt ts=2026-09-18T20:54:10.767565+00:00
 [00130/400] modify simple     /srv/fim-watch/gen_00017.txt ts=2026-09-18T20:54:10.867696+00:00
 [00131/400] modify simple     /srv/fim-watch/gen_00018.txt ts=2026-09-18T20:54:10.967566+00:00
 [00132/400] modify simple     /srv/fim-watch/critico/gen_00013.txt ts=2026-09-18T20:54:11.067440+00:00
 [00133/400] create simple     /srv/fim-watch/gen_00020.txt ts=2026-09-18T20:54:11.168046+00:00
 [00134/400] modify simple     /srv/fim-watch/gen_00017.txt ts=2026-09-18T20:54:11.267731+00:00
 [00135/400] create simple     /srv/fim-watch/gen_00021.txt ts=2026-09-18T20:54:11.367429+00:00
 [00136/400] delete simple     /srv/fim-watch/gen_00015.txt ts=2026-09-18T20:54:11.467426+00:00
 [00137/400] modify simple     /srv/fim-watch/critico/gen_00016.txt ts=2026-09-18T20:54:11.567629+00:00
 [00138/400] create efimero    /srv/fim-watch/critico/gen_00022.txt ts=2026-09-18T20:54:11.667558+00:00
 [00139/400] delete efimero    /srv/fim-watch/critico/gen_00022.txt ts=2026-09-18T20:54:11.767320+00:00
 [00140/400] modify simple     /srv/fim-watch/gen_00020.txt ts=2026-09-18T20:54:11.867628+00:00
 [00141/400] create simple     /srv/fim-watch/gen_00023.txt ts=2026-09-18T20:54:11.967483+00:00
 [00142/400] modify simple     /srv/fim-watch/gen_00018.txt ts=2026-09-18T20:54:12.067673+00:00
 [00143/400] delete simple     /srv/fim-watch/gen_00023.txt ts=2026-09-18T20:54:12.167382+00:00
 [00144/400] modify simple     /srv/fim-watch/gen_00018.txt ts=2026-09-18T20:54:12.267319+00:00
 [00145/400] modify simple     /srv/fim-watch/gen_00014.txt ts=2026-09-18T20:54:12.367997+00:00
 [00146/400] create efimero    /srv/fim-watch/critico/gen_00024.txt ts=2026-09-18T20:54:12.467440+00:00
 [00147/400] delete efimero    /srv/fim-watch/critico/gen_00024.txt ts=2026-09-18T20:54:12.567460+00:00
 [00148/400] modify simple     /srv/fim-watch/gen_00018.txt ts=2026-09-18T20:54:12.667648+00:00
 [00149/400] modify simple     /srv/fim-watch/gen_00017.txt ts=2026-09-18T20:54:12.767382+00:00
 [00150/400] create simple     /srv/fim-watch/critico/gen_00025.txt ts=2026-09-18T20:54:12.867370+00:00
 [00151/400] modify simple     /srv/fim-watch/critico/gen_00025.txt ts=2026-09-18T20:54:12.967418+00:00
 [00152/400] create simple     /srv/fim-watch/gen_00026.txt ts=2026-09-18T20:54:13.067355+00:00
 [00153/400] create simple     /srv/fim-watch/critico/gen_00027.txt ts=2026-09-18T20:54:13.167527+00:00
 [00154/400] modify simple     /srv/fim-watch/gen_00018.txt ts=2026-09-18T20:54:13.267599+00:00
 [00155/400] modify simple     /srv/fim-watch/critico/gen_00027.txt ts=2026-09-18T20:54:13.367396+00:00
 [00156/400] modify simple     /srv/fim-watch/gen_00020.txt ts=2026-09-18T20:54:13.467457+00:00
 [00157/400] create simple     /srv/fim-watch/gen_00028.txt ts=2026-09-18T20:54:13.567556+00:00
 [00158/400] modify revertido  /srv/fim-watch/gen_00028.txt ts=2026-09-18T20:54:13.667539+00:00
 [00159/400] modify revertido  /srv/fim-watch/gen_00028.txt ts=2026-09-18T20:54:13.767595+00:00
 [00160/400] modify simple     /srv/fim-watch/critico/gen_00016.txt ts=2026-09-18T20:54:13.867613+00:00
 [00161/400] modify simple     /srv/fim-watch/critico/gen_00027.txt ts=2026-09-18T20:54:13.967660+00:00
 [00162/400] delete simple     /srv/fim-watch/gen_00028.txt ts=2026-09-18T20:54:14.067364+00:00
 [00163/400] modify revertido  /srv/fim-watch/gen_00018.txt ts=2026-09-18T20:54:14.167566+00:00
 [00164/400] modify revertido  /srv/fim-watch/gen_00018.txt ts=2026-09-18T20:54:14.267539+00:00
 [00165/400] modify simple     /srv/fim-watch/gen_00020.txt ts=2026-09-18T20:54:14.367584+00:00
 [00166/400] modify simple     /srv/fim-watch/gen_00020.txt ts=2026-09-18T20:54:14.467512+00:00
 [00167/400] modify revertido  /srv/fim-watch/gen_00026.txt ts=2026-09-18T20:54:14.567505+00:00
 [00168/400] modify revertido  /srv/fim-watch/gen_00026.txt ts=2026-09-18T20:54:14.667641+00:00
 [00169/400] modify revertido  /srv/fim-watch/gen_00018.txt ts=2026-09-18T20:54:14.767529+00:00
 [00170/400] modify revertido  /srv/fim-watch/gen_00018.txt ts=2026-09-18T20:54:14.867541+00:00
 [00171/400] modify simple     /srv/fim-watch/critico/gen_00016.txt ts=2026-09-18T20:54:14.967572+00:00
 [00172/400] delete simple     /srv/fim-watch/gen_00017.txt ts=2026-09-18T20:54:15.067480+00:00
 [00173/400] modify simple     /srv/fim-watch/critico/gen_00025.txt ts=2026-09-18T20:54:15.167714+00:00
 [00174/400] create simple     /srv/fim-watch/gen_00029.txt ts=2026-09-18T20:54:15.267237+00:00
 [00175/400] modify revertido  /srv/fim-watch/critico/gen_00025.txt ts=2026-09-18T20:54:15.367738+00:00
 [00176/400] modify revertido  /srv/fim-watch/critico/gen_00025.txt ts=2026-09-18T20:54:15.467515+00:00
 [00177/400] delete simple     /srv/fim-watch/gen_00014.txt ts=2026-09-18T20:54:15.567535+00:00
 [00178/400] modify simple     /srv/fim-watch/gen_00021.txt ts=2026-09-18T20:54:15.667541+00:00
 [00179/400] modify simple     /srv/fim-watch/gen_00029.txt ts=2026-09-18T20:54:15.767365+00:00
 [00180/400] create simple     /srv/fim-watch/gen_00030.txt ts=2026-09-18T20:54:15.867454+00:00
 [00181/400] modify simple     /srv/fim-watch/gen_00026.txt ts=2026-09-18T20:54:15.967694+00:00
 [00182/400] modify revertido  /srv/fim-watch/gen_00018.txt ts=2026-09-18T20:54:16.067567+00:00
 [00183/400] modify revertido  /srv/fim-watch/gen_00018.txt ts=2026-09-18T20:54:16.167707+00:00
 [00184/400] modify simple     /srv/fim-watch/critico/gen_00027.txt ts=2026-09-18T20:54:16.267588+00:00
 [00185/400] modify simple     /srv/fim-watch/critico/gen_00016.txt ts=2026-09-18T20:54:16.367745+00:00
 [00186/400] create simple     /srv/fim-watch/gen_00031.txt ts=2026-09-18T20:54:16.467389+00:00
 [00187/400] modify simple     /srv/fim-watch/critico/gen_00027.txt ts=2026-09-18T20:54:16.567689+00:00
 [00188/400] modify simple     /srv/fim-watch/gen_00030.txt ts=2026-09-18T20:54:16.667594+00:00
 [00189/400] modify simple     /srv/fim-watch/critico/gen_00013.txt ts=2026-09-18T20:54:16.767647+00:00
 [00190/400] modify simple     /srv/fim-watch/critico/gen_00027.txt ts=2026-09-18T20:54:16.867636+00:00
 [00191/400] create simple     /srv/fim-watch/gen_00032.txt ts=2026-09-18T20:54:16.967401+00:00
 [00192/400] modify simple     /srv/fim-watch/gen_00026.txt ts=2026-09-18T20:54:17.067689+00:00
 [00193/400] modify simple     /srv/fim-watch/critico/gen_00025.txt ts=2026-09-18T20:54:17.167690+00:00
 [00194/400] create simple     /srv/fim-watch/gen_00033.txt ts=2026-09-18T20:54:17.267358+00:00
 [00195/400] modify simple     /srv/fim-watch/gen_00032.txt ts=2026-09-18T20:54:17.367554+00:00
 [00196/400] modify simple     /srv/fim-watch/gen_00018.txt ts=2026-09-18T20:54:17.467671+00:00
 [00197/400] modify simple     /srv/fim-watch/critico/gen_00027.txt ts=2026-09-18T20:54:17.567552+00:00
 [00198/400] modify simple     /srv/fim-watch/critico/gen_00027.txt ts=2026-09-18T20:54:17.667693+00:00
 [00199/400] modify colapsado  /srv/fim-watch/gen_00031.txt ts=2026-09-18T20:54:17.767323+00:00
 [00200/400] modify colapsado  /srv/fim-watch/gen_00031.txt ts=2026-09-18T20:54:17.867524+00:00
 [00201/400] modify colapsado  /srv/fim-watch/gen_00031.txt ts=2026-09-18T20:54:17.967683+00:00
 [00202/400] modify colapsado  /srv/fim-watch/gen_00031.txt ts=2026-09-18T20:54:18.067699+00:00
 [00203/400] modify colapsado  /srv/fim-watch/gen_00031.txt ts=2026-09-18T20:54:18.167615+00:00
 [00204/400] modify simple     /srv/fim-watch/critico/gen_00013.txt ts=2026-09-18T20:54:18.267617+00:00
 [00205/400] delete simple     /srv/fim-watch/critico/gen_00013.txt ts=2026-09-18T20:54:18.367555+00:00
 [00206/400] create simple     /srv/fim-watch/gen_00034.txt ts=2026-09-18T20:54:18.467395+00:00
 [00207/400] modify simple     /srv/fim-watch/gen_00018.txt ts=2026-09-18T20:54:18.567608+00:00
 [00208/400] delete simple     /srv/fim-watch/critico/gen_00025.txt ts=2026-09-18T20:54:18.667406+00:00
 [00209/400] modify simple     /srv/fim-watch/critico/gen_00016.txt ts=2026-09-18T20:54:18.767681+00:00
 [00210/400] modify simple     /srv/fim-watch/gen_00018.txt ts=2026-09-18T20:54:18.867768+00:00
 [00211/400] modify simple     /srv/fim-watch/gen_00021.txt ts=2026-09-18T20:54:18.967569+00:00
 [00212/400] modify simple     /srv/fim-watch/critico/gen_00016.txt ts=2026-09-18T20:54:19.067596+00:00
 [00213/400] modify revertido  /srv/fim-watch/gen_00021.txt ts=2026-09-18T20:54:19.167650+00:00
 [00214/400] modify revertido  /srv/fim-watch/gen_00021.txt ts=2026-09-18T20:54:19.267701+00:00
 [00215/400] modify simple     /srv/fim-watch/critico/gen_00027.txt ts=2026-09-18T20:54:19.367688+00:00
 [00216/400] create simple     /srv/fim-watch/critico/gen_00035.txt ts=2026-09-18T20:54:19.467545+00:00
 [00217/400] modify simple     /srv/fim-watch/gen_00030.txt ts=2026-09-18T20:54:19.567616+00:00
 [00218/400] modify simple     /srv/fim-watch/critico/gen_00035.txt ts=2026-09-18T20:54:19.667693+00:00
 [00219/400] modify simple     /srv/fim-watch/critico/gen_00027.txt ts=2026-09-18T20:54:19.767755+00:00
 [00220/400] create simple     /srv/fim-watch/gen_00036.txt ts=2026-09-18T20:54:19.867516+00:00
 [00221/400] modify revertido  /srv/fim-watch/gen_00029.txt ts=2026-09-18T20:54:19.967615+00:00
 [00222/400] modify revertido  /srv/fim-watch/gen_00029.txt ts=2026-09-18T20:54:20.067911+00:00
 [00223/400] create efimero    /srv/fim-watch/gen_00037.txt ts=2026-09-18T20:54:20.167534+00:00
 [00224/400] delete efimero    /srv/fim-watch/gen_00037.txt ts=2026-09-18T20:54:20.267386+00:00
 [00225/400] modify revertido  /srv/fim-watch/gen_00030.txt ts=2026-09-18T20:54:20.367611+00:00
 [00226/400] modify revertido  /srv/fim-watch/gen_00030.txt ts=2026-09-18T20:54:20.467717+00:00
 [00227/400] modify simple     /srv/fim-watch/critico/gen_00016.txt ts=2026-09-18T20:54:20.567554+00:00
 [00228/400] modify simple     /srv/fim-watch/gen_00032.txt ts=2026-09-18T20:54:20.667573+00:00
 [00229/400] modify revertido  /srv/fim-watch/gen_00021.txt ts=2026-09-18T20:54:20.767632+00:00
 [00230/400] modify revertido  /srv/fim-watch/gen_00021.txt ts=2026-09-18T20:54:20.867456+00:00
 [00231/400] create simple     /srv/fim-watch/critico/gen_00038.txt ts=2026-09-18T20:54:20.967501+00:00
 [00232/400] modify simple     /srv/fim-watch/gen_00029.txt ts=2026-09-18T20:54:21.067612+00:00
 [00233/400] create simple     /srv/fim-watch/gen_00039.txt ts=2026-09-18T20:54:21.167471+00:00
 [00234/400] modify simple     /srv/fim-watch/gen_00020.txt ts=2026-09-18T20:54:21.267617+00:00
 [00235/400] modify revertido  /srv/fim-watch/gen_00031.txt ts=2026-09-18T20:54:21.367604+00:00
 [00236/400] modify revertido  /srv/fim-watch/gen_00031.txt ts=2026-09-18T20:54:21.467465+00:00
 [00237/400] modify simple     /srv/fim-watch/critico/gen_00016.txt ts=2026-09-18T20:54:21.567503+00:00
 [00238/400] create simple     /srv/fim-watch/critico/gen_00040.txt ts=2026-09-18T20:54:21.667584+00:00
 [00239/400] create simple     /srv/fim-watch/gen_00041.txt ts=2026-09-18T20:54:21.767529+00:00
 [00240/400] modify simple     /srv/fim-watch/critico/gen_00035.txt ts=2026-09-18T20:54:21.867617+00:00
 [00241/400] modify simple     /srv/fim-watch/gen_00030.txt ts=2026-09-18T20:54:21.967395+00:00
 [00242/400] modify simple     /srv/fim-watch/critico/gen_00027.txt ts=2026-09-18T20:54:22.067515+00:00
 [00243/400] create simple     /srv/fim-watch/gen_00042.txt ts=2026-09-18T20:54:22.167460+00:00
 [00244/400] modify colapsado  /srv/fim-watch/gen_00041.txt ts=2026-09-18T20:54:22.267444+00:00
 [00245/400] modify colapsado  /srv/fim-watch/gen_00041.txt ts=2026-09-18T20:54:22.367472+00:00
 [00246/400] modify colapsado  /srv/fim-watch/gen_00041.txt ts=2026-09-18T20:54:22.467294+00:00
 [00247/400] modify colapsado  /srv/fim-watch/gen_00041.txt ts=2026-09-18T20:54:22.567282+00:00
 [00248/400] modify colapsado  /srv/fim-watch/gen_00041.txt ts=2026-09-18T20:54:22.667320+00:00
 [00249/400] modify simple     /srv/fim-watch/gen_00030.txt ts=2026-09-18T20:54:22.767315+00:00
 [00250/400] modify simple     /srv/fim-watch/gen_00042.txt ts=2026-09-18T20:54:22.867290+00:00
 [00251/400] create simple     /srv/fim-watch/gen_00043.txt ts=2026-09-18T20:54:22.967505+00:00
 [00252/400] modify simple     /srv/fim-watch/gen_00026.txt ts=2026-09-18T20:54:23.067803+00:00
 [00253/400] create simple     /srv/fim-watch/gen_00044.txt ts=2026-09-18T20:54:23.167584+00:00
 [00254/400] modify simple     /srv/fim-watch/gen_00021.txt ts=2026-09-18T20:54:23.267556+00:00
 [00255/400] modify simple     /srv/fim-watch/gen_00034.txt ts=2026-09-18T20:54:23.367552+00:00
 [00256/400] modify colapsado  /srv/fim-watch/critico/gen_00027.txt ts=2026-09-18T20:54:23.467566+00:00
 [00257/400] modify colapsado  /srv/fim-watch/critico/gen_00027.txt ts=2026-09-18T20:54:23.567574+00:00
 [00258/400] modify colapsado  /srv/fim-watch/critico/gen_00027.txt ts=2026-09-18T20:54:23.667603+00:00
 [00259/400] modify colapsado  /srv/fim-watch/critico/gen_00027.txt ts=2026-09-18T20:54:23.767565+00:00
 [00260/400] modify colapsado  /srv/fim-watch/critico/gen_00027.txt ts=2026-09-18T20:54:23.868003+00:00
 [00261/400] modify simple     /srv/fim-watch/critico/gen_00040.txt ts=2026-09-18T20:54:23.967696+00:00
 [00262/400] modify simple     /srv/fim-watch/gen_00033.txt ts=2026-09-18T20:54:24.067672+00:00
 [00263/400] delete simple     /srv/fim-watch/gen_00034.txt ts=2026-09-18T20:54:24.167586+00:00
 [00264/400] create simple     /srv/fim-watch/critico/gen_00045.txt ts=2026-09-18T20:54:24.267494+00:00
 [00265/400] modify simple     /srv/fim-watch/gen_00036.txt ts=2026-09-18T20:54:24.367660+00:00
 [00266/400] create simple     /srv/fim-watch/gen_00046.txt ts=2026-09-18T20:54:24.467571+00:00
 [00267/400] modify simple     /srv/fim-watch/critico/gen_00038.txt ts=2026-09-18T20:54:24.567557+00:00
 [00268/400] create simple     /srv/fim-watch/critico/gen_00047.txt ts=2026-09-18T20:54:24.667574+00:00
 [00269/400] modify simple     /srv/fim-watch/gen_00021.txt ts=2026-09-18T20:54:24.767596+00:00
 [00270/400] create simple     /srv/fim-watch/gen_00048.txt ts=2026-09-18T20:54:24.867513+00:00
 [00271/400] modify simple     /srv/fim-watch/critico/gen_00016.txt ts=2026-09-18T20:54:24.967568+00:00
 [00272/400] modify simple     /srv/fim-watch/gen_00021.txt ts=2026-09-18T20:54:25.067586+00:00
 [00273/400] delete simple     /srv/fim-watch/gen_00042.txt ts=2026-09-18T20:54:25.167551+00:00
 [00274/400] create simple     /srv/fim-watch/gen_00049.txt ts=2026-09-18T20:54:25.267322+00:00
 [00275/400] modify simple     /srv/fim-watch/gen_00044.txt ts=2026-09-18T20:54:25.367575+00:00
 [00276/400] create simple     /srv/fim-watch/critico/gen_00050.txt ts=2026-09-18T20:54:25.467541+00:00
 [00277/400] modify simple     /srv/fim-watch/gen_00048.txt ts=2026-09-18T20:54:25.567600+00:00
 [00278/400] modify simple     /srv/fim-watch/gen_00041.txt ts=2026-09-18T20:54:25.667603+00:00
 [00279/400] modify simple     /srv/fim-watch/gen_00039.txt ts=2026-09-18T20:54:25.767563+00:00
 [00280/400] create simple     /srv/fim-watch/gen_00051.txt ts=2026-09-18T20:54:25.867309+00:00
 [00281/400] delete simple     /srv/fim-watch/gen_00036.txt ts=2026-09-18T20:54:25.967532+00:00
 [00282/400] modify simple     /srv/fim-watch/gen_00039.txt ts=2026-09-18T20:54:26.067571+00:00
 [00283/400] delete simple     /srv/fim-watch/gen_00041.txt ts=2026-09-18T20:54:26.167531+00:00
 [00284/400] create simple     /srv/fim-watch/gen_00052.txt ts=2026-09-18T20:54:26.267554+00:00
 [00285/400] create efimero    /srv/fim-watch/gen_00053.txt ts=2026-09-18T20:54:26.367531+00:00
 [00286/400] delete efimero    /srv/fim-watch/gen_00053.txt ts=2026-09-18T20:54:26.467409+00:00
 [00287/400] modify revertido  /srv/fim-watch/critico/gen_00040.txt ts=2026-09-18T20:54:26.567903+00:00
 [00288/400] modify revertido  /srv/fim-watch/critico/gen_00040.txt ts=2026-09-18T20:54:26.667577+00:00
 [00289/400] modify simple     /srv/fim-watch/critico/gen_00027.txt ts=2026-09-18T20:54:26.767714+00:00
 [00290/400] delete simple     /srv/fim-watch/critico/gen_00047.txt ts=2026-09-18T20:54:26.867431+00:00
 [00291/400] modify simple     /srv/fim-watch/gen_00020.txt ts=2026-09-18T20:54:26.967614+00:00
 [00292/400] modify simple     /srv/fim-watch/gen_00026.txt ts=2026-09-18T20:54:27.067603+00:00
 [00293/400] delete simple     /srv/fim-watch/gen_00029.txt ts=2026-09-18T20:54:27.167525+00:00
 [00294/400] delete simple     /srv/fim-watch/gen_00018.txt ts=2026-09-18T20:54:27.267422+00:00
 [00295/400] modify simple     /srv/fim-watch/gen_00043.txt ts=2026-09-18T20:54:27.367530+00:00
 [00296/400] create simple     /srv/fim-watch/gen_00054.txt ts=2026-09-18T20:54:27.467515+00:00
 [00297/400] modify simple     /srv/fim-watch/critico/gen_00027.txt ts=2026-09-18T20:54:27.567696+00:00
 [00298/400] modify simple     /srv/fim-watch/critico/gen_00016.txt ts=2026-09-18T20:54:27.667709+00:00
 [00299/400] modify simple     /srv/fim-watch/gen_00049.txt ts=2026-09-18T20:54:27.767569+00:00
 [00300/400] modify simple     /srv/fim-watch/gen_00052.txt ts=2026-09-18T20:54:27.867637+00:00
 [00301/400] create simple     /srv/fim-watch/gen_00055.txt ts=2026-09-18T20:54:27.967289+00:00
 [00302/400] create efimero    /srv/fim-watch/gen_00056.txt ts=2026-09-18T20:54:28.067354+00:00
 [00303/400] delete efimero    /srv/fim-watch/gen_00056.txt ts=2026-09-18T20:54:28.167504+00:00
 [00304/400] modify simple     /srv/fim-watch/gen_00048.txt ts=2026-09-18T20:54:28.267528+00:00
 [00305/400] create simple     /srv/fim-watch/gen_00057.txt ts=2026-09-18T20:54:28.367536+00:00
 [00306/400] modify simple     /srv/fim-watch/gen_00043.txt ts=2026-09-18T20:54:28.467599+00:00
 [00307/400] create simple     /srv/fim-watch/gen_00058.txt ts=2026-09-18T20:54:28.567529+00:00
 [00308/400] modify revertido  /srv/fim-watch/critico/gen_00035.txt ts=2026-09-18T20:54:28.667520+00:00
 [00309/400] modify revertido  /srv/fim-watch/critico/gen_00035.txt ts=2026-09-18T20:54:28.767568+00:00
 [00310/400] modify simple     /srv/fim-watch/gen_00054.txt ts=2026-09-18T20:54:28.867577+00:00
 [00311/400] modify simple     /srv/fim-watch/gen_00054.txt ts=2026-09-18T20:54:28.967587+00:00
 [00312/400] create simple     /srv/fim-watch/critico/gen_00059.txt ts=2026-09-18T20:54:29.067468+00:00
 [00313/400] modify simple     /srv/fim-watch/critico/gen_00045.txt ts=2026-09-18T20:54:29.167579+00:00
 [00314/400] modify simple     /srv/fim-watch/critico/gen_00035.txt ts=2026-09-18T20:54:29.267515+00:00
 [00315/400] create simple     /srv/fim-watch/gen_00060.txt ts=2026-09-18T20:54:29.367432+00:00
 [00316/400] modify simple     /srv/fim-watch/gen_00048.txt ts=2026-09-18T20:54:29.467646+00:00
 [00317/400] modify simple     /srv/fim-watch/gen_00058.txt ts=2026-09-18T20:54:29.567544+00:00
 [00318/400] create simple     /srv/fim-watch/gen_00061.txt ts=2026-09-18T20:54:29.667498+00:00
 [00319/400] modify revertido  /srv/fim-watch/gen_00031.txt ts=2026-09-18T20:54:29.767658+00:00
 [00320/400] modify revertido  /srv/fim-watch/gen_00031.txt ts=2026-09-18T20:54:29.867585+00:00
 [00321/400] create simple     /srv/fim-watch/gen_00062.txt ts=2026-09-18T20:54:29.967438+00:00
 [00322/400] modify simple     /srv/fim-watch/critico/gen_00038.txt ts=2026-09-18T20:54:30.068066+00:00
 [00323/400] modify simple     /srv/fim-watch/gen_00061.txt ts=2026-09-18T20:54:30.167605+00:00
 [00324/400] modify simple     /srv/fim-watch/critico/gen_00040.txt ts=2026-09-18T20:54:30.267506+00:00
 [00325/400] modify simple     /srv/fim-watch/gen_00054.txt ts=2026-09-18T20:54:30.367551+00:00
 [00326/400] modify simple     /srv/fim-watch/gen_00044.txt ts=2026-09-18T20:54:30.467520+00:00
 [00327/400] create simple     /srv/fim-watch/gen_00063.txt ts=2026-09-18T20:54:30.567435+00:00
 [00328/400] modify simple     /srv/fim-watch/gen_00026.txt ts=2026-09-18T20:54:30.667583+00:00
 [00329/400] modify simple     /srv/fim-watch/gen_00021.txt ts=2026-09-18T20:54:30.767550+00:00
 [00330/400] modify simple     /srv/fim-watch/gen_00033.txt ts=2026-09-18T20:54:30.867661+00:00
 [00331/400] modify simple     /srv/fim-watch/gen_00061.txt ts=2026-09-18T20:54:30.967328+00:00
 [00332/400] create simple     /srv/fim-watch/gen_00064.txt ts=2026-09-18T20:54:31.067487+00:00
 [00333/400] modify simple     /srv/fim-watch/critico/gen_00035.txt ts=2026-09-18T20:54:31.167724+00:00
 [00334/400] modify revertido  /srv/fim-watch/critico/gen_00059.txt ts=2026-09-18T20:54:31.267492+00:00
 [00335/400] modify revertido  /srv/fim-watch/critico/gen_00059.txt ts=2026-09-18T20:54:31.367689+00:00
 [00336/400] modify revertido  /srv/fim-watch/critico/gen_00035.txt ts=2026-09-18T20:54:31.467513+00:00
 [00337/400] modify revertido  /srv/fim-watch/critico/gen_00035.txt ts=2026-09-18T20:54:31.567579+00:00
 [00338/400] modify simple     /srv/fim-watch/critico/gen_00045.txt ts=2026-09-18T20:54:31.667533+00:00
 [00339/400] modify simple     /srv/fim-watch/gen_00060.txt ts=2026-09-18T20:54:31.767580+00:00
 [00340/400] modify revertido  /srv/fim-watch/gen_00061.txt ts=2026-09-18T20:54:31.867584+00:00
 [00341/400] modify revertido  /srv/fim-watch/gen_00061.txt ts=2026-09-18T20:54:31.967572+00:00
 [00342/400] modify simple     /srv/fim-watch/gen_00032.txt ts=2026-09-18T20:54:32.067595+00:00
 [00343/400] create simple     /srv/fim-watch/gen_00065.txt ts=2026-09-18T20:54:32.167384+00:00
 [00344/400] modify revertido  /srv/fim-watch/gen_00057.txt ts=2026-09-18T20:54:32.267475+00:00
 [00345/400] modify revertido  /srv/fim-watch/gen_00057.txt ts=2026-09-18T20:54:32.367954+00:00
 [00346/400] create simple     /srv/fim-watch/gen_00066.txt ts=2026-09-18T20:54:32.467468+00:00
 [00347/400] modify revertido  /srv/fim-watch/gen_00057.txt ts=2026-09-18T20:54:32.567612+00:00
 [00348/400] modify revertido  /srv/fim-watch/gen_00057.txt ts=2026-09-18T20:54:32.667591+00:00
 [00349/400] modify simple     /srv/fim-watch/critico/gen_00040.txt ts=2026-09-18T20:54:32.767544+00:00
 [00350/400] create simple     /srv/fim-watch/gen_00067.txt ts=2026-09-18T20:54:32.867481+00:00
 [00351/400] delete simple     /srv/fim-watch/gen_00020.txt ts=2026-09-18T20:54:32.967430+00:00
 [00352/400] modify simple     /srv/fim-watch/gen_00060.txt ts=2026-09-18T20:54:33.067650+00:00
 [00353/400] delete simple     /srv/fim-watch/critico/gen_00050.txt ts=2026-09-18T20:54:33.167378+00:00
 [00354/400] modify revertido  /srv/fim-watch/gen_00060.txt ts=2026-09-18T20:54:33.267552+00:00
 [00355/400] modify revertido  /srv/fim-watch/gen_00060.txt ts=2026-09-18T20:54:33.367392+00:00
 [00356/400] delete simple     /srv/fim-watch/critico/gen_00035.txt ts=2026-09-18T20:54:33.467452+00:00
 [00357/400] modify simple     /srv/fim-watch/gen_00058.txt ts=2026-09-18T20:54:33.567516+00:00
 [00358/400] delete simple     /srv/fim-watch/gen_00046.txt ts=2026-09-18T20:54:33.667546+00:00
 [00359/400] modify simple     /srv/fim-watch/gen_00033.txt ts=2026-09-18T20:54:33.767501+00:00
 [00360/400] create simple     /srv/fim-watch/gen_00068.txt ts=2026-09-18T20:54:33.867537+00:00
 [00361/400] create simple     /srv/fim-watch/gen_00069.txt ts=2026-09-18T20:54:33.967432+00:00
 [00362/400] delete simple     /srv/fim-watch/gen_00057.txt ts=2026-09-18T20:54:34.067405+00:00
 [00363/400] create simple     /srv/fim-watch/gen_00070.txt ts=2026-09-18T20:54:34.167423+00:00
 [00364/400] create simple     /srv/fim-watch/gen_00071.txt ts=2026-09-18T20:54:34.267380+00:00
 [00365/400] modify simple     /srv/fim-watch/gen_00043.txt ts=2026-09-18T20:54:34.368607+00:00
 [00366/400] modify simple     /srv/fim-watch/critico/gen_00045.txt ts=2026-09-18T20:54:34.467544+00:00
 [00367/400] modify revertido  /srv/fim-watch/gen_00065.txt ts=2026-09-18T20:54:34.567539+00:00
 [00368/400] modify revertido  /srv/fim-watch/gen_00065.txt ts=2026-09-18T20:54:34.667544+00:00
 [00369/400] modify simple     /srv/fim-watch/gen_00055.txt ts=2026-09-18T20:54:34.767508+00:00
 [00370/400] modify simple     /srv/fim-watch/critico/gen_00027.txt ts=2026-09-18T20:54:34.867609+00:00
 [00371/400] modify simple     /srv/fim-watch/gen_00031.txt ts=2026-09-18T20:54:34.967568+00:00
 [00372/400] create simple     /srv/fim-watch/gen_00072.txt ts=2026-09-18T20:54:35.067449+00:00
 [00373/400] modify simple     /srv/fim-watch/critico/gen_00027.txt ts=2026-09-18T20:54:35.167507+00:00
 [00374/400] delete simple     /srv/fim-watch/critico/gen_00059.txt ts=2026-09-18T20:54:35.267385+00:00
 [00375/400] modify simple     /srv/fim-watch/gen_00021.txt ts=2026-09-18T20:54:35.367549+00:00
 [00376/400] delete simple     /srv/fim-watch/gen_00052.txt ts=2026-09-18T20:54:35.467444+00:00
 [00377/400] delete simple     /srv/fim-watch/gen_00062.txt ts=2026-09-18T20:54:35.567360+00:00
 [00378/400] create simple     /srv/fim-watch/gen_00073.txt ts=2026-09-18T20:54:35.667440+00:00
 [00379/400] modify simple     /srv/fim-watch/gen_00066.txt ts=2026-09-18T20:54:35.767634+00:00
 [00380/400] modify revertido  /srv/fim-watch/gen_00055.txt ts=2026-09-18T20:54:35.867434+00:00
 [00381/400] modify revertido  /srv/fim-watch/gen_00055.txt ts=2026-09-18T20:54:35.967471+00:00
 [00382/400] create simple     /srv/fim-watch/gen_00074.txt ts=2026-09-18T20:54:36.067332+00:00
 [00383/400] create simple     /srv/fim-watch/gen_00075.txt ts=2026-09-18T20:54:36.167404+00:00
 [00384/400] create simple     /srv/fim-watch/gen_00076.txt ts=2026-09-18T20:54:36.267266+00:00
 [00385/400] create simple     /srv/fim-watch/gen_00077.txt ts=2026-09-18T20:54:36.367475+00:00
 [00386/400] modify simple     /srv/fim-watch/critico/gen_00027.txt ts=2026-09-18T20:54:36.467565+00:00
 [00387/400] modify simple     /srv/fim-watch/gen_00060.txt ts=2026-09-18T20:54:36.567681+00:00
 [00388/400] modify simple     /srv/fim-watch/gen_00043.txt ts=2026-09-18T20:54:36.667683+00:00
 [00389/400] create simple     /srv/fim-watch/gen_00078.txt ts=2026-09-18T20:54:36.767453+00:00
 [00390/400] modify simple     /srv/fim-watch/gen_00044.txt ts=2026-09-18T20:54:36.867823+00:00
 [00391/400] create simple     /srv/fim-watch/gen_00079.txt ts=2026-09-18T20:54:36.967462+00:00
 [00392/400] modify simple     /srv/fim-watch/gen_00076.txt ts=2026-09-18T20:54:37.067596+00:00
 [00393/400] modify simple     /srv/fim-watch/gen_00064.txt ts=2026-09-18T20:54:37.167638+00:00
 [00394/400] modify simple     /srv/fim-watch/gen_00048.txt ts=2026-09-18T20:54:37.267545+00:00
 [00395/400] modify simple     /srv/fim-watch/gen_00065.txt ts=2026-09-18T20:54:37.367638+00:00
 [00396/400] modify revertido  /srv/fim-watch/gen_00055.txt ts=2026-09-18T20:54:37.467445+00:00
 [00397/400] modify revertido  /srv/fim-watch/gen_00055.txt ts=2026-09-18T20:54:37.567545+00:00
 [00398/400] modify simple     /srv/fim-watch/gen_00067.txt ts=2026-09-18T20:54:37.667746+00:00
 [00399/400] create simple     /srv/fim-watch/gen_00080.txt ts=2026-09-18T20:54:37.767429+00:00
 [00400/400] modify simple     /srv/fim-watch/gen_00061.txt ts=2026-09-18T20:54:37.867600+00:00
========================================================================
fin_utc = 2026-09-18T20:54:37.867907+00:00  duracion_s = 39.901
cambios_registrados = 400  errores = 0
manifiesto = /srv/evidencia/item42_manifiesto.json
manifiesto incremental = /srv/evidencia/item42_manifiesto.jsonl
========================================================================
