
 RUN  v2.1.9 [HOME]/Facultad/tesis/tesis-fim-serio-worktrees/l3-alerts/frontend

 ✓ src/utils/timeDisplay.test.ts (11 tests) 31ms
 ✓ src/api/events.test.ts (4 tests) 9ms
 ✓ src/utils/eventFilters.test.ts (13 tests) 14ms
 ✓ src/stores/auth.store.test.ts (4 tests) 14ms
 ✓ src/components/ui/AgentCard.test.tsx (4 tests) 244ms
 ✓ src/hooks/useAlertsSSE.test.tsx (2 tests) 69ms
 ✓ src/pages/EventDetail.test.tsx (5 tests) 453ms
 ✓ src/components/ui/EventsTable.test.tsx (11 tests) 817ms
   ✓ EventsTable — US-25 selección en lote > permite seleccionar una fila individual sin seleccionar las demás 368ms
 ✓ src/pages/Events.test.tsx (4 tests) 1446ms
   ✓ Events — filtro por severidad (8.6) > activar un checkbox de severidad lo deja marcado y dispara una petición con esa severidad 714ms
   ✓ Events — US-31 toggle superseded > está desmarcado por defecto y al activarlo persiste en la URL lógica y llega a la petición 352ms
 ✓ src/components/ui/BulkActionBar.test.tsx (4 tests) 1629ms
   ✓ BulkActionBar — bulk reject con acción por ítem (8.7) > rechazar 3 eventos emite event_ids y una única action, sin items legacy 772ms
   ✓ BulkActionBar — bulk reject con acción por ítem (8.7) > aplica el resultado sobre la selección actual sin perder cambios hechos durante la petición 475ms
 ✓ src/pages/Dashboard.test.tsx (11 tests) 2155ms
   ✓ Dashboard — US-04: metricas generales > carga las metricas al entrar al dashboard, sin interaccion del usuario 812ms
 ✓ src/pages/Alerts.test.tsx (3 tests) 649ms
   ✓ Alerts — US-19 listado de alertas > cada alerta es navegable hacia el detalle del evento asociado 314ms
 ✓ src/components/layout/SystemBanner.test.tsx (4 tests) 477ms
   ✓ SystemBanner — US-05: banner rojo de degradacion > muestra un banner rojo que nombra el componente degradado 319ms
 ✓ src/api/events.contract.test.ts (1 test) 14ms
 ✓ src/components/layout/Navbar.test.tsx (2 tests) 481ms
   ✓ Navbar — US-02 logout del cliente > muestra el botón y al usarlo limpia el token y el usuario, solicita logout y navega a /login con replace 416ms
 ✓ src/utils/severity.test.ts (5 tests) 8ms
 ✓ src/api/auth.test.ts (3 tests) 10ms
 ✓ src/components/layout/AlertsBanner.test.tsx (5 tests) 624ms
   ✓ AlertsBanner — US-05: banner amarillo de notificaciones fallidas > muestra un banner amarillo con la cantidad de alertas fallidas en la DLQ 387ms
 ✓ src/pages/Rules.test.tsx (2 tests) 928ms
   ✓ Rules — US-16 edición y US-17 eliminación > abre el formulario de edición precargado con patrón, severidad y acción de la regla elegida 660ms
 ✓ src/api/client.test.ts (1 test) 19ms
 ✓ src/utils/discardedEvents.test.ts (7 tests) 19ms
 ✓ src/utils/actionError.test.ts (5 tests) 7ms
 ✓ src/api/actions.test.ts (3 tests) 24ms
 ✓ src/config/viteProxy.test.ts (1 test) 5ms
 ✓ src/utils/watchPathStatus.test.ts (6 tests) 7ms
 ✓ src/components/layout/ProtectedRoute.test.tsx (1 test) 49ms
 ✓ src/utils/actionFailed.test.ts (2 tests) 4ms
 ✓ src/utils/ackStatus.test.ts (3 tests) 4ms
 ✓ src/components/ui/DiffViewer.test.ts (2 tests) 136ms
 ✓ src/components/ui/RuleForm.test.tsx (2 tests) 205ms

 Test Files  30 passed (30)
      Tests  131 passed (131)
   Start at  16:53:45
   Duration  9.21s (transform 2.04s, setup 11.28s, collect 7.50s, tests 10.55s, environment 46.77s, prepare 4.64s)

