========================================================================
generador_carga.py — arranque 2026-09-18T03:55:29.252500+00:00
========================================================================
  generador                    = scripts/generador_carga.py
  seed                         = 20260917
  rate_eventos_por_segundo     = 0.2778
  count                        = 500
  mix                          = {'creacion': 0.2, 'modificacion': 0.7, 'borrado': 0.1}
  revert_frac                  = 0.2
  burst_frac                   = 0.2
  burst_size                   = 5
  ephemeral_frac               = 0.2
  critical_subdir              = critico
  critical_frac                = 0.2
  file_size_bytes              = 64
  prefix                       = gen
  dir_host                     = /srv/fim-watch
  agent_prefix                 = /srv/fim-watch
  intervalo_s                  = 3.599712023038157
  duracion_estimada_s          = 1796.2562994960404
  manifiesto                   = /srv/evidencia/bateria3_manifiesto.json
  log                          = /srv/evidencia/bateria3_generador.log
  dry_run                      = False
  python                       = 3.13.15
  host                         = fim-host
  plan.creaciones              = 100
  plan.modificaciones          = 350
  plan.borrados                = 50
  plan.grupos_efimeros         = 10
  plan.pares_revertidos        = 35
  plan.rafagas                 = 14
  plan.tamano_rafaga           = 5
  plan.operaciones_planificadas = 500
  plan.archivos_distintos      = 100
========================================================================
inicio_utc = 2026-09-18T03:55:29.253976+00:00
 [00001/500] create simple     /srv/fim-watch/critico/gen_00001.txt ts=2026-09-18T03:55:29.254151+00:00
 [00002/500] delete simple     /srv/fim-watch/critico/gen_00001.txt ts=2026-09-18T03:55:32.854490+00:00
 [00003/500] create simple     /srv/fim-watch/gen_00002.txt ts=2026-09-18T03:55:36.454029+00:00
 [00004/500] modify simple     /srv/fim-watch/gen_00002.txt ts=2026-09-18T03:55:40.053781+00:00
 [00005/500] modify revertido  /srv/fim-watch/gen_00002.txt ts=2026-09-18T03:55:43.653650+00:00
 [00006/500] modify revertido  /srv/fim-watch/gen_00002.txt ts=2026-09-18T03:55:47.253297+00:00
 [00007/500] modify simple     /srv/fim-watch/gen_00002.txt ts=2026-09-18T03:55:50.852967+00:00
 [00008/500] create simple     /srv/fim-watch/gen_00003.txt ts=2026-09-18T03:55:54.452462+00:00
 [00009/500] modify simple     /srv/fim-watch/gen_00002.txt ts=2026-09-18T03:55:58.052377+00:00
 [00010/500] modify simple     /srv/fim-watch/gen_00003.txt ts=2026-09-18T03:56:01.652066+00:00
 [00011/500] modify simple     /srv/fim-watch/gen_00002.txt ts=2026-09-18T03:56:05.251778+00:00
 [00012/500] modify simple     /srv/fim-watch/gen_00003.txt ts=2026-09-18T03:56:08.851484+00:00
 [00013/500] modify simple     /srv/fim-watch/gen_00003.txt ts=2026-09-18T03:56:12.451257+00:00
 [00014/500] modify colapsado  /srv/fim-watch/gen_00002.txt ts=2026-09-18T03:56:16.050759+00:00
 [00015/500] modify colapsado  /srv/fim-watch/gen_00002.txt ts=2026-09-18T03:56:19.650517+00:00
 [00016/500] modify colapsado  /srv/fim-watch/gen_00002.txt ts=2026-09-18T03:56:23.250364+00:00
 [00017/500] modify colapsado  /srv/fim-watch/gen_00002.txt ts=2026-09-18T03:56:26.849805+00:00
 [00018/500] modify colapsado  /srv/fim-watch/gen_00002.txt ts=2026-09-18T03:56:30.449537+00:00
 [00019/500] modify simple     /srv/fim-watch/gen_00003.txt ts=2026-09-18T03:56:34.049355+00:00
 [00020/500] modify revertido  /srv/fim-watch/gen_00003.txt ts=2026-09-18T03:56:37.649261+00:00
 [00021/500] modify revertido  /srv/fim-watch/gen_00003.txt ts=2026-09-18T03:56:41.248783+00:00
 [00022/500] modify simple     /srv/fim-watch/gen_00002.txt ts=2026-09-18T03:56:44.848620+00:00
 [00023/500] create simple     /srv/fim-watch/gen_00004.txt ts=2026-09-18T03:56:48.448132+00:00
 [00024/500] create simple     /srv/fim-watch/gen_00005.txt ts=2026-09-18T03:56:52.047947+00:00
 [00025/500] modify simple     /srv/fim-watch/gen_00003.txt ts=2026-09-18T03:56:55.647907+00:00
 [00026/500] delete simple     /srv/fim-watch/gen_00002.txt ts=2026-09-18T03:56:59.247287+00:00
 [00027/500] create simple     /srv/fim-watch/gen_00006.txt ts=2026-09-18T03:57:02.846994+00:00
 [00028/500] modify simple     /srv/fim-watch/gen_00003.txt ts=2026-09-18T03:57:06.446751+00:00
 [00029/500] create simple     /srv/fim-watch/gen_00007.txt ts=2026-09-18T03:57:10.046292+00:00
 [00030/500] modify simple     /srv/fim-watch/gen_00003.txt ts=2026-09-18T03:57:13.646158+00:00
 [00031/500] modify simple     /srv/fim-watch/gen_00003.txt ts=2026-09-18T03:57:17.246016+00:00
 [00032/500] delete simple     /srv/fim-watch/gen_00006.txt ts=2026-09-18T03:57:20.845703+00:00
 [00033/500] create simple     /srv/fim-watch/gen_00008.txt ts=2026-09-18T03:57:24.445244+00:00
 [00034/500] create simple     /srv/fim-watch/critico/gen_00009.txt ts=2026-09-18T03:57:28.044940+00:00
 [00035/500] modify simple     /srv/fim-watch/gen_00007.txt ts=2026-09-18T03:57:31.644971+00:00
 [00036/500] modify simple     /srv/fim-watch/critico/gen_00009.txt ts=2026-09-18T03:57:35.244719+00:00
 [00037/500] modify simple     /srv/fim-watch/gen_00003.txt ts=2026-09-18T03:57:38.844311+00:00
 [00038/500] modify simple     /srv/fim-watch/gen_00007.txt ts=2026-09-18T03:57:42.444026+00:00
 [00039/500] modify revertido  /srv/fim-watch/gen_00007.txt ts=2026-09-18T03:57:46.043708+00:00
 [00040/500] modify revertido  /srv/fim-watch/gen_00007.txt ts=2026-09-18T03:57:49.643140+00:00
 [00041/500] create simple     /srv/fim-watch/critico/gen_00010.txt ts=2026-09-18T03:57:53.243237+00:00
 [00042/500] modify simple     /srv/fim-watch/gen_00004.txt ts=2026-09-18T03:57:56.842763+00:00
 [00043/500] modify simple     /srv/fim-watch/gen_00008.txt ts=2026-09-18T03:58:00.442554+00:00
 [00044/500] modify simple     /srv/fim-watch/critico/gen_00009.txt ts=2026-09-18T03:58:04.042339+00:00
 [00045/500] modify simple     /srv/fim-watch/critico/gen_00009.txt ts=2026-09-18T03:58:07.641893+00:00
 [00046/500] modify simple     /srv/fim-watch/gen_00007.txt ts=2026-09-18T03:58:11.241768+00:00
 [00047/500] modify simple     /srv/fim-watch/critico/gen_00010.txt ts=2026-09-18T03:58:14.841491+00:00
 [00048/500] modify simple     /srv/fim-watch/critico/gen_00009.txt ts=2026-09-18T03:58:18.441169+00:00
 [00049/500] create simple     /srv/fim-watch/critico/gen_00011.txt ts=2026-09-18T03:58:22.040610+00:00
 [00050/500] create simple     /srv/fim-watch/gen_00012.txt ts=2026-09-18T03:58:25.640346+00:00
 [00051/500] modify simple     /srv/fim-watch/gen_00008.txt ts=2026-09-18T03:58:29.240332+00:00
 [00052/500] delete simple     /srv/fim-watch/gen_00004.txt ts=2026-09-18T03:58:32.839901+00:00
 [00053/500] create simple     /srv/fim-watch/gen_00013.txt ts=2026-09-18T03:58:36.439413+00:00
 [00054/500] modify simple     /srv/fim-watch/gen_00005.txt ts=2026-09-18T03:58:40.039250+00:00
 [00055/500] modify simple     /srv/fim-watch/gen_00003.txt ts=2026-09-18T03:58:43.639291+00:00
 [00056/500] modify simple     /srv/fim-watch/gen_00012.txt ts=2026-09-18T03:58:47.238688+00:00
 [00057/500] modify colapsado  /srv/fim-watch/gen_00012.txt ts=2026-09-18T03:58:50.838394+00:00
 [00058/500] modify colapsado  /srv/fim-watch/gen_00012.txt ts=2026-09-18T03:58:54.438394+00:00
 [00059/500] modify colapsado  /srv/fim-watch/gen_00012.txt ts=2026-09-18T03:58:58.037979+00:00
 [00060/500] modify colapsado  /srv/fim-watch/gen_00012.txt ts=2026-09-18T03:59:01.637758+00:00
 [00061/500] modify colapsado  /srv/fim-watch/gen_00012.txt ts=2026-09-18T03:59:05.237415+00:00
 [00062/500] create simple     /srv/fim-watch/gen_00014.txt ts=2026-09-18T03:59:08.836965+00:00
 [00063/500] modify revertido  /srv/fim-watch/critico/gen_00011.txt ts=2026-09-18T03:59:12.436609+00:00
 [00064/500] modify revertido  /srv/fim-watch/critico/gen_00011.txt ts=2026-09-18T03:59:16.036551+00:00
 [00065/500] modify simple     /srv/fim-watch/gen_00014.txt ts=2026-09-18T03:59:19.636269+00:00
 [00066/500] create simple     /srv/fim-watch/gen_00015.txt ts=2026-09-18T03:59:23.235775+00:00
 [00067/500] modify simple     /srv/fim-watch/gen_00015.txt ts=2026-09-18T03:59:26.835666+00:00
 [00068/500] modify simple     /srv/fim-watch/critico/gen_00009.txt ts=2026-09-18T03:59:30.435319+00:00
 [00069/500] modify simple     /srv/fim-watch/gen_00005.txt ts=2026-09-18T03:59:34.035343+00:00
 [00070/500] modify revertido  /srv/fim-watch/gen_00014.txt ts=2026-09-18T03:59:37.634665+00:00
 [00071/500] modify revertido  /srv/fim-watch/gen_00014.txt ts=2026-09-18T03:59:41.234440+00:00
 [00072/500] modify revertido  /srv/fim-watch/gen_00005.txt ts=2026-09-18T03:59:44.834074+00:00
 [00073/500] modify revertido  /srv/fim-watch/gen_00005.txt ts=2026-09-18T03:59:48.433923+00:00
 [00074/500] create simple     /srv/fim-watch/gen_00016.txt ts=2026-09-18T03:59:52.033523+00:00
 [00075/500] modify colapsado  /srv/fim-watch/critico/gen_00011.txt ts=2026-09-18T03:59:55.633540+00:00
 [00076/500] modify colapsado  /srv/fim-watch/critico/gen_00011.txt ts=2026-09-18T03:59:59.233090+00:00
 [00077/500] modify colapsado  /srv/fim-watch/critico/gen_00011.txt ts=2026-09-18T04:00:02.832657+00:00
 [00078/500] modify colapsado  /srv/fim-watch/critico/gen_00011.txt ts=2026-09-18T04:00:06.432483+00:00
 [00079/500] modify colapsado  /srv/fim-watch/critico/gen_00011.txt ts=2026-09-18T04:00:10.032057+00:00
 [00080/500] create simple     /srv/fim-watch/gen_00017.txt ts=2026-09-18T04:00:13.631716+00:00
 [00081/500] modify simple     /srv/fim-watch/gen_00003.txt ts=2026-09-18T04:00:17.231804+00:00
 [00082/500] modify simple     /srv/fim-watch/gen_00003.txt ts=2026-09-18T04:00:20.831314+00:00
 [00083/500] modify simple     /srv/fim-watch/critico/gen_00010.txt ts=2026-09-18T04:00:24.430794+00:00
 [00084/500] delete simple     /srv/fim-watch/gen_00008.txt ts=2026-09-18T04:00:28.030637+00:00
 [00085/500] modify simple     /srv/fim-watch/critico/gen_00010.txt ts=2026-09-18T04:00:31.630558+00:00
 [00086/500] modify simple     /srv/fim-watch/gen_00013.txt ts=2026-09-18T04:00:35.230335+00:00
 [00087/500] delete simple     /srv/fim-watch/gen_00012.txt ts=2026-09-18T04:00:38.829651+00:00
 [00088/500] delete simple     /srv/fim-watch/gen_00016.txt ts=2026-09-18T04:00:42.429538+00:00
 [00089/500] modify simple     /srv/fim-watch/gen_00015.txt ts=2026-09-18T04:00:46.029397+00:00
 [00090/500] create efimero    /srv/fim-watch/critico/gen_00018.txt ts=2026-09-18T04:00:49.629051+00:00
 [00091/500] delete efimero    /srv/fim-watch/critico/gen_00018.txt ts=2026-09-18T04:00:53.228505+00:00
 [00092/500] modify simple     /srv/fim-watch/critico/gen_00010.txt ts=2026-09-18T04:00:56.828284+00:00
 [00093/500] delete simple     /srv/fim-watch/gen_00003.txt ts=2026-09-18T04:01:00.427952+00:00
 [00094/500] create simple     /srv/fim-watch/gen_00019.txt ts=2026-09-18T04:01:04.027644+00:00
 [00095/500] modify simple     /srv/fim-watch/critico/gen_00011.txt ts=2026-09-18T04:01:07.627486+00:00
 [00096/500] create simple     /srv/fim-watch/gen_00020.txt ts=2026-09-18T04:01:11.227347+00:00
 [00097/500] modify simple     /srv/fim-watch/gen_00017.txt ts=2026-09-18T04:01:14.826724+00:00
 [00098/500] modify simple     /srv/fim-watch/gen_00015.txt ts=2026-09-18T04:01:18.426729+00:00
 [00099/500] create simple     /srv/fim-watch/critico/gen_00021.txt ts=2026-09-18T04:01:22.026328+00:00
 [00100/500] create simple     /srv/fim-watch/critico/gen_00022.txt ts=2026-09-18T04:01:25.625817+00:00
 [00101/500] modify simple     /srv/fim-watch/critico/gen_00011.txt ts=2026-09-18T04:01:29.226079+00:00
 [00102/500] modify simple     /srv/fim-watch/gen_00005.txt ts=2026-09-18T04:01:32.825421+00:00
 [00103/500] create simple     /srv/fim-watch/gen_00023.txt ts=2026-09-18T04:01:36.425186+00:00
 [00104/500] modify simple     /srv/fim-watch/gen_00014.txt ts=2026-09-18T04:01:40.025059+00:00
 [00105/500] delete simple     /srv/fim-watch/gen_00015.txt ts=2026-09-18T04:01:43.624584+00:00
 [00106/500] modify simple     /srv/fim-watch/gen_00019.txt ts=2026-09-18T04:01:47.224617+00:00
 [00107/500] modify simple     /srv/fim-watch/gen_00007.txt ts=2026-09-18T04:01:50.824287+00:00
 [00108/500] modify colapsado  /srv/fim-watch/gen_00023.txt ts=2026-09-18T04:01:54.423803+00:00
 [00109/500] modify colapsado  /srv/fim-watch/gen_00023.txt ts=2026-09-18T04:01:58.023546+00:00
 [00110/500] modify colapsado  /srv/fim-watch/gen_00023.txt ts=2026-09-18T04:02:01.623444+00:00
 [00111/500] modify colapsado  /srv/fim-watch/gen_00023.txt ts=2026-09-18T04:02:05.223114+00:00
 [00112/500] modify colapsado  /srv/fim-watch/gen_00023.txt ts=2026-09-18T04:02:08.822580+00:00
 [00113/500] modify simple     /srv/fim-watch/gen_00013.txt ts=2026-09-18T04:02:12.422286+00:00
 [00114/500] modify simple     /srv/fim-watch/gen_00005.txt ts=2026-09-18T04:02:16.022177+00:00
 [00115/500] modify simple     /srv/fim-watch/critico/gen_00022.txt ts=2026-09-18T04:02:19.621776+00:00
 [00116/500] modify simple     /srv/fim-watch/gen_00023.txt ts=2026-09-18T04:02:23.221641+00:00
 [00117/500] create simple     /srv/fim-watch/critico/gen_00024.txt ts=2026-09-18T04:02:26.821289+00:00
 [00118/500] modify simple     /srv/fim-watch/critico/gen_00024.txt ts=2026-09-18T04:02:30.421177+00:00
 [00119/500] delete simple     /srv/fim-watch/critico/gen_00010.txt ts=2026-09-18T04:02:34.020561+00:00
 [00120/500] create simple     /srv/fim-watch/gen_00025.txt ts=2026-09-18T04:02:37.620425+00:00
 [00121/500] modify simple     /srv/fim-watch/critico/gen_00021.txt ts=2026-09-18T04:02:41.220132+00:00
 [00122/500] delete simple     /srv/fim-watch/critico/gen_00021.txt ts=2026-09-18T04:02:44.819662+00:00
 [00123/500] modify simple     /srv/fim-watch/gen_00017.txt ts=2026-09-18T04:02:48.419487+00:00
 [00124/500] modify revertido  /srv/fim-watch/gen_00017.txt ts=2026-09-18T04:02:52.019294+00:00
 [00125/500] modify revertido  /srv/fim-watch/gen_00017.txt ts=2026-09-18T04:02:55.619077+00:00
 [00126/500] modify simple     /srv/fim-watch/critico/gen_00024.txt ts=2026-09-18T04:02:59.218922+00:00
 [00127/500] delete simple     /srv/fim-watch/gen_00007.txt ts=2026-09-18T04:03:02.818438+00:00
 [00128/500] modify simple     /srv/fim-watch/gen_00017.txt ts=2026-09-18T04:03:06.418149+00:00
 [00129/500] modify simple     /srv/fim-watch/gen_00014.txt ts=2026-09-18T04:03:10.018206+00:00
 [00130/500] create simple     /srv/fim-watch/gen_00026.txt ts=2026-09-18T04:03:13.617611+00:00
 [00131/500] delete simple     /srv/fim-watch/gen_00005.txt ts=2026-09-18T04:03:17.217324+00:00
 [00132/500] modify simple     /srv/fim-watch/gen_00023.txt ts=2026-09-18T04:03:20.817229+00:00
 [00133/500] delete simple     /srv/fim-watch/critico/gen_00022.txt ts=2026-09-18T04:03:24.416543+00:00
 [00134/500] modify simple     /srv/fim-watch/gen_00026.txt ts=2026-09-18T04:03:28.016395+00:00
 [00135/500] modify simple     /srv/fim-watch/critico/gen_00009.txt ts=2026-09-18T04:03:31.616295+00:00
 [00136/500] modify simple     /srv/fim-watch/gen_00020.txt ts=2026-09-18T04:03:35.215705+00:00
 [00137/500] modify simple     /srv/fim-watch/gen_00025.txt ts=2026-09-18T04:03:38.815547+00:00
 [00138/500] modify revertido  /srv/fim-watch/gen_00019.txt ts=2026-09-18T04:03:42.415310+00:00
 [00139/500] modify revertido  /srv/fim-watch/gen_00019.txt ts=2026-09-18T04:03:46.015274+00:00
 [00140/500] modify simple     /srv/fim-watch/gen_00014.txt ts=2026-09-18T04:03:49.614679+00:00
 [00141/500] modify revertido  /srv/fim-watch/gen_00014.txt ts=2026-09-18T04:03:53.214561+00:00
 [00142/500] modify revertido  /srv/fim-watch/gen_00014.txt ts=2026-09-18T04:03:56.814102+00:00
 [00143/500] create simple     /srv/fim-watch/critico/gen_00027.txt ts=2026-09-18T04:04:00.413722+00:00
 [00144/500] modify simple     /srv/fim-watch/gen_00025.txt ts=2026-09-18T04:04:04.013483+00:00
 [00145/500] modify simple     /srv/fim-watch/critico/gen_00024.txt ts=2026-09-18T04:04:07.613303+00:00
 [00146/500] modify simple     /srv/fim-watch/critico/gen_00024.txt ts=2026-09-18T04:04:11.213038+00:00
 [00147/500] delete simple     /srv/fim-watch/gen_00019.txt ts=2026-09-18T04:04:14.812531+00:00
 [00148/500] modify simple     /srv/fim-watch/gen_00014.txt ts=2026-09-18T04:04:18.412412+00:00
 [00149/500] create simple     /srv/fim-watch/gen_00028.txt ts=2026-09-18T04:04:22.011667+00:00
 [00150/500] create simple     /srv/fim-watch/critico/gen_00029.txt ts=2026-09-18T04:04:25.611671+00:00
 [00151/500] modify simple     /srv/fim-watch/critico/gen_00011.txt ts=2026-09-18T04:04:29.211545+00:00
 [00152/500] modify simple     /srv/fim-watch/gen_00013.txt ts=2026-09-18T04:04:32.811282+00:00
 [00153/500] modify simple     /srv/fim-watch/critico/gen_00024.txt ts=2026-09-18T04:04:36.410963+00:00
 [00154/500] create simple     /srv/fim-watch/gen_00030.txt ts=2026-09-18T04:04:40.010415+00:00
 [00155/500] modify simple     /srv/fim-watch/gen_00020.txt ts=2026-09-18T04:04:43.610420+00:00
 [00156/500] modify simple     /srv/fim-watch/critico/gen_00029.txt ts=2026-09-18T04:04:47.210022+00:00
 [00157/500] modify simple     /srv/fim-watch/critico/gen_00011.txt ts=2026-09-18T04:04:50.809528+00:00
 [00158/500] create simple     /srv/fim-watch/gen_00031.txt ts=2026-09-18T04:04:54.409115+00:00
 [00159/500] create simple     /srv/fim-watch/gen_00032.txt ts=2026-09-18T04:04:58.009126+00:00
 [00160/500] modify simple     /srv/fim-watch/gen_00026.txt ts=2026-09-18T04:05:01.608663+00:00
 [00161/500] create efimero    /srv/fim-watch/critico/gen_00033.txt ts=2026-09-18T04:05:05.208443+00:00
 [00162/500] delete efimero    /srv/fim-watch/critico/gen_00033.txt ts=2026-09-18T04:05:08.808140+00:00
 [00163/500] create simple     /srv/fim-watch/gen_00034.txt ts=2026-09-18T04:05:12.407686+00:00
 [00164/500] delete simple     /srv/fim-watch/gen_00028.txt ts=2026-09-18T04:05:16.007437+00:00
 [00165/500] create simple     /srv/fim-watch/critico/gen_00035.txt ts=2026-09-18T04:05:19.607407+00:00
 [00166/500] create simple     /srv/fim-watch/gen_00036.txt ts=2026-09-18T04:05:23.207029+00:00
 [00167/500] create simple     /srv/fim-watch/gen_00037.txt ts=2026-09-18T04:05:26.806995+00:00
 [00168/500] modify simple     /srv/fim-watch/gen_00025.txt ts=2026-09-18T04:05:30.406432+00:00
 [00169/500] modify revertido  /srv/fim-watch/critico/gen_00009.txt ts=2026-09-18T04:05:34.006238+00:00
 [00170/500] modify revertido  /srv/fim-watch/critico/gen_00009.txt ts=2026-09-18T04:05:37.606300+00:00
 [00171/500] delete simple     /srv/fim-watch/critico/gen_00035.txt ts=2026-09-18T04:05:41.205649+00:00
 [00172/500] modify simple     /srv/fim-watch/gen_00026.txt ts=2026-09-18T04:05:44.805536+00:00
 [00173/500] modify simple     /srv/fim-watch/gen_00036.txt ts=2026-09-18T04:05:48.405103+00:00
 [00174/500] modify simple     /srv/fim-watch/gen_00017.txt ts=2026-09-18T04:05:52.004704+00:00
 [00175/500] delete simple     /srv/fim-watch/gen_00023.txt ts=2026-09-18T04:05:55.604315+00:00
 [00176/500] modify simple     /srv/fim-watch/gen_00014.txt ts=2026-09-18T04:05:59.204348+00:00
 [00177/500] modify simple     /srv/fim-watch/critico/gen_00029.txt ts=2026-09-18T04:06:02.803821+00:00
 [00178/500] modify simple     /srv/fim-watch/gen_00032.txt ts=2026-09-18T04:06:06.403651+00:00
 [00179/500] modify simple     /srv/fim-watch/gen_00025.txt ts=2026-09-18T04:06:10.003299+00:00
 [00180/500] delete simple     /srv/fim-watch/gen_00017.txt ts=2026-09-18T04:06:13.602950+00:00
 [00181/500] delete simple     /srv/fim-watch/gen_00030.txt ts=2026-09-18T04:06:17.202578+00:00
 [00182/500] modify simple     /srv/fim-watch/gen_00034.txt ts=2026-09-18T04:06:20.802691+00:00
 [00183/500] delete simple     /srv/fim-watch/gen_00037.txt ts=2026-09-18T04:06:24.402038+00:00
 [00184/500] create simple     /srv/fim-watch/gen_00038.txt ts=2026-09-18T04:06:28.001688+00:00
 [00185/500] modify simple     /srv/fim-watch/gen_00025.txt ts=2026-09-18T04:06:31.601780+00:00
 [00186/500] modify simple     /srv/fim-watch/critico/gen_00011.txt ts=2026-09-18T04:06:35.201449+00:00
 [00187/500] modify simple     /srv/fim-watch/gen_00036.txt ts=2026-09-18T04:06:38.801014+00:00
 [00188/500] modify simple     /srv/fim-watch/critico/gen_00027.txt ts=2026-09-18T04:06:42.400727+00:00
 [00189/500] modify simple     /srv/fim-watch/gen_00031.txt ts=2026-09-18T04:06:46.000641+00:00
 [00190/500] modify revertido  /srv/fim-watch/gen_00034.txt ts=2026-09-18T04:06:49.600303+00:00
 [00191/500] modify revertido  /srv/fim-watch/gen_00034.txt ts=2026-09-18T04:06:53.200037+00:00
 [00192/500] create simple     /srv/fim-watch/critico/gen_00039.txt ts=2026-09-18T04:06:56.799697+00:00
 [00193/500] create simple     /srv/fim-watch/gen_00040.txt ts=2026-09-18T04:07:00.399379+00:00
 [00194/500] create simple     /srv/fim-watch/gen_00041.txt ts=2026-09-18T04:07:03.999160+00:00
 [00195/500] delete simple     /srv/fim-watch/critico/gen_00011.txt ts=2026-09-18T04:07:07.598672+00:00
 [00196/500] modify simple     /srv/fim-watch/gen_00034.txt ts=2026-09-18T04:07:11.198540+00:00
 [00197/500] modify simple     /srv/fim-watch/critico/gen_00029.txt ts=2026-09-18T04:07:14.798263+00:00
 [00198/500] create simple     /srv/fim-watch/critico/gen_00042.txt ts=2026-09-18T04:07:18.398033+00:00
 [00199/500] modify revertido  /srv/fim-watch/critico/gen_00027.txt ts=2026-09-18T04:07:21.997666+00:00
 [00200/500] modify revertido  /srv/fim-watch/critico/gen_00027.txt ts=2026-09-18T04:07:25.597101+00:00
 [00201/500] modify simple     /srv/fim-watch/gen_00034.txt ts=2026-09-18T04:07:29.196782+00:00
 [00202/500] delete simple     /srv/fim-watch/gen_00031.txt ts=2026-09-18T04:07:32.796660+00:00
 [00203/500] modify colapsado  /srv/fim-watch/gen_00034.txt ts=2026-09-18T04:07:36.396221+00:00
 [00204/500] modify colapsado  /srv/fim-watch/gen_00034.txt ts=2026-09-18T04:07:39.996131+00:00
 [00205/500] modify colapsado  /srv/fim-watch/gen_00034.txt ts=2026-09-18T04:07:43.595844+00:00
 [00206/500] modify colapsado  /srv/fim-watch/gen_00034.txt ts=2026-09-18T04:07:47.195342+00:00
 [00207/500] modify colapsado  /srv/fim-watch/gen_00034.txt ts=2026-09-18T04:07:50.795592+00:00
 [00208/500] modify simple     /srv/fim-watch/gen_00032.txt ts=2026-09-18T04:07:54.394791+00:00
 [00209/500] delete simple     /srv/fim-watch/gen_00038.txt ts=2026-09-18T04:07:57.994414+00:00
 [00210/500] modify revertido  /srv/fim-watch/gen_00034.txt ts=2026-09-18T04:08:01.594327+00:00
 [00211/500] modify revertido  /srv/fim-watch/gen_00034.txt ts=2026-09-18T04:08:05.194103+00:00
 [00212/500] modify simple     /srv/fim-watch/critico/gen_00027.txt ts=2026-09-18T04:08:08.793962+00:00
 [00213/500] modify colapsado  /srv/fim-watch/critico/gen_00027.txt ts=2026-09-18T04:08:12.393464+00:00
 [00214/500] modify colapsado  /srv/fim-watch/critico/gen_00027.txt ts=2026-09-18T04:08:15.993360+00:00
 [00215/500] modify colapsado  /srv/fim-watch/critico/gen_00027.txt ts=2026-09-18T04:08:19.593122+00:00
 [00216/500] modify colapsado  /srv/fim-watch/critico/gen_00027.txt ts=2026-09-18T04:08:23.192634+00:00
 [00217/500] modify colapsado  /srv/fim-watch/critico/gen_00027.txt ts=2026-09-18T04:08:26.792640+00:00
 [00218/500] modify simple     /srv/fim-watch/gen_00014.txt ts=2026-09-18T04:08:30.392107+00:00
 [00219/500] modify simple     /srv/fim-watch/critico/gen_00029.txt ts=2026-09-18T04:08:33.992086+00:00
 [00220/500] modify simple     /srv/fim-watch/gen_00025.txt ts=2026-09-18T04:08:37.591464+00:00
 [00221/500] modify simple     /srv/fim-watch/critico/gen_00027.txt ts=2026-09-18T04:08:41.191610+00:00
 [00222/500] modify revertido  /srv/fim-watch/critico/gen_00024.txt ts=2026-09-18T04:08:44.791041+00:00
 [00223/500] modify revertido  /srv/fim-watch/critico/gen_00024.txt ts=2026-09-18T04:08:48.390787+00:00
 [00224/500] modify simple     /srv/fim-watch/gen_00034.txt ts=2026-09-18T04:08:51.990621+00:00
 [00225/500] modify simple     /srv/fim-watch/gen_00026.txt ts=2026-09-18T04:08:55.590313+00:00
 [00226/500] modify simple     /srv/fim-watch/gen_00013.txt ts=2026-09-18T04:08:59.189750+00:00
 [00227/500] create simple     /srv/fim-watch/gen_00043.txt ts=2026-09-18T04:09:02.789345+00:00
 [00228/500] modify revertido  /srv/fim-watch/critico/gen_00029.txt ts=2026-09-18T04:09:06.389462+00:00
 [00229/500] modify revertido  /srv/fim-watch/critico/gen_00029.txt ts=2026-09-18T04:09:09.989406+00:00
 [00230/500] modify simple     /srv/fim-watch/gen_00013.txt ts=2026-09-18T04:09:13.588729+00:00
 [00231/500] modify simple     /srv/fim-watch/gen_00041.txt ts=2026-09-18T04:09:17.188209+00:00
 [00232/500] modify simple     /srv/fim-watch/critico/gen_00009.txt ts=2026-09-18T04:09:20.788277+00:00
 [00233/500] modify simple     /srv/fim-watch/gen_00013.txt ts=2026-09-18T04:09:24.387807+00:00
 [00234/500] modify simple     /srv/fim-watch/critico/gen_00024.txt ts=2026-09-18T04:09:27.987544+00:00
 [00235/500] modify simple     /srv/fim-watch/gen_00020.txt ts=2026-09-18T04:09:31.587369+00:00
 [00236/500] modify simple     /srv/fim-watch/gen_00043.txt ts=2026-09-18T04:09:35.187103+00:00
 [00237/500] modify simple     /srv/fim-watch/gen_00020.txt ts=2026-09-18T04:09:38.786574+00:00
 [00238/500] delete simple     /srv/fim-watch/gen_00043.txt ts=2026-09-18T04:09:42.386060+00:00
 [00239/500] delete simple     /srv/fim-watch/gen_00026.txt ts=2026-09-18T04:09:45.986135+00:00
 [00240/500] modify simple     /srv/fim-watch/critico/gen_00029.txt ts=2026-09-18T04:09:49.585739+00:00
 [00241/500] modify simple     /srv/fim-watch/gen_00032.txt ts=2026-09-18T04:09:53.185553+00:00
 [00242/500] create simple     /srv/fim-watch/gen_00044.txt ts=2026-09-18T04:09:56.785162+00:00
 [00243/500] modify simple     /srv/fim-watch/gen_00040.txt ts=2026-09-18T04:10:00.385038+00:00
 [00244/500] modify simple     /srv/fim-watch/gen_00041.txt ts=2026-09-18T04:10:03.984580+00:00
 [00245/500] modify colapsado  /srv/fim-watch/gen_00013.txt ts=2026-09-18T04:10:07.584437+00:00
 [00246/500] modify colapsado  /srv/fim-watch/gen_00013.txt ts=2026-09-18T04:10:11.184206+00:00
 [00247/500] modify colapsado  /srv/fim-watch/gen_00013.txt ts=2026-09-18T04:10:14.783656+00:00
 [00248/500] modify colapsado  /srv/fim-watch/gen_00013.txt ts=2026-09-18T04:10:18.383333+00:00
 [00249/500] modify colapsado  /srv/fim-watch/gen_00013.txt ts=2026-09-18T04:10:21.983264+00:00
 [00250/500] modify simple     /srv/fim-watch/gen_00013.txt ts=2026-09-18T04:10:25.582891+00:00
 [00251/500] modify colapsado  /srv/fim-watch/gen_00025.txt ts=2026-09-18T04:10:29.182593+00:00
 [00252/500] modify colapsado  /srv/fim-watch/gen_00025.txt ts=2026-09-18T04:10:32.782359+00:00
 [00253/500] modify colapsado  /srv/fim-watch/gen_00025.txt ts=2026-09-18T04:10:36.382004+00:00
 [00254/500] modify colapsado  /srv/fim-watch/gen_00025.txt ts=2026-09-18T04:10:39.981637+00:00
 [00255/500] modify colapsado  /srv/fim-watch/gen_00025.txt ts=2026-09-18T04:10:43.581495+00:00
 [00256/500] modify simple     /srv/fim-watch/gen_00040.txt ts=2026-09-18T04:10:47.181143+00:00
 [00257/500] modify simple     /srv/fim-watch/critico/gen_00027.txt ts=2026-09-18T04:10:50.781054+00:00
 [00258/500] modify simple     /srv/fim-watch/gen_00034.txt ts=2026-09-18T04:10:54.380558+00:00
 [00259/500] modify simple     /srv/fim-watch/gen_00025.txt ts=2026-09-18T04:10:57.980551+00:00
 [00260/500] modify revertido  /srv/fim-watch/gen_00040.txt ts=2026-09-18T04:11:01.580190+00:00
 [00261/500] modify revertido  /srv/fim-watch/gen_00040.txt ts=2026-09-18T04:11:05.179739+00:00
 [00262/500] modify simple     /srv/fim-watch/gen_00044.txt ts=2026-09-18T04:11:08.779606+00:00
 [00263/500] create simple     /srv/fim-watch/gen_00045.txt ts=2026-09-18T04:11:12.379189+00:00
 [00264/500] create simple     /srv/fim-watch/gen_00046.txt ts=2026-09-18T04:11:15.978665+00:00
 [00265/500] create efimero    /srv/fim-watch/critico/gen_00047.txt ts=2026-09-18T04:11:19.578285+00:00
 [00266/500] delete efimero    /srv/fim-watch/critico/gen_00047.txt ts=2026-09-18T04:11:23.178297+00:00
 [00267/500] modify simple     /srv/fim-watch/critico/gen_00024.txt ts=2026-09-18T04:11:26.777938+00:00
 [00268/500] create efimero    /srv/fim-watch/critico/gen_00048.txt ts=2026-09-18T04:11:30.377552+00:00
 [00269/500] delete efimero    /srv/fim-watch/critico/gen_00048.txt ts=2026-09-18T04:11:33.977268+00:00
 [00270/500] modify simple     /srv/fim-watch/critico/gen_00039.txt ts=2026-09-18T04:11:37.577274+00:00
 [00271/500] delete simple     /srv/fim-watch/gen_00032.txt ts=2026-09-18T04:11:41.176828+00:00
 [00272/500] delete simple     /srv/fim-watch/gen_00046.txt ts=2026-09-18T04:11:44.776522+00:00
 [00273/500] modify revertido  /srv/fim-watch/gen_00025.txt ts=2026-09-18T04:11:48.376370+00:00
 [00274/500] modify revertido  /srv/fim-watch/gen_00025.txt ts=2026-09-18T04:11:51.976090+00:00
 [00275/500] create simple     /srv/fim-watch/gen_00049.txt ts=2026-09-18T04:11:55.575649+00:00
 [00276/500] modify simple     /srv/fim-watch/gen_00034.txt ts=2026-09-18T04:11:59.175514+00:00
 [00277/500] modify revertido  /srv/fim-watch/critico/gen_00039.txt ts=2026-09-18T04:12:02.775271+00:00
 [00278/500] modify revertido  /srv/fim-watch/critico/gen_00039.txt ts=2026-09-18T04:12:06.374943+00:00
 [00279/500] delete simple     /srv/fim-watch/gen_00036.txt ts=2026-09-18T04:12:09.974430+00:00
 [00280/500] create efimero    /srv/fim-watch/gen_00050.txt ts=2026-09-18T04:12:13.574213+00:00
 [00281/500] delete efimero    /srv/fim-watch/gen_00050.txt ts=2026-09-18T04:12:17.173915+00:00
 [00282/500] delete simple     /srv/fim-watch/critico/gen_00009.txt ts=2026-09-18T04:12:20.773606+00:00
 [00283/500] create simple     /srv/fim-watch/gen_00051.txt ts=2026-09-18T04:12:24.373243+00:00
 [00284/500] create simple     /srv/fim-watch/gen_00052.txt ts=2026-09-18T04:12:27.972981+00:00
 [00285/500] modify simple     /srv/fim-watch/critico/gen_00027.txt ts=2026-09-18T04:12:31.572911+00:00
 [00286/500] create simple     /srv/fim-watch/gen_00053.txt ts=2026-09-18T04:12:35.172528+00:00
 [00287/500] modify revertido  /srv/fim-watch/gen_00040.txt ts=2026-09-18T04:12:38.772300+00:00
 [00288/500] modify revertido  /srv/fim-watch/gen_00040.txt ts=2026-09-18T04:12:42.371718+00:00
 [00289/500] modify simple     /srv/fim-watch/gen_00014.txt ts=2026-09-18T04:12:45.971811+00:00
 [00290/500] modify simple     /srv/fim-watch/critico/gen_00039.txt ts=2026-09-18T04:12:49.571534+00:00
 [00291/500] create efimero    /srv/fim-watch/gen_00054.txt ts=2026-09-18T04:12:53.171113+00:00
 [00292/500] delete efimero    /srv/fim-watch/gen_00054.txt ts=2026-09-18T04:12:56.770778+00:00
 [00293/500] create simple     /srv/fim-watch/gen_00055.txt ts=2026-09-18T04:13:00.370377+00:00
 [00294/500] create simple     /srv/fim-watch/gen_00056.txt ts=2026-09-18T04:13:03.970145+00:00
 [00295/500] modify simple     /srv/fim-watch/gen_00045.txt ts=2026-09-18T04:13:07.569961+00:00
 [00296/500] modify simple     /srv/fim-watch/gen_00041.txt ts=2026-09-18T04:13:11.169777+00:00
 [00297/500] modify simple     /srv/fim-watch/gen_00053.txt ts=2026-09-18T04:13:14.769455+00:00
 [00298/500] modify simple     /srv/fim-watch/gen_00049.txt ts=2026-09-18T04:13:18.369204+00:00
 [00299/500] modify simple     /srv/fim-watch/gen_00051.txt ts=2026-09-18T04:13:21.968711+00:00
 [00300/500] create efimero    /srv/fim-watch/critico/gen_00057.txt ts=2026-09-18T04:13:25.568243+00:00
 [00301/500] delete efimero    /srv/fim-watch/critico/gen_00057.txt ts=2026-09-18T04:13:29.168085+00:00
 [00302/500] modify revertido  /srv/fim-watch/gen_00053.txt ts=2026-09-18T04:13:32.768093+00:00
 [00303/500] modify revertido  /srv/fim-watch/gen_00053.txt ts=2026-09-18T04:13:36.367544+00:00
 [00304/500] modify simple     /srv/fim-watch/gen_00044.txt ts=2026-09-18T04:13:39.967549+00:00
 [00305/500] create simple     /srv/fim-watch/critico/gen_00058.txt ts=2026-09-18T04:13:43.566967+00:00
 [00306/500] modify simple     /srv/fim-watch/gen_00056.txt ts=2026-09-18T04:13:47.166934+00:00
 [00307/500] modify simple     /srv/fim-watch/critico/gen_00039.txt ts=2026-09-18T04:13:50.766626+00:00
 [00308/500] modify simple     /srv/fim-watch/gen_00041.txt ts=2026-09-18T04:13:54.366345+00:00
 [00309/500] modify colapsado  /srv/fim-watch/gen_00013.txt ts=2026-09-18T04:13:57.965971+00:00
 [00310/500] modify colapsado  /srv/fim-watch/gen_00013.txt ts=2026-09-18T04:14:01.565552+00:00
 [00311/500] modify colapsado  /srv/fim-watch/gen_00013.txt ts=2026-09-18T04:14:05.165499+00:00
 [00312/500] modify colapsado  /srv/fim-watch/gen_00013.txt ts=2026-09-18T04:14:08.764985+00:00
 [00313/500] modify colapsado  /srv/fim-watch/gen_00013.txt ts=2026-09-18T04:14:12.364782+00:00
 [00314/500] modify simple     /srv/fim-watch/gen_00013.txt ts=2026-09-18T04:14:15.964484+00:00
 [00315/500] modify simple     /srv/fim-watch/gen_00020.txt ts=2026-09-18T04:14:19.564296+00:00
 [00316/500] modify simple     /srv/fim-watch/critico/gen_00058.txt ts=2026-09-18T04:14:23.163821+00:00
 [00317/500] create simple     /srv/fim-watch/gen_00059.txt ts=2026-09-18T04:14:26.763492+00:00
 [00318/500] create simple     /srv/fim-watch/gen_00060.txt ts=2026-09-18T04:14:30.363185+00:00
 [00319/500] modify simple     /srv/fim-watch/critico/gen_00029.txt ts=2026-09-18T04:14:33.963098+00:00
 [00320/500] create simple     /srv/fim-watch/gen_00061.txt ts=2026-09-18T04:14:37.562770+00:00
 [00321/500] modify simple     /srv/fim-watch/critico/gen_00029.txt ts=2026-09-18T04:14:41.162323+00:00
 [00322/500] create simple     /srv/fim-watch/gen_00062.txt ts=2026-09-18T04:14:44.762016+00:00
 [00323/500] create simple     /srv/fim-watch/gen_00063.txt ts=2026-09-18T04:14:48.361668+00:00
 [00324/500] modify simple     /srv/fim-watch/gen_00062.txt ts=2026-09-18T04:14:51.961530+00:00
 [00325/500] create simple     /srv/fim-watch/gen_00064.txt ts=2026-09-18T04:14:55.561390+00:00
 [00326/500] modify simple     /srv/fim-watch/gen_00014.txt ts=2026-09-18T04:14:59.161165+00:00
 [00327/500] modify simple     /srv/fim-watch/gen_00052.txt ts=2026-09-18T04:15:02.760954+00:00
 [00328/500] modify simple     /srv/fim-watch/critico/gen_00027.txt ts=2026-09-18T04:15:06.360678+00:00
 [00329/500] modify revertido  /srv/fim-watch/gen_00064.txt ts=2026-09-18T04:15:09.960119+00:00
 [00330/500] modify revertido  /srv/fim-watch/gen_00064.txt ts=2026-09-18T04:15:13.559782+00:00
 [00331/500] modify revertido  /srv/fim-watch/gen_00025.txt ts=2026-09-18T04:15:17.159795+00:00
 [00332/500] modify revertido  /srv/fim-watch/gen_00025.txt ts=2026-09-18T04:15:20.759675+00:00
 [00333/500] modify simple     /srv/fim-watch/gen_00051.txt ts=2026-09-18T04:15:24.359049+00:00
 [00334/500] create simple     /srv/fim-watch/gen_00065.txt ts=2026-09-18T04:15:27.958654+00:00
 [00335/500] modify simple     /srv/fim-watch/critico/gen_00027.txt ts=2026-09-18T04:15:31.558520+00:00
 [00336/500] modify simple     /srv/fim-watch/gen_00045.txt ts=2026-09-18T04:15:35.158357+00:00
 [00337/500] modify simple     /srv/fim-watch/gen_00020.txt ts=2026-09-18T04:15:38.758022+00:00
 [00338/500] create simple     /srv/fim-watch/gen_00066.txt ts=2026-09-18T04:15:42.357703+00:00
 [00339/500] modify simple     /srv/fim-watch/gen_00049.txt ts=2026-09-18T04:15:45.957251+00:00
 [00340/500] modify simple     /srv/fim-watch/gen_00060.txt ts=2026-09-18T04:15:49.557135+00:00
 [00341/500] create simple     /srv/fim-watch/gen_00067.txt ts=2026-09-18T04:15:53.156582+00:00
 [00342/500] create simple     /srv/fim-watch/gen_00068.txt ts=2026-09-18T04:15:56.758010+00:00
 [00343/500] modify simple     /srv/fim-watch/gen_00053.txt ts=2026-09-18T04:16:00.356258+00:00
 [00344/500] create simple     /srv/fim-watch/gen_00069.txt ts=2026-09-18T04:16:03.955763+00:00
 [00345/500] modify revertido  /srv/fim-watch/gen_00056.txt ts=2026-09-18T04:16:07.555654+00:00
 [00346/500] modify revertido  /srv/fim-watch/gen_00056.txt ts=2026-09-18T04:16:11.155096+00:00
 [00347/500] modify simple     /srv/fim-watch/critico/gen_00058.txt ts=2026-09-18T04:16:14.755279+00:00
 [00348/500] modify simple     /srv/fim-watch/gen_00063.txt ts=2026-09-18T04:16:18.354616+00:00
 [00349/500] modify revertido  /srv/fim-watch/critico/gen_00042.txt ts=2026-09-18T04:16:21.954665+00:00
 [00350/500] modify revertido  /srv/fim-watch/critico/gen_00042.txt ts=2026-09-18T04:16:25.554039+00:00
 [00351/500] modify simple     /srv/fim-watch/gen_00067.txt ts=2026-09-18T04:16:29.153949+00:00
 [00352/500] create simple     /srv/fim-watch/gen_00070.txt ts=2026-09-18T04:16:32.753447+00:00
 [00353/500] modify simple     /srv/fim-watch/gen_00068.txt ts=2026-09-18T04:16:36.353309+00:00
 [00354/500] create simple     /srv/fim-watch/gen_00071.txt ts=2026-09-18T04:16:39.952759+00:00
 [00355/500] delete simple     /srv/fim-watch/critico/gen_00042.txt ts=2026-09-18T04:16:43.552466+00:00
 [00356/500] create efimero    /srv/fim-watch/gen_00072.txt ts=2026-09-18T04:16:47.152117+00:00
 [00357/500] delete efimero    /srv/fim-watch/gen_00072.txt ts=2026-09-18T04:16:50.751968+00:00
 [00358/500] modify revertido  /srv/fim-watch/gen_00068.txt ts=2026-09-18T04:16:54.351940+00:00
 [00359/500] modify revertido  /srv/fim-watch/gen_00068.txt ts=2026-09-18T04:16:57.951521+00:00
 [00360/500] delete simple     /srv/fim-watch/gen_00070.txt ts=2026-09-18T04:17:01.550921+00:00
 [00361/500] delete simple     /srv/fim-watch/gen_00044.txt ts=2026-09-18T04:17:05.150786+00:00
 [00362/500] modify simple     /srv/fim-watch/gen_00034.txt ts=2026-09-18T04:17:08.750574+00:00
 [00363/500] modify simple     /srv/fim-watch/gen_00059.txt ts=2026-09-18T04:17:12.350255+00:00
 [00364/500] create simple     /srv/fim-watch/gen_00073.txt ts=2026-09-18T04:17:15.949933+00:00
 [00365/500] modify simple     /srv/fim-watch/gen_00063.txt ts=2026-09-18T04:17:19.549634+00:00
 [00366/500] create simple     /srv/fim-watch/gen_00074.txt ts=2026-09-18T04:17:23.149328+00:00
 [00367/500] modify simple     /srv/fim-watch/gen_00067.txt ts=2026-09-18T04:17:26.749031+00:00
 [00368/500] modify simple     /srv/fim-watch/critico/gen_00058.txt ts=2026-09-18T04:17:30.348769+00:00
 [00369/500] create simple     /srv/fim-watch/gen_00075.txt ts=2026-09-18T04:17:33.948448+00:00
 [00370/500] create simple     /srv/fim-watch/gen_00076.txt ts=2026-09-18T04:17:37.548257+00:00
 [00371/500] modify simple     /srv/fim-watch/gen_00071.txt ts=2026-09-18T04:17:41.148423+00:00
 [00372/500] create simple     /srv/fim-watch/gen_00077.txt ts=2026-09-18T04:17:44.747580+00:00
 [00373/500] modify simple     /srv/fim-watch/gen_00064.txt ts=2026-09-18T04:17:48.347579+00:00
 [00374/500] modify simple     /srv/fim-watch/gen_00062.txt ts=2026-09-18T04:17:51.947192+00:00
 [00375/500] modify simple     /srv/fim-watch/gen_00034.txt ts=2026-09-18T04:17:55.547024+00:00
 [00376/500] modify revertido  /srv/fim-watch/critico/gen_00029.txt ts=2026-09-18T04:17:59.146917+00:00
 [00377/500] modify revertido  /srv/fim-watch/critico/gen_00029.txt ts=2026-09-18T04:18:02.746400+00:00
 [00378/500] modify simple     /srv/fim-watch/critico/gen_00039.txt ts=2026-09-18T04:18:06.346266+00:00
 [00379/500] modify simple     /srv/fim-watch/gen_00052.txt ts=2026-09-18T04:18:09.945974+00:00
 [00380/500] modify simple     /srv/fim-watch/gen_00056.txt ts=2026-09-18T04:18:13.545652+00:00
 [00381/500] modify simple     /srv/fim-watch/critico/gen_00039.txt ts=2026-09-18T04:18:17.145081+00:00
 [00382/500] modify simple     /srv/fim-watch/gen_00061.txt ts=2026-09-18T04:18:20.744824+00:00
 [00383/500] modify simple     /srv/fim-watch/gen_00049.txt ts=2026-09-18T04:18:24.344384+00:00
 [00384/500] modify simple     /srv/fim-watch/gen_00067.txt ts=2026-09-18T04:18:27.944158+00:00
 [00385/500] modify simple     /srv/fim-watch/gen_00075.txt ts=2026-09-18T04:18:31.543843+00:00
 [00386/500] modify simple     /srv/fim-watch/gen_00074.txt ts=2026-09-18T04:18:35.143502+00:00
 [00387/500] modify colapsado  /srv/fim-watch/gen_00041.txt ts=2026-09-18T04:18:38.743276+00:00
 [00388/500] modify colapsado  /srv/fim-watch/gen_00041.txt ts=2026-09-18T04:18:42.343125+00:00
 [00389/500] modify colapsado  /srv/fim-watch/gen_00041.txt ts=2026-09-18T04:18:45.943186+00:00
 [00390/500] modify colapsado  /srv/fim-watch/gen_00041.txt ts=2026-09-18T04:18:49.542613+00:00
 [00391/500] modify colapsado  /srv/fim-watch/gen_00041.txt ts=2026-09-18T04:18:53.143623+00:00
 [00392/500] modify simple     /srv/fim-watch/critico/gen_00029.txt ts=2026-09-18T04:18:56.742320+00:00
 [00393/500] create simple     /srv/fim-watch/gen_00078.txt ts=2026-09-18T04:19:00.342083+00:00
 [00394/500] modify revertido  /srv/fim-watch/critico/gen_00058.txt ts=2026-09-18T04:19:03.941682+00:00
 [00395/500] modify revertido  /srv/fim-watch/critico/gen_00058.txt ts=2026-09-18T04:19:07.541243+00:00
 [00396/500] modify simple     /srv/fim-watch/gen_00065.txt ts=2026-09-18T04:19:11.141053+00:00
 [00397/500] modify simple     /srv/fim-watch/gen_00069.txt ts=2026-09-18T04:19:14.740830+00:00
 [00398/500] modify revertido  /srv/fim-watch/critico/gen_00027.txt ts=2026-09-18T04:19:18.340593+00:00
 [00399/500] modify revertido  /srv/fim-watch/critico/gen_00027.txt ts=2026-09-18T04:19:21.940157+00:00
 [00400/500] modify simple     /srv/fim-watch/critico/gen_00039.txt ts=2026-09-18T04:19:25.539737+00:00
 [00401/500] create simple     /srv/fim-watch/gen_00079.txt ts=2026-09-18T04:19:29.139352+00:00
 [00402/500] modify revertido  /srv/fim-watch/gen_00013.txt ts=2026-09-18T04:19:32.739136+00:00
 [00403/500] modify revertido  /srv/fim-watch/gen_00013.txt ts=2026-09-18T04:19:36.339045+00:00
 [00404/500] modify colapsado  /srv/fim-watch/gen_00063.txt ts=2026-09-18T04:19:39.938634+00:00
 [00405/500] modify colapsado  /srv/fim-watch/gen_00063.txt ts=2026-09-18T04:19:43.538484+00:00
 [00406/500] modify colapsado  /srv/fim-watch/gen_00063.txt ts=2026-09-18T04:19:47.138116+00:00
 [00407/500] modify colapsado  /srv/fim-watch/gen_00063.txt ts=2026-09-18T04:19:50.737741+00:00
 [00408/500] modify colapsado  /srv/fim-watch/gen_00063.txt ts=2026-09-18T04:19:54.337617+00:00
 [00409/500] modify simple     /srv/fim-watch/gen_00077.txt ts=2026-09-18T04:19:57.937313+00:00
 [00410/500] delete simple     /srv/fim-watch/gen_00041.txt ts=2026-09-18T04:20:01.536537+00:00
 [00411/500] modify simple     /srv/fim-watch/gen_00067.txt ts=2026-09-18T04:20:05.136456+00:00
 [00412/500] modify simple     /srv/fim-watch/gen_00020.txt ts=2026-09-18T04:20:08.736318+00:00
 [00413/500] create simple     /srv/fim-watch/gen_00080.txt ts=2026-09-18T04:20:12.336098+00:00
 [00414/500] modify simple     /srv/fim-watch/gen_00067.txt ts=2026-09-18T04:20:15.935966+00:00
 [00415/500] modify simple     /srv/fim-watch/gen_00052.txt ts=2026-09-18T04:20:19.535507+00:00
 [00416/500] create simple     /srv/fim-watch/gen_00081.txt ts=2026-09-18T04:20:23.135306+00:00
 [00417/500] modify simple     /srv/fim-watch/gen_00066.txt ts=2026-09-18T04:20:26.734819+00:00
 [00418/500] modify colapsado  /srv/fim-watch/gen_00079.txt ts=2026-09-18T04:20:30.334665+00:00
 [00419/500] modify colapsado  /srv/fim-watch/gen_00079.txt ts=2026-09-18T04:20:33.934310+00:00
 [00420/500] modify colapsado  /srv/fim-watch/gen_00079.txt ts=2026-09-18T04:20:37.534390+00:00
 [00421/500] modify colapsado  /srv/fim-watch/gen_00079.txt ts=2026-09-18T04:20:41.133839+00:00
 [00422/500] modify colapsado  /srv/fim-watch/gen_00079.txt ts=2026-09-18T04:20:44.733496+00:00
 [00423/500] create simple     /srv/fim-watch/gen_00082.txt ts=2026-09-18T04:20:48.333105+00:00
 [00424/500] modify simple     /srv/fim-watch/gen_00034.txt ts=2026-09-18T04:20:51.932945+00:00
 [00425/500] modify revertido  /srv/fim-watch/critico/gen_00029.txt ts=2026-09-18T04:20:55.532553+00:00
 [00426/500] modify revertido  /srv/fim-watch/critico/gen_00029.txt ts=2026-09-18T04:20:59.132272+00:00
 [00427/500] create simple     /srv/fim-watch/gen_00083.txt ts=2026-09-18T04:21:02.732045+00:00
 [00428/500] modify revertido  /srv/fim-watch/gen_00065.txt ts=2026-09-18T04:21:06.331833+00:00
 [00429/500] modify revertido  /srv/fim-watch/gen_00065.txt ts=2026-09-18T04:21:09.931426+00:00
 [00430/500] modify colapsado  /srv/fim-watch/gen_00059.txt ts=2026-09-18T04:21:13.531218+00:00
 [00431/500] modify colapsado  /srv/fim-watch/gen_00059.txt ts=2026-09-18T04:21:17.130818+00:00
 [00432/500] modify colapsado  /srv/fim-watch/gen_00059.txt ts=2026-09-18T04:21:20.730561+00:00
 [00433/500] modify colapsado  /srv/fim-watch/gen_00059.txt ts=2026-09-18T04:21:24.330397+00:00
 [00434/500] modify colapsado  /srv/fim-watch/gen_00059.txt ts=2026-09-18T04:21:27.930197+00:00
 [00435/500] modify revertido  /srv/fim-watch/gen_00066.txt ts=2026-09-18T04:21:31.529710+00:00
 [00436/500] modify revertido  /srv/fim-watch/gen_00066.txt ts=2026-09-18T04:21:35.129393+00:00
 [00437/500] modify simple     /srv/fim-watch/gen_00071.txt ts=2026-09-18T04:21:38.729392+00:00
 [00438/500] modify simple     /srv/fim-watch/gen_00068.txt ts=2026-09-18T04:21:42.328755+00:00
 [00439/500] modify colapsado  /srv/fim-watch/gen_00077.txt ts=2026-09-18T04:21:45.928599+00:00
 [00440/500] modify colapsado  /srv/fim-watch/gen_00077.txt ts=2026-09-18T04:21:49.528537+00:00
 [00441/500] modify colapsado  /srv/fim-watch/gen_00077.txt ts=2026-09-18T04:21:53.127991+00:00
 [00442/500] modify colapsado  /srv/fim-watch/gen_00077.txt ts=2026-09-18T04:21:56.727737+00:00
 [00443/500] modify colapsado  /srv/fim-watch/gen_00077.txt ts=2026-09-18T04:22:00.327372+00:00
 [00444/500] delete simple     /srv/fim-watch/gen_00075.txt ts=2026-09-18T04:22:03.927342+00:00
 [00445/500] modify simple     /srv/fim-watch/gen_00061.txt ts=2026-09-18T04:22:07.527022+00:00
 [00446/500] delete simple     /srv/fim-watch/gen_00064.txt ts=2026-09-18T04:22:11.126441+00:00
 [00447/500] create simple     /srv/fim-watch/critico/gen_00084.txt ts=2026-09-18T04:22:14.726122+00:00
 [00448/500] create simple     /srv/fim-watch/gen_00085.txt ts=2026-09-18T04:22:18.325809+00:00
 [00449/500] modify simple     /srv/fim-watch/gen_00034.txt ts=2026-09-18T04:22:21.925516+00:00
 [00450/500] modify simple     /srv/fim-watch/gen_00045.txt ts=2026-09-18T04:22:25.525336+00:00
 [00451/500] modify simple     /srv/fim-watch/critico/gen_00024.txt ts=2026-09-18T04:22:29.125035+00:00
 [00452/500] create simple     /srv/fim-watch/gen_00086.txt ts=2026-09-18T04:22:32.724731+00:00
 [00453/500] modify simple     /srv/fim-watch/gen_00068.txt ts=2026-09-18T04:22:36.324372+00:00
 [00454/500] modify simple     /srv/fim-watch/gen_00074.txt ts=2026-09-18T04:22:39.924430+00:00
 [00455/500] create simple     /srv/fim-watch/gen_00087.txt ts=2026-09-18T04:22:43.523939+00:00
 [00456/500] create simple     /srv/fim-watch/gen_00088.txt ts=2026-09-18T04:22:47.123455+00:00
 [00457/500] create simple     /srv/fim-watch/gen_00089.txt ts=2026-09-18T04:22:50.723336+00:00
 [00458/500] delete simple     /srv/fim-watch/gen_00089.txt ts=2026-09-18T04:22:54.322910+00:00
 [00459/500] modify simple     /srv/fim-watch/gen_00051.txt ts=2026-09-18T04:22:57.922712+00:00
 [00460/500] create simple     /srv/fim-watch/gen_00090.txt ts=2026-09-18T04:23:01.522516+00:00
 [00461/500] modify simple     /srv/fim-watch/gen_00074.txt ts=2026-09-18T04:23:05.122471+00:00
 [00462/500] modify simple     /srv/fim-watch/gen_00034.txt ts=2026-09-18T04:23:08.721946+00:00
 [00463/500] modify simple     /srv/fim-watch/gen_00013.txt ts=2026-09-18T04:23:12.321725+00:00
 [00464/500] create efimero    /srv/fim-watch/critico/gen_00091.txt ts=2026-09-18T04:23:15.921441+00:00
 [00465/500] delete efimero    /srv/fim-watch/critico/gen_00091.txt ts=2026-09-18T04:23:19.520947+00:00
 [00466/500] modify simple     /srv/fim-watch/gen_00059.txt ts=2026-09-18T04:23:23.120776+00:00
 [00467/500] modify revertido  /srv/fim-watch/gen_00013.txt ts=2026-09-18T04:23:26.720797+00:00
 [00468/500] modify revertido  /srv/fim-watch/gen_00013.txt ts=2026-09-18T04:23:30.320395+00:00
 [00469/500] delete simple     /srv/fim-watch/gen_00085.txt ts=2026-09-18T04:23:33.919816+00:00
 [00470/500] create simple     /srv/fim-watch/gen_00092.txt ts=2026-09-18T04:23:37.519504+00:00
 [00471/500] modify simple     /srv/fim-watch/gen_00069.txt ts=2026-09-18T04:23:41.119447+00:00
 [00472/500] create simple     /srv/fim-watch/gen_00093.txt ts=2026-09-18T04:23:44.719126+00:00
 [00473/500] modify revertido  /srv/fim-watch/gen_00014.txt ts=2026-09-18T04:23:48.318968+00:00
 [00474/500] modify revertido  /srv/fim-watch/gen_00014.txt ts=2026-09-18T04:23:51.918317+00:00
 [00475/500] modify simple     /srv/fim-watch/gen_00014.txt ts=2026-09-18T04:23:55.518387+00:00
 [00476/500] modify simple     /srv/fim-watch/critico/gen_00029.txt ts=2026-09-18T04:23:59.117900+00:00
 [00477/500] modify revertido  /srv/fim-watch/gen_00071.txt ts=2026-09-18T04:24:02.717598+00:00
 [00478/500] modify revertido  /srv/fim-watch/gen_00071.txt ts=2026-09-18T04:24:06.317518+00:00
 [00479/500] modify simple     /srv/fim-watch/gen_00040.txt ts=2026-09-18T04:24:09.916928+00:00
 [00480/500] modify simple     /srv/fim-watch/gen_00071.txt ts=2026-09-18T04:24:13.516758+00:00
 [00481/500] modify simple     /srv/fim-watch/gen_00014.txt ts=2026-09-18T04:24:17.116339+00:00
 [00482/500] create simple     /srv/fim-watch/critico/gen_00094.txt ts=2026-09-18T04:24:20.715982+00:00
 [00483/500] modify simple     /srv/fim-watch/gen_00066.txt ts=2026-09-18T04:24:24.315720+00:00
 [00484/500] create simple     /srv/fim-watch/gen_00095.txt ts=2026-09-18T04:24:27.915489+00:00
 [00485/500] modify simple     /srv/fim-watch/gen_00063.txt ts=2026-09-18T04:24:31.515192+00:00
 [00486/500] modify simple     /srv/fim-watch/gen_00073.txt ts=2026-09-18T04:24:35.114837+00:00
 [00487/500] delete simple     /srv/fim-watch/critico/gen_00094.txt ts=2026-09-18T04:24:38.714432+00:00
 [00488/500] modify simple     /srv/fim-watch/gen_00071.txt ts=2026-09-18T04:24:42.314299+00:00
 [00489/500] modify simple     /srv/fim-watch/gen_00092.txt ts=2026-09-18T04:24:45.914127+00:00
 [00490/500] create simple     /srv/fim-watch/critico/gen_00096.txt ts=2026-09-18T04:24:49.513797+00:00
 [00491/500] create efimero    /srv/fim-watch/gen_00097.txt ts=2026-09-18T04:24:53.113554+00:00
 [00492/500] delete efimero    /srv/fim-watch/gen_00097.txt ts=2026-09-18T04:24:56.713211+00:00
 [00493/500] create simple     /srv/fim-watch/gen_00098.txt ts=2026-09-18T04:25:00.313002+00:00
 [00494/500] modify simple     /srv/fim-watch/critico/gen_00058.txt ts=2026-09-18T04:25:03.912657+00:00
 [00495/500] create simple     /srv/fim-watch/gen_00099.txt ts=2026-09-18T04:25:07.512193+00:00
 [00496/500] delete simple     /srv/fim-watch/gen_00076.txt ts=2026-09-18T04:25:11.111937+00:00
 [00497/500] modify simple     /srv/fim-watch/gen_00078.txt ts=2026-09-18T04:25:14.711643+00:00
 [00498/500] modify simple     /srv/fim-watch/gen_00056.txt ts=2026-09-18T04:25:18.311632+00:00
 [00499/500] create simple     /srv/fim-watch/gen_00100.txt ts=2026-09-18T04:25:21.910978+00:00
 [00500/500] modify simple     /srv/fim-watch/gen_00061.txt ts=2026-09-18T04:25:25.510843+00:00
========================================================================
fin_utc = 2026-09-18T04:25:25.511130+00:00  duracion_s = 1796.257
cambios_registrados = 500  errores = 0
manifiesto = /srv/evidencia/bateria3_manifiesto.json
manifiesto incremental = /srv/evidencia/bateria3_manifiesto.jsonl
========================================================================
